Archive member included to satisfy reference by file (symbol)

app/libapp.a(main.c.obj)      (--whole-archive)
app/libapp.a(flash_map_extended.c.obj)
                              (--whole-archive)
app/libapp.a(os.c.obj)        (--whole-archive)
app/libapp.a(keys.c.obj)      (--whole-archive)
app/libapp.a(image_validate.c.obj)
                              (--whole-archive)
app/libapp.a(tlv.c.obj)       (--whole-archive)
app/libapp.a(encrypted.c.obj)
                              (--whole-archive)
app/libapp.a(image_rsa.c.obj)
                              (--whole-archive)
app/libapp.a(image_ec256.c.obj)
                              (--whole-archive)
app/libapp.a(image_ed25519.c.obj)
                              (--whole-archive)
app/libapp.a(bootutil_misc.c.obj)
                              (--whole-archive)
app/libapp.a(fault_injection_hardening.c.obj)
                              (--whole-archive)
app/libapp.a(loader.c.obj)    (--whole-archive)
app/libapp.a(swap_misc.c.obj)
                              (--whole-archive)
app/libapp.a(swap_scratch.c.obj)
                              (--whole-archive)
app/libapp.a(swap_move.c.obj)
                              (--whole-archive)
app/libapp.a(caps.c.obj)      (--whole-archive)
app/libapp.a(autogen-pubkey.c.obj)
                              (--whole-archive)
app/libapp.a(nrf_cleanup.c.obj)
                              (--whole-archive)
zephyr/libzephyr.a(base64.c.obj)
                              (--whole-archive)
zephyr/libzephyr.a(cbprintf.c.obj)
                              (--whole-archive)
zephyr/libzephyr.a(cbprintf_packaged.c.obj)
                              (--whole-archive)
zephyr/libzephyr.a(crc32c_sw.c.obj)
                              (--whole-archive)
zephyr/libzephyr.a(crc32_sw.c.obj)
                              (--whole-archive)
zephyr/libzephyr.a(crc16_sw.c.obj)
                              (--whole-archive)
zephyr/libzephyr.a(crc8_sw.c.obj)
                              (--whole-archive)
zephyr/libzephyr.a(crc7_sw.c.obj)
                              (--whole-archive)
zephyr/libzephyr.a(dec.c.obj)
                              (--whole-archive)
zephyr/libzephyr.a(fdtable.c.obj)
                              (--whole-archive)
zephyr/libzephyr.a(hex.c.obj)
                              (--whole-archive)
zephyr/libzephyr.a(notify.c.obj)
                              (--whole-archive)
zephyr/libzephyr.a(printk.c.obj)
                              (--whole-archive)
zephyr/libzephyr.a(onoff.c.obj)
                              (--whole-archive)
zephyr/libzephyr.a(rb.c.obj)  (--whole-archive)
zephyr/libzephyr.a(sem.c.obj)
                              (--whole-archive)
zephyr/libzephyr.a(thread_entry.c.obj)
                              (--whole-archive)
zephyr/libzephyr.a(timeutil.c.obj)
                              (--whole-archive)
zephyr/libzephyr.a(heap.c.obj)
                              (--whole-archive)
zephyr/libzephyr.a(heap-validate.c.obj)
                              (--whole-archive)
zephyr/libzephyr.a(bitarray.c.obj)
                              (--whole-archive)
zephyr/libzephyr.a(multi_heap.c.obj)
                              (--whole-archive)
zephyr/libzephyr.a(cbprintf_nano.c.obj)
                              (--whole-archive)
zephyr/libzephyr.a(reboot.c.obj)
                              (--whole-archive)
zephyr/libzephyr.a(configs.c.obj)
                              (--whole-archive)
zephyr/libzephyr.a(soc.c.obj)
                              (--whole-archive)
zephyr/libzephyr.a(soc_nrf_common.S.obj)
                              (--whole-archive)
zephyr/libzephyr.a(validate_base_addresses.c.obj)
                              (--whole-archive)
zephyr/libzephyr.a(validate_enabled_instances.c.obj)
                              (--whole-archive)
zephyr/libzephyr.a(nrf52840_reset.c.obj)
                              (--whole-archive)
zephyr/libzephyr.a(log_minimal.c.obj)
                              (--whole-archive)
zephyr/libzephyr.a(flash_map.c.obj)
                              (--whole-archive)
zephyr/libzephyr.a(flash_map_layout.c.obj)
                              (--whole-archive)
zephyr/libzephyr.a(tracing_none.c.obj)
                              (--whole-archive)
zephyr/libzephyr.a(adp536x.c.obj)
                              (--whole-archive)
zephyr/libzephyr.a(flash_map_partition_manager.c.obj)
                              (--whole-archive)
zephyr/libzephyr.a(nrf_cc3xx_platform_abort_zephyr.c.obj)
                              (--whole-archive)
zephyr/libzephyr.a(nrf_cc3xx_platform_no_mutex_zephyr.c.obj)
                              (--whole-archive)
zephyr/libzephyr.a(serial_adapter.c.obj)
                              (--whole-archive)
zephyr/libzephyr.a(boot_serial.c.obj)
                              (--whole-archive)
zephyr/libzephyr.a(serial_recovery_cbor.c.obj)
                              (--whole-archive)
zephyr/libzephyr.a(cbor_decode.c.obj)
[...]
Memory Configuration

Name             Origin             Length             Attributes
FLASH            0x0000000000000000 0x000000000000c000 xr
SRAM             0x000000002000c4e8 0x0000000000033b18 xw
IDT_LIST         0x00000000fffff7ff 0x0000000000000800 xw
*default*        0x0000000000000000 0xffffffffffffffff

Linker script and memory map

LOAD zephyr/CMakeFiles/zephyr_pre1.dir/misc/empty_file.c.obj
LOAD zephyr/CMakeFiles/zephyr_pre1.dir/dev_handles.c.obj
LOAD zephyr/CMakeFiles/offsets.dir/./arch/arm/core/offsets/offsets.c.obj
                0x0000000000000020                _region_min_align = 0x20

.rel.plt        0x0000000000000000        0x0
 *(SORT_BY_ALIGNMENT(.rel.plt))
                [!provide]                        PROVIDE (__rel_iplt_start = .)
 *(SORT_BY_ALIGNMENT(.rel.iplt))
 .rel.iplt      0x0000000000000000        0x0 app/libapp.a(main.c.obj)
                [!provide]                        PROVIDE (__rel_iplt_end = .)

.rela.plt       0x0000000000000000        0x0
 *(SORT_BY_ALIGNMENT(.rela.plt))
                [!provide]                        PROVIDE (__rela_iplt_start = .)
 *(SORT_BY_ALIGNMENT(.rela.iplt))
                [!provide]                        PROVIDE (__rela_iplt_end = .)

.rel.dyn
 *(SORT_BY_ALIGNMENT(.rel.*))

.rela.dyn
 *(SORT_BY_ALIGNMENT(.rela.*))

/DISCARD/
 *(SORT_BY_ALIGNMENT(.plt))

/DISCARD/
 *(SORT_BY_ALIGNMENT(.iplt))
                0x0000000000000000                __rom_region_start = 0x0

rom_start       0x0000000000000000      0x144
                0x0000000000000000                . = 0x0
                0x0000000000000000                . = ALIGN (0x4)
                0x0000000000000000                . = ALIGN (0x80)
                0x0000000000000000                . = ALIGN (0x200)
                0x0000000000000000                _vector_start = .
 *(SORT_BY_ALIGNMENT(.exc_vector_table))
 *(SORT_BY_ALIGNMENT(.exc_vector_table.*))
 .exc_vector_table._vector_table_section
                0x0000000000000000       0x40 zephyr/arch/arch/arm/core/aarch32/cortex_m/libarch__arm__core__aarch32__cortex_m.a(vector_table.S.obj)
                0x0000000000000000                _vector_table
 *(SORT_BY_ALIGNMENT(.gnu.linkonce.irq_vector_table*))
 .gnu.linkonce.irq_vector_table
                0x0000000000000040      0x104 zephyr/arch/common/libisr_tables.a(isr_tables.c.obj)
                0x0000000000000040                _irq_vector_table
 *(SORT_BY_ALIGNMENT(.vectors))
                0x0000000000000144                _vector_end = .

text            0x0000000000000144     0x84f8
                0x0000000000000144                __text_region_start = .
 *(SORT_BY_ALIGNMENT(.text))
 .text          0x0000000000000144       0x30 c:/ncs/toolchains/cf2149caf2/opt/zephyr-sdk/arm-zephyr-eabi/bin/../lib/gcc/arm-zephyr-eabi/12.2.0/thumb/v8-m.main/nofp\libgcc.a(_aeabi_uldivmod.o)
                0x0000000000000144                __aeabi_uldivmod
 .text          0x0000000000000174        0x4 c:/ncs/toolchains/cf2149caf2/opt/zephyr-sdk/arm-zephyr-eabi/bin/../lib/gcc/arm-zephyr-eabi/12.2.0/thumb/v8-m.main/nofp\libgcc.a(_dvmd_tls.o)
                0x0000000000000174                __aeabi_idiv0
                0x0000000000000174                __aeabi_ldiv0
 .text          0x0000000000000178      0x29c c:/ncs/toolchains/cf2149caf2/opt/zephyr-sdk/arm-zephyr-eabi/bin/../lib/gcc/arm-zephyr-eabi/12.2.0/thumb/v8-m.main/nofp\libgcc.a(_udivmoddi4.o)
                0x0000000000000178                __udivmoddi4
 *(SORT_BY_ALIGNMENT(.text.*))
 .text.main     0x0000000000000414      0x134 app/libapp.a(main.c.obj)
                0x0000000000000414                main
 .text.flash_device_get_binding
                0x0000000000000548       0x18 app/libapp.a(flash_map_extended.c.obj)
                0x0000000000000548                flash_device_get_binding
 .text.flash_device_base
                0x0000000000000560       0x20 app/libapp.a(flash_map_extended.c.obj)
                0x0000000000000560                flash_device_base
 .text.flash_area_sector_from_off
                0x0000000000000580       0x24 app/libapp.a(flash_map_extended.c.obj)
                0x0000000000000580                flash_area_sector_from_off
 .text.os_heap_init
                0x00000000000005a4       0x10 app/libapp.a(os.c.obj)
                0x00000000000005a4                os_heap_init
 .text.bootutil_img_validate
                0x00000000000005b4      0x1fc app/libapp.a(image_validate.c.obj)
                0x00000000000005b4                bootutil_img_validate
 .text.bootutil_verify_sig
                0x00000000000007b0      0x1c0 app/libapp.a(image_rsa.c.obj)
                0x00000000000007b0                bootutil_verify_sig
 .text.boot_read_swap_size
                0x0000000000000970       0x7c app/libapp.a(bootutil_misc.c.obj)
                0x0000000000000970                boot_read_swap_size
 .text.boot_validate_slot.isra.0
                0x00000000000009ec       0xf8 app/libapp.a(loader.c.obj)
 .text.boot_swap_image
                0x0000000000000ae4       0x7c app/libapp.a(loader.c.obj)
 .text.boot_copy_region
                0x0000000000000b60       0x84 app/libapp.a(loader.c.obj)
                0x0000000000000b60                boot_copy_region
 .text.context_boot_go
                0x0000000000000be4      0x260 app/libapp.a(loader.c.obj)
                0x0000000000000be4                context_boot_go
 .text.boot_go  0x0000000000000e44       0x20 app/libapp.a(loader.c.obj)
                0x0000000000000e44                boot_go
 .text.boot_read_image_header
                0x0000000000000e64       0x9c app/libapp.a(swap_move.c.obj)
                0x0000000000000e64                boot_read_image_header
 .text.swap_read_status_bytes
                0x0000000000000f00       0xc8 app/libapp.a(swap_move.c.obj)
                0x0000000000000f00                swap_read_status_bytes
 .text.boot_slots_compatible
                0x0000000000000fc8       0x70 app/libapp.a(swap_move.c.obj)
                0x0000000000000fc8                boot_slots_compatible
 .text.swap_status_source
                0x0000000000001038       0xcc app/libapp.a(swap_move.c.obj)
                0x0000000000001038                swap_status_source
 .text.fixup_revert
                0x0000000000001104       0x98 app/libapp.a(swap_move.c.obj)
                0x0000000000001104                fixup_revert
 .text.swap_run
                0x000000000000119c      0x1ec app/libapp.a(swap_move.c.obj)
                0x000000000000119c                swap_run
 .text.nrf_cleanup_peripheral
                0x0000000000001388       0x90 app/libapp.a(nrf_cleanup.c.obj)
                0x0000000000001388                nrf_cleanup_peripheral
 .text.base64_encode
                0x0000000000001418       0xfc zephyr/libzephyr.a(base64.c.obj)
                0x0000000000001418                base64_encode
 .text.base64_decode
                0x0000000000001514      0x140 zephyr/libzephyr.a(base64.c.obj)
                0x0000000000001514                base64_decode
 .text.char_out
                0x0000000000001654       0x10 zephyr/libzephyr.a(printk.c.obj)
 .text.vprintk  0x0000000000001664       0x1c zephyr/libzephyr.a(printk.c.obj)
                0x0000000000001664                vprintk
 .text.process_event
                0x0000000000001680      0x21c zephyr/libzephyr.a(onoff.c.obj)
 .text.cbvprintf
                0x000000000000189c      0x460 zephyr/libzephyr.a(cbprintf_nano.c.obj)
                0x000000000000189c                cbvprintf
 .text.sys_reboot
                0x0000000000001cfc       0x28 zephyr/libzephyr.a(reboot.c.obj)
                0x0000000000001cfc                sys_reboot
 .text.nordicsemi_nrf91_init
                0x0000000000001d24       0x28 zephyr/libzephyr.a(soc.c.obj)
 .text.arch_busy_wait
                0x0000000000001d4c       0x14 zephyr/libzephyr.a(soc.c.obj)
                0x0000000000001d4c                arch_busy_wait
 .text.flash_area_open
                0x0000000000001d60       0x40 zephyr/libzephyr.a(flash_map.c.obj)
                0x0000000000001d60                flash_area_open
 .text.flash_area_get_sectors
                0x0000000000001da0       0x68 zephyr/libzephyr.a(flash_map_layout.c.obj)
                0x0000000000001da0                flash_area_get_sectors
 .text.nrf_cc3xx_platform_abort_init
                0x0000000000001e08        0xc zephyr/libzephyr.a(nrf_cc3xx_platform_abort_zephyr.c.obj)
                0x0000000000001e08                nrf_cc3xx_platform_abort_init
 .text.boot_uart_fifo_callback
                0x0000000000001e14       0xb0 zephyr/libzephyr.a(serial_adapter.c.obj)
 .text.console_out
                0x0000000000001ec4       0x18 zephyr/libzephyr.a(serial_adapter.c.obj)
                0x0000000000001ec4                console_out
 .text.console_read
                0x0000000000001edc       0x98 zephyr/libzephyr.a(serial_adapter.c.obj)
                0x0000000000001edc                console_read
 .text.boot_console_init
                0x0000000000001f74       0x90 zephyr/libzephyr.a(serial_adapter.c.obj)
                0x0000000000001f74                boot_console_init
 .text.boot_serial_output
                0x0000000000002004      0x11c zephyr/libzephyr.a(boot_serial.c.obj)
 .text.bs_rc_rsp
                0x0000000000002120       0x44 zephyr/libzephyr.a(boot_serial.c.obj)
 .text.boot_serial_in_dec.constprop.0
                0x0000000000002164       0x78 zephyr/libzephyr.a(boot_serial.c.obj)
 .text.boot_serial_input
                0x00000000000021dc      0x47c zephyr/libzephyr.a(boot_serial.c.obj)
                0x00000000000021dc                boot_serial_input
 .text.boot_serial_start
                0x0000000000002658       0xa8 zephyr/libzephyr.a(boot_serial.c.obj)
                0x0000000000002658                boot_serial_start
 .text.decode_Upload
                0x0000000000002700       0x40 zephyr/libzephyr.a(serial_recovery_cbor.c.obj)
 .text.decode_Member
                0x0000000000002740       0xf8 zephyr/libzephyr.a(serial_recovery_cbor.c.obj)
 .text.cbor_decode_Upload
                0x0000000000002838       0x1c zephyr/libzephyr.a(serial_recovery_cbor.c.obj)
                0x0000000000002838                cbor_decode_Upload
 .text.z_arm_cpu_idle_init
                0x0000000000002854        0xc zephyr/arch/arch/arm/core/aarch32/libarch__arm__core__aarch32.a(cpu_idle.S.obj)
                0x0000000000002854                z_arm_cpu_idle_init
 .text.arch_cpu_idle
                0x0000000000002860       0x1c zephyr/arch/arch/arm/core/aarch32/libarch__arm__core__aarch32.a(cpu_idle.S.obj)
                0x0000000000002860                arch_cpu_idle
 .text.arch_cpu_atomic_idle
                0x000000000000287c       0x14 zephyr/arch/arch/arm/core/aarch32/libarch__arm__core__aarch32.a(cpu_idle.S.obj)
                0x000000000000287c                arch_cpu_atomic_idle
 .text.z_arm_fatal_error
                0x0000000000002890       0x5c zephyr/arch/arch/arm/core/aarch32/libarch__arm__core__aarch32.a(fatal.c.obj)
                0x0000000000002890                z_arm_fatal_error
 .text.arch_irq_enable
                0x00000000000028ec       0x1c zephyr/arch/arch/arm/core/aarch32/libarch__arm__core__aarch32.a(irq_manage.c.obj)
                0x00000000000028ec                arch_irq_enable
 .text.arch_irq_is_enabled
                0x0000000000002908       0x1c zephyr/arch/arch/arm/core/aarch32/libarch__arm__core__aarch32.a(irq_manage.c.obj)
                0x0000000000002908                arch_irq_is_enabled
 .text.z_arm_irq_priority_set
                0x0000000000002924       0x2c zephyr/arch/arch/arm/core/aarch32/libarch__arm__core__aarch32.a(irq_manage.c.obj)
                0x0000000000002924                z_arm_irq_priority_set
 .text.z_SysNmiOnReset
                0x0000000000002950        0x8 zephyr/arch/arch/arm/core/aarch32/libarch__arm__core__aarch32.a(nmi_on_reset.S.obj)
                0x0000000000002950                z_SysNmiOnReset
 .text.z_arm_prep_c
                0x0000000000002958       0x38 zephyr/arch/arch/arm/core/aarch32/libarch__arm__core__aarch32.a(prep_c.c.obj)
                0x0000000000002958                z_arm_prep_c
 .text.z_arm_svc
                0x0000000000002990       0x20 zephyr/arch/arch/arm/core/aarch32/libarch__arm__core__aarch32.a(swap_helper.S.obj)
                0x0000000000002990                z_arm_svc
 .text.z_arm_switch_to_main_no_multithreading
                0x00000000000029b0       0x3c zephyr/arch/arch/arm/core/aarch32/libarch__arm__core__aarch32.a(thread.c.obj)
                0x00000000000029b0                z_arm_switch_to_main_no_multithreading
 .text._isr_wrapper
                0x00000000000029ec       0x28 zephyr/arch/arch/arm/core/aarch32/libarch__arm__core__aarch32.a(isr_wrapper.S.obj)
                0x00000000000029ec                _isr_wrapper
 .text._HandlerModeExit
                0x0000000000002a14        0x4 zephyr/arch/arch/arm/core/aarch32/cortex_m/libarch__arm__core__aarch32__cortex_m.a(exc_exit.S.obj)
                0x0000000000002a14                z_arm_int_exit
                0x0000000000002a14                z_arm_exc_exit
 .text.usage_fault.constprop.0
                0x0000000000002a18       0xac zephyr/arch/arch/arm/core/aarch32/cortex_m/libarch__arm__core__aarch32__cortex_m.a(fault.c.obj)
 .text.bus_fault.constprop.0
                0x0000000000002ac4       0xb4 zephyr/arch/arch/arm/core/aarch32/cortex_m/libarch__arm__core__aarch32__cortex_m.a(fault.c.obj)
 .text.mem_manage_fault.constprop.0
                0x0000000000002b78       0xac zephyr/arch/arch/arm/core/aarch32/cortex_m/libarch__arm__core__aarch32__cortex_m.a(fault.c.obj)
 .text.z_arm_fault
                0x0000000000002c24      0x180 zephyr/arch/arch/arm/core/aarch32/cortex_m/libarch__arm__core__aarch32__cortex_m.a(fault.c.obj)
                0x0000000000002c24                z_arm_fault
 .text.z_arm_fault_init
                0x0000000000002da4       0x18 zephyr/arch/arch/arm/core/aarch32/cortex_m/libarch__arm__core__aarch32__cortex_m.a(fault.c.obj)
                0x0000000000002da4                z_arm_fault_init
 .text.__fault  0x0000000000002dbc       0x14 zephyr/arch/arch/arm/core/aarch32/cortex_m/libarch__arm__core__aarch32__cortex_m.a(fault_s.S.obj)
                0x0000000000002dbc                z_arm_usage_fault
                0x0000000000002dbc                z_arm_mpu_fault
                0x0000000000002dbc                z_arm_exc_spurious
                0x0000000000002dbc                z_arm_debug_monitor
                0x0000000000002dbc                z_arm_hard_fault
                0x0000000000002dbc                z_arm_bus_fault
 .text.z_arm_interrupt_init
                0x0000000000002dd0       0x18 zephyr/arch/arch/arm/core/aarch32/cortex_m/libarch__arm__core__aarch32__cortex_m.a(irq_init.c.obj)
                0x0000000000002dd0                z_arm_interrupt_init
 .text._reset_section
                0x0000000000002de8       0x60 zephyr/arch/arch/arm/core/aarch32/cortex_m/libarch__arm__core__aarch32__cortex_m.a(reset.S.obj)
                0x0000000000002de8                __start
                0x0000000000002de8                z_arm_reset
 .text.sys_arch_reboot
                0x0000000000002e48       0x24 zephyr/arch/arch/arm/core/aarch32/cortex_m/libarch__arm__core__aarch32__cortex_m.a(scb.c.obj)
                0x0000000000002e48                sys_arch_reboot
 .text.z_arm_clear_arm_mpu_config
                0x0000000000002e6c       0x24 zephyr/arch/arch/arm/core/aarch32/cortex_m/libarch__arm__core__aarch32__cortex_m.a(scb.c.obj)
                0x0000000000002e6c                z_arm_clear_arm_mpu_config
 .text.z_arm_init_arch_hw_at_boot
                0x0000000000002e90       0x4c zephyr/arch/arch/arm/core/aarch32/cortex_m/libarch__arm__core__aarch32__cortex_m.a(scb.c.obj)
                0x0000000000002e90                z_arm_init_arch_hw_at_boot
 .text.z_arm_configure_static_mpu_regions
                0x0000000000002edc       0x18 zephyr/arch/arch/arm/core/aarch32/mpu/libarch__arm__core__aarch32__mpu.a(arm_core_mpu.c.obj)
                0x0000000000002edc                z_arm_configure_static_mpu_regions
 .text.region_init
                0x0000000000002ef4       0x34 zephyr/arch/arch/arm/core/aarch32/mpu/libarch__arm__core__aarch32__mpu.a(arm_mpu.c.obj)
 .text.mpu_configure_region
                0x0000000000002f28       0x50 zephyr/arch/arch/arm/core/aarch32/mpu/libarch__arm__core__aarch32__mpu.a(arm_mpu.c.obj)
 .text.mpu_configure_regions_and_partition.constprop.0
                0x0000000000002f78      0x170 zephyr/arch/arch/arm/core/aarch32/mpu/libarch__arm__core__aarch32__mpu.a(arm_mpu.c.obj)
 .text.arm_core_mpu_enable
                0x00000000000030e8       0x18 zephyr/arch/arch/arm/core/aarch32/mpu/libarch__arm__core__aarch32__mpu.a(arm_mpu.c.obj)
                0x00000000000030e8                arm_core_mpu_enable
 .text.arm_core_mpu_disable
                0x0000000000003100       0x14 zephyr/arch/arch/arm/core/aarch32/mpu/libarch__arm__core__aarch32__mpu.a(arm_mpu.c.obj)
                0x0000000000003100                arm_core_mpu_disable
 .text.arm_core_mpu_configure_static_mpu_regions
                0x0000000000003114       0x14 zephyr/arch/arch/arm/core/aarch32/mpu/libarch__arm__core__aarch32__mpu.a(arm_mpu.c.obj)
                0x0000000000003114                arm_core_mpu_configure_static_mpu_regions
 .text.z_arm_mpu_init
                0x0000000000003128       0x4c zephyr/arch/arch/arm/core/aarch32/mpu/libarch__arm__core__aarch32__mpu.a(arm_mpu.c.obj)
                0x0000000000003128                z_arm_mpu_init
 .text.onoff_stop
                0x0000000000003174       0x30 zephyr/drivers/clock_control/libdrivers__clock_control.a(clock_control_nrf.c.obj)
 .text.onoff_start
                0x00000000000031a4       0x44 zephyr/drivers/clock_control/libdrivers__clock_control.a(clock_control_nrf.c.obj)
 .text.clk_init
                0x00000000000031e8       0x60 zephyr/drivers/clock_control/libdrivers__clock_control.a(clock_control_nrf.c.obj)
 .text.clkstarted_handle.constprop.0
                0x0000000000003248       0x34 zephyr/drivers/clock_control/libdrivers__clock_control.a(clock_control_nrf.c.obj)
 .text.clock_event_handler
                0x000000000000327c       0x1c zephyr/drivers/clock_control/libdrivers__clock_control.a(clock_control_nrf.c.obj)
 .text.generic_hfclk_start
                0x0000000000003298       0x64 zephyr/drivers/clock_control/libdrivers__clock_control.a(clock_control_nrf.c.obj)
 .text.generic_hfclk_stop
                0x00000000000032fc       0x24 zephyr/drivers/clock_control/libdrivers__clock_control.a(clock_control_nrf.c.obj)
 .text.z_nrf_clock_control_lf_on
                0x0000000000003320       0xf0 zephyr/drivers/clock_control/libdrivers__clock_control.a(clock_control_nrf.c.obj)
                0x0000000000003320                z_nrf_clock_control_lf_on
 .text.gpio_nrfx_pin_interrupt_configure
                0x0000000000003410       0xc8 zephyr/drivers/gpio/libdrivers__gpio.a(gpio_nrfx.c.obj)
 .text.gpio_nrfx_init
                0x00000000000034d8       0x38 zephyr/drivers/gpio/libdrivers__gpio.a(gpio_nrfx.c.obj)
 .text.nrfx_gpio_handler
                0x0000000000003510       0x3c zephyr/drivers/gpio/libdrivers__gpio.a(gpio_nrfx.c.obj)
 .text.gpio_nrfx_pin_configure
                0x000000000000354c      0x148 zephyr/drivers/gpio/libdrivers__gpio.a(gpio_nrfx.c.obj)
 .text.flash_nrf_pages_layout
                0x0000000000003694       0x10 zephyr/drivers/flash/libdrivers__flash.a(soc_flash_nrf.c.obj)
 .text.flash_nrf_get_parameters
                0x00000000000036a4        0x8 zephyr/drivers/flash/libdrivers__flash.a(soc_flash_nrf.c.obj)
 .text.flash_nrf_erase
                0x00000000000036ac       0x6c zephyr/drivers/flash/libdrivers__flash.a(soc_flash_nrf.c.obj)
 .text.nrf_flash_init
                0x0000000000003718       0x18 zephyr/drivers/flash/libdrivers__flash.a(soc_flash_nrf.c.obj)
 .text.flash_nrf_read
                0x0000000000003730       0x38 zephyr/drivers/flash/libdrivers__flash.a(soc_flash_nrf.c.obj)
 .text.flash_nrf_write
                0x0000000000003768       0x6c zephyr/drivers/flash/libdrivers__flash.a(soc_flash_nrf.c.obj)
 .text.uarte_nrfx_poll_out
                0x00000000000037d4       0x8c zephyr/drivers/serial/libdrivers__serial.a(uart_nrfx_uarte.c.obj)
 .text.uarte_nrfx_configure
                0x0000000000003860      0x164 zephyr/drivers/serial/libdrivers__serial.a(uart_nrfx_uarte.c.obj)
 .text.uarte_instance_init.constprop.0
                0x00000000000039c4      0x164 zephyr/drivers/serial/libdrivers__serial.a(uart_nrfx_uarte.c.obj)
 .text.compare_int_lock
                0x0000000000003b28       0x40 zephyr/drivers/timer/libdrivers__timer.a(nrf_rtc_timer.c.obj)
 .text.sys_clock_timeout_handler
                0x0000000000003b68       0x80 zephyr/drivers/timer/libdrivers__timer.a(nrf_rtc_timer.c.obj)
 .text.compare_int_unlock
                0x0000000000003be8       0x4c zephyr/drivers/timer/libdrivers__timer.a(nrf_rtc_timer.c.obj)
 .text.z_nrf_rtc_timer_read
                0x0000000000003c34       0x44 zephyr/drivers/timer/libdrivers__timer.a(nrf_rtc_timer.c.obj)
                0x0000000000003c34                z_nrf_rtc_timer_read
 .text.compare_set
                0x0000000000003c78      0x140 zephyr/drivers/timer/libdrivers__timer.a(nrf_rtc_timer.c.obj)
 .text.sys_clock_driver_init
                0x0000000000003db8       0x80 zephyr/drivers/timer/libdrivers__timer.a(nrf_rtc_timer.c.obj)
 .text.rtc_nrf_isr
                0x0000000000003e38       0xdc zephyr/drivers/timer/libdrivers__timer.a(nrf_rtc_timer.c.obj)
                0x0000000000003e38                rtc_nrf_isr
 .text.sys_clock_set_timeout
                0x0000000000003f14       0x5c zephyr/drivers/timer/libdrivers__timer.a(nrf_rtc_timer.c.obj)
                0x0000000000003f14                sys_clock_set_timeout
 .text.sys_clock_elapsed
                0x0000000000003f70       0x14 zephyr/drivers/timer/libdrivers__timer.a(nrf_rtc_timer.c.obj)
                0x0000000000003f70                sys_clock_elapsed
 .text.k_sys_fatal_error_handler
                0x0000000000003f84       0x14 modules/nrf/lib/fatal_error/lib..__nrf__lib__fatal_error.a(fatal_error.c.obj)
                0x0000000000003f84                k_sys_fatal_error_handler
 .text.boot_write_magic
                0x0000000000003f98       0x1c modules/mcuboot/boot/bootutil/zephyr/libmcuboot_util.a(bootutil_public.c.obj)
                0x0000000000003f98                boot_write_magic
 .text.boot_read_swap_state
                0x0000000000003fb4       0xa0 modules/mcuboot/boot/bootutil/zephyr/libmcuboot_util.a(bootutil_public.c.obj)
                0x0000000000003fb4                boot_read_swap_state
 .text.boot_swap_type_multi
                0x0000000000004054       0xec modules/mcuboot/boot/bootutil/zephyr/libmcuboot_util.a(bootutil_public.c.obj)
                0x0000000000004054                boot_swap_type_multi
 .text.verify_header
                0x0000000000004140       0x40 modules/mbedtls/libmodules__mbedtls.a(memory_buffer_alloc.c.obj)
 .text.verify_chain
                0x0000000000004180       0x3c modules/mbedtls/libmodules__mbedtls.a(memory_buffer_alloc.c.obj)
 .text.buffer_alloc_calloc
                0x00000000000041bc      0x118 modules/mbedtls/libmodules__mbedtls.a(memory_buffer_alloc.c.obj)
 .text.buffer_alloc_free
                0x00000000000042d4      0x114 modules/mbedtls/libmodules__mbedtls.a(memory_buffer_alloc.c.obj)
 .text.mbedtls_memory_buffer_alloc_init
                0x00000000000043e8       0x64 modules/mbedtls/libmodules__mbedtls.a(memory_buffer_alloc.c.obj)
                0x00000000000043e8                mbedtls_memory_buffer_alloc_init
 .text.mbedtls_calloc
                0x000000000000444c        0xc modules/mbedtls/libmodules__mbedtls.a(platform.c.obj)
                0x000000000000444c                mbedtls_calloc
 .text.mbedtls_free
                0x0000000000004458        0xc modules/mbedtls/libmodules__mbedtls.a(platform.c.obj)
                0x0000000000004458                mbedtls_free
 .text.mbedtls_platform_set_calloc_free
                0x0000000000004464       0x14 modules/mbedtls/libmodules__mbedtls.a(platform.c.obj)
                0x0000000000004464                mbedtls_platform_set_calloc_free
 .text.rsa_check_context.constprop.0
                0x0000000000004478       0xb8 modules/mbedtls/libmodules__mbedtls.a(rsa.c.obj)
 .text.mbedtls_rsa_check_pubkey
                0x0000000000004530       0x4c modules/mbedtls/libmodules__mbedtls.a(rsa.c.obj)
                0x0000000000004530                mbedtls_rsa_check_pubkey
 .text.mbedtls_rsa_public
                0x000000000000457c       0x90 modules/mbedtls/libmodules__mbedtls.a(rsa.c.obj)
                0x000000000000457c                mbedtls_rsa_public
 .text.mbedtls_sha256_starts
                0x000000000000460c       0xc4 modules/mbedtls/libmodules__mbedtls.a(sha256.c.obj)
                0x000000000000460c                mbedtls_sha256_starts
 .text.mbedtls_internal_sha256_process
                0x00000000000046d0      0x148 modules/mbedtls/libmodules__mbedtls.a(sha256.c.obj)
                0x00000000000046d0                mbedtls_internal_sha256_process
 .text.SystemInit
                0x0000000000004818      0x180 modules/hal_nordic/nrfx/libmodules__hal_nordic__nrfx.a(system_nrf9160.c.obj)
                0x0000000000004818                SystemInit
 .text.nrfx_flag32_alloc
                0x0000000000004998       0x34 modules/hal_nordic/nrfx/libmodules__hal_nordic__nrfx.a(nrfx_flag32_allocator.c.obj)
                0x0000000000004998                nrfx_flag32_alloc
 .text.nrfx_flag32_free
                0x00000000000049cc       0x38 modules/hal_nordic/nrfx/libmodules__hal_nordic__nrfx.a(nrfx_flag32_allocator.c.obj)
                0x00000000000049cc                nrfx_flag32_free
 .text.nrfx_clock_init
                0x0000000000004a04       0x20 modules/hal_nordic/nrfx/libmodules__hal_nordic__nrfx.a(nrfx_clock.c.obj)
                0x0000000000004a04                nrfx_clock_init
 .text.nrfx_power_clock_irq_handler
                0x0000000000004a24       0x68 modules/hal_nordic/nrfx/libmodules__hal_nordic__nrfx.a(nrfx_clock.c.obj)
                0x0000000000004a24                nrfx_power_clock_irq_handler
 .text.nrfx_dppi_channel_alloc
                0x0000000000004a8c        0xc modules/hal_nordic/nrfx/libmodules__hal_nordic__nrfx.a(nrfx_dppi.c.obj)
                0x0000000000004a8c                nrfx_dppi_channel_alloc
 .text.nrf_gpio_cfg_sense_set
                0x0000000000004a98       0x20 modules/hal_nordic/nrfx/libmodules__hal_nordic__nrfx.a(nrfx_gpiote.c.obj)
 .text.pin_in_use_by_te
                0x0000000000004ab8       0x14 modules/hal_nordic/nrfx/libmodules__hal_nordic__nrfx.a(nrfx_gpiote.c.obj)
 .text.call_handler
                0x0000000000004acc       0x3c modules/hal_nordic/nrfx/libmodules__hal_nordic__nrfx.a(nrfx_gpiote.c.obj)
 .text.release_handler
                0x0000000000004b08       0x54 modules/hal_nordic/nrfx/libmodules__hal_nordic__nrfx.a(nrfx_gpiote.c.obj)
 .text.pin_handler_trigger_uninit
                0x0000000000004b5c       0x3c modules/hal_nordic/nrfx/libmodules__hal_nordic__nrfx.a(nrfx_gpiote.c.obj)
 .text.nrfx_gpiote_input_configure
                0x0000000000004b98      0x154 modules/hal_nordic/nrfx/libmodules__hal_nordic__nrfx.a(nrfx_gpiote.c.obj)
                0x0000000000004b98                nrfx_gpiote_input_configure
 .text.nrfx_gpiote_output_configure
                0x0000000000004cec      0x120 modules/hal_nordic/nrfx/libmodules__hal_nordic__nrfx.a(nrfx_gpiote.c.obj)
                0x0000000000004cec                nrfx_gpiote_output_configure
 .text.nrfx_gpiote_global_callback_set
                0x0000000000004e0c        0xc modules/hal_nordic/nrfx/libmodules__hal_nordic__nrfx.a(nrfx_gpiote.c.obj)
                0x0000000000004e0c                nrfx_gpiote_global_callback_set
 .text.nrfx_gpiote_channel_get
                0x0000000000004e18       0x2c modules/hal_nordic/nrfx/libmodules__hal_nordic__nrfx.a(nrfx_gpiote.c.obj)
                0x0000000000004e18                nrfx_gpiote_channel_get
 .text.nrfx_gpiote_init
                0x0000000000004e44       0x50 modules/hal_nordic/nrfx/libmodules__hal_nordic__nrfx.a(nrfx_gpiote.c.obj)
                0x0000000000004e44                nrfx_gpiote_init
 .text.nrfx_gpiote_is_init
                0x0000000000004e94       0x14 modules/hal_nordic/nrfx/libmodules__hal_nordic__nrfx.a(nrfx_gpiote.c.obj)
                0x0000000000004e94                nrfx_gpiote_is_init
 .text.nrfx_gpiote_channel_free
                0x0000000000004ea8        0xc modules/hal_nordic/nrfx/libmodules__hal_nordic__nrfx.a(nrfx_gpiote.c.obj)
                0x0000000000004ea8                nrfx_gpiote_channel_free
 .text.nrfx_gpiote_channel_alloc
                0x0000000000004eb4        0xc modules/hal_nordic/nrfx/libmodules__hal_nordic__nrfx.a(nrfx_gpiote.c.obj)
                0x0000000000004eb4                nrfx_gpiote_channel_alloc
 .text.nrfx_gpiote_trigger_enable
                0x0000000000004ec0       0x88 modules/hal_nordic/nrfx/libmodules__hal_nordic__nrfx.a(nrfx_gpiote.c.obj)
                0x0000000000004ec0                nrfx_gpiote_trigger_enable
 .text.nrfx_gpiote_trigger_disable
                0x0000000000004f48       0x50 modules/hal_nordic/nrfx/libmodules__hal_nordic__nrfx.a(nrfx_gpiote.c.obj)
                0x0000000000004f48                nrfx_gpiote_trigger_disable
 .text.nrfx_gpiote_pin_uninit
                0x0000000000004f98       0x44 modules/hal_nordic/nrfx/libmodules__hal_nordic__nrfx.a(nrfx_gpiote.c.obj)
                0x0000000000004f98                nrfx_gpiote_pin_uninit
 .text.nrfx_gpiote_irq_handler
                0x0000000000004fdc      0x154 modules/hal_nordic/nrfx/libmodules__hal_nordic__nrfx.a(nrfx_gpiote.c.obj)
                0x0000000000004fdc                nrfx_gpiote_irq_handler
 .text.nvmc_readonly_mode_set
                0x0000000000005130       0x14 modules/hal_nordic/nrfx/libmodules__hal_nordic__nrfx.a(nrfx_nvmc.c.obj)
 .text.nvmc_word_write
                0x0000000000005144       0x18 modules/hal_nordic/nrfx/libmodules__hal_nordic__nrfx.a(nrfx_nvmc.c.obj)
 .text.nrfx_nvmc_page_erase
                0x000000000000515c       0x3c modules/hal_nordic/nrfx/libmodules__hal_nordic__nrfx.a(nrfx_nvmc.c.obj)
                0x000000000000515c                nrfx_nvmc_page_erase
 .text.nrfx_nvmc_word_write
                0x0000000000005198       0x20 modules/hal_nordic/nrfx/libmodules__hal_nordic__nrfx.a(nrfx_nvmc.c.obj)
                0x0000000000005198                nrfx_nvmc_word_write
 .text.z_sys_init_run_level
                0x00000000000051b8       0x40 zephyr/kernel/libkernel.a(device.c.obj)
                0x00000000000051b8                z_sys_init_run_level
 .text.z_impl_device_get_binding
                0x00000000000051f8       0x54 zephyr/kernel/libkernel.a(device.c.obj)
                0x00000000000051f8                z_impl_device_get_binding
 .text.z_fatal_error
                0x000000000000524c       0x7c zephyr/kernel/libkernel.a(fatal.c.obj)
                0x000000000000524c                z_fatal_error
 .text.bg_thread_main
                0x00000000000052c8       0x30 zephyr/kernel/libkernel.a(init.c.obj)
 .text.z_bss_zero
                0x00000000000052f8       0x14 zephyr/kernel/libkernel.a(init.c.obj)
                0x00000000000052f8                z_bss_zero
 .text.z_cstart
                0x000000000000530c       0x74 zephyr/kernel/libkernel.a(init.c.obj)
                0x000000000000530c                z_cstart
 .text.z_data_copy
                0x0000000000005380       0x34 zephyr/kernel/libkernel.a(xip.c.obj)
                0x0000000000005380                z_data_copy
 .text.elapsed  0x00000000000053b4       0x14 zephyr/kernel/libkernel.a(timeout.c.obj)
 .text.next_timeout
                0x00000000000053c8       0x44 zephyr/kernel/libkernel.a(timeout.c.obj)
 .text.remove_timeout
                0x000000000000540c       0x34 zephyr/kernel/libkernel.a(timeout.c.obj)
 .text.sys_clock_announce
                0x0000000000005440       0xb0 zephyr/kernel/libkernel.a(timeout.c.obj)
                0x0000000000005440                sys_clock_announce
 .text.nrf_cc3xx_platform_init_no_rng
                0x00000000000054f0       0x38 C:/ncs/v1.9.0/nrfxlib/crypto/nrf_cc310_platform/lib/cortex-m33/soft-float/no-interrupts/libnrf_cc310_platform_0.9.13.a(nrf_cc3xx_platform.c.obj)
                0x00000000000054f0                nrf_cc3xx_platform_init_no_rng
 .text.nrf_cc3xx_platform_abort
                0x0000000000005528       0x24 C:/ncs/v1.9.0/nrfxlib/crypto/nrf_cc310_platform/lib/cortex-m33/soft-float/no-interrupts/libnrf_cc310_platform_0.9.13.a(nrf_cc3xx_platform_abort.c.obj)
 .text.CC_PalAbort
                0x000000000000554c       0x38 C:/ncs/v1.9.0/nrfxlib/crypto/nrf_cc310_platform/lib/cortex-m33/soft-float/no-interrupts/libnrf_cc310_platform_0.9.13.a(nrf_cc3xx_platform_abort.c.obj)
                0x000000000000554c                CC_PalAbort
 .text.nrf_cc3xx_platform_set_abort
                0x0000000000005584       0x10 C:/ncs/v1.9.0/nrfxlib/crypto/nrf_cc310_platform/lib/cortex-m33/soft-float/no-interrupts/libnrf_cc310_platform_0.9.13.a(nrf_cc3xx_platform_abort.c.obj)
                0x0000000000005584                nrf_cc3xx_platform_set_abort
 .text.mbedtls_platform_zeroize
                0x0000000000005594       0x14 C:/ncs/v1.9.0/nrfxlib/crypto/nrf_cc310_platform/lib/cortex-m33/soft-float/no-interrupts/libnrf_cc310_platform_0.9.13.a(mbedtls_common.c.obj)
                0x0000000000005594                mbedtls_platform_zeroize
 .text.CC_LibInitNoRng
                0x00000000000055a8       0x6c C:/ncs/v1.9.0/nrfxlib/crypto/nrf_cc310_platform/lib/cortex-m33/soft-float/no-interrupts/libnrf_cc310_platform_0.9.13.a(cc_lib.c.obj)
                0x00000000000055a8                CC_LibInitNoRng
 .text.CC_HalInit
                0x0000000000005614        0x4 C:/ncs/v1.9.0/nrfxlib/crypto/nrf_cc310_platform/lib/cortex-m33/soft-float/no-interrupts/libnrf_cc310_platform_0.9.13.a(cc_hal.c.obj)
                0x0000000000005614                CC_HalInit
 .text.CC_HalTerminate
                0x0000000000005618        0x4 C:/ncs/v1.9.0/nrfxlib/crypto/nrf_cc310_platform/lib/cortex-m33/soft-float/no-interrupts/libnrf_cc310_platform_0.9.13.a(cc_hal.c.obj)
                0x0000000000005618                CC_HalTerminate
 .text.CC_HalMaskInterrupt
                0x000000000000561c        0xc C:/ncs/v1.9.0/nrfxlib/crypto/nrf_cc310_platform/lib/cortex-m33/soft-float/no-interrupts/libnrf_cc310_platform_0.9.13.a(cc_hal.c.obj)
                0x000000000000561c                CC_HalMaskInterrupt
 .text.CC_PalInit
                0x0000000000005628       0x5c C:/ncs/v1.9.0/nrfxlib/crypto/nrf_cc310_platform/lib/cortex-m33/soft-float/no-interrupts/libnrf_cc310_platform_0.9.13.a(cc_pal.c.obj)
                0x0000000000005628                CC_PalInit
 .text.CC_PalTerminate
                0x0000000000005684       0x34 C:/ncs/v1.9.0/nrfxlib/crypto/nrf_cc310_platform/lib/cortex-m33/soft-float/no-interrupts/libnrf_cc310_platform_0.9.13.a(cc_pal.c.obj)
                0x0000000000005684                CC_PalTerminate
 .text.CC_PalDmaInit
                0x00000000000056b8        0x4 C:/ncs/v1.9.0/nrfxlib/crypto/nrf_cc310_platform/lib/cortex-m33/soft-float/no-interrupts/libnrf_cc310_platform_0.9.13.a(cc_pal_dma.c.obj)
                0x00000000000056b8                CC_PalDmaInit
 .text.CC_PalDmaTerminate
                0x00000000000056bc        0x4 C:/ncs/v1.9.0/nrfxlib/crypto/nrf_cc310_platform/lib/cortex-m33/soft-float/no-interrupts/libnrf_cc310_platform_0.9.13.a(cc_pal_dma.c.obj)
                0x00000000000056bc                CC_PalDmaTerminate
 .text.CC_PalMutexCreate
                0x00000000000056c0       0x14 C:/ncs/v1.9.0/nrfxlib/crypto/nrf_cc310_platform/lib/cortex-m33/soft-float/no-interrupts/libnrf_cc310_platform_0.9.13.a(cc_pal_mutex.c.obj)
                0x00000000000056c0                CC_PalMutexCreate
 .text.CC_PalMutexDestroy
                0x00000000000056d4       0x14 C:/ncs/v1.9.0/nrfxlib/crypto/nrf_cc310_platform/lib/cortex-m33/soft-float/no-interrupts/libnrf_cc310_platform_0.9.13.a(cc_pal_mutex.c.obj)
                0x00000000000056d4                CC_PalMutexDestroy
 .text.CC_PalPowerSaveModeInit
                0x00000000000056e8       0x3c C:/ncs/v1.9.0/nrfxlib/crypto/nrf_cc310_platform/lib/cortex-m33/soft-float/no-interrupts/libnrf_cc310_platform_0.9.13.a(cc_pal_pm.c.obj)
                0x00000000000056e8                CC_PalPowerSaveModeInit
 .text.CC_PalPowerSaveModeSelect
                0x0000000000005724       0x84 C:/ncs/v1.9.0/nrfxlib/crypto/nrf_cc310_platform/lib/cortex-m33/soft-float/no-interrupts/libnrf_cc310_platform_0.9.13.a(cc_pal_pm.c.obj)
                0x0000000000005724                CC_PalPowerSaveModeSelect
 .text.mutex_free
                0x00000000000057a8       0x28 C:/ncs/v1.9.0/nrfxlib/crypto/nrf_cc310_platform/lib/cortex-m33/soft-float/no-interrupts/libnrf_cc310_platform_0.9.13.a(nrf_cc3xx_platform_mutex.c.obj)
 .text.mutex_unlock
                0x00000000000057d0       0x2c C:/ncs/v1.9.0/nrfxlib/crypto/nrf_cc310_platform/lib/cortex-m33/soft-float/no-interrupts/libnrf_cc310_platform_0.9.13.a(nrf_cc3xx_platform_mutex.c.obj)
 .text.mutex_init
                0x00000000000057fc       0x1c C:/ncs/v1.9.0/nrfxlib/crypto/nrf_cc310_platform/lib/cortex-m33/soft-float/no-interrupts/libnrf_cc310_platform_0.9.13.a(nrf_cc3xx_platform_mutex.c.obj)
 .text.mutex_lock
                0x0000000000005818       0x3c C:/ncs/v1.9.0/nrfxlib/crypto/nrf_cc310_platform/lib/cortex-m33/soft-float/no-interrupts/libnrf_cc310_platform_0.9.13.a(nrf_cc3xx_platform_mutex.c.obj)
 .text._OffsetAbsSyms
                0x0000000000005854        0x2 zephyr/CMakeFiles/offsets.dir/./arch/arm/core/offsets/offsets.c.obj
                0x0000000000005854                _OffsetAbsSyms
 .text.flash_area_id_from_multi_image_slot
                0x0000000000005856       0x12 app/libapp.a(flash_map_extended.c.obj)
                0x0000000000005856                flash_area_id_from_multi_image_slot
 .text.flash_area_get_device_id
                0x0000000000005868        0x4 app/libapp.a(flash_map_extended.c.obj)
                0x0000000000005868                flash_area_get_device_id
 .text.bootutil_tlv_iter_begin
                0x000000000000586c       0x98 app/libapp.a(tlv.c.obj)
                0x000000000000586c                bootutil_tlv_iter_begin
 .text.bootutil_tlv_iter_next
                0x0000000000005904       0x96 app/libapp.a(tlv.c.obj)
                0x0000000000005904                bootutil_tlv_iter_next
 .text.boot_fih_memequal
                0x000000000000599a        0x4 app/libapp.a(bootutil_misc.c.obj)
                0x000000000000599a                boot_fih_memequal
 .text.boot_trailer_sz
                0x000000000000599e        0xa app/libapp.a(bootutil_misc.c.obj)
                0x000000000000599e                boot_trailer_sz
 .text.boot_status_entries
                0x00000000000059a8       0x1a app/libapp.a(bootutil_misc.c.obj)
                0x00000000000059a8                boot_status_entries
 .text.boot_status_off
                0x00000000000059c2       0x18 app/libapp.a(bootutil_misc.c.obj)
                0x00000000000059c2                boot_status_off
 .text.boot_write_copy_done
                0x00000000000059da        0xa app/libapp.a(bootutil_misc.c.obj)
                0x00000000000059da                boot_write_copy_done
 .text.boot_write_swap_size
                0x00000000000059e4       0x1e app/libapp.a(bootutil_misc.c.obj)
                0x00000000000059e4                boot_write_swap_size
 .text.boot_read_image_headers
                0x0000000000005a02       0x2c app/libapp.a(loader.c.obj)
 .text.boot_read_image_size.constprop.0.isra.0
                0x0000000000005a2e       0x82 app/libapp.a(loader.c.obj)
 .text.boot_read_sectors
                0x0000000000005ab0       0x44 app/libapp.a(loader.c.obj)
 .text.boot_status_reset
                0x0000000000005af4       0x12 app/libapp.a(loader.c.obj)
                0x0000000000005af4                boot_status_reset
 .text.boot_status_is_reset
                0x0000000000005b06       0x1a app/libapp.a(loader.c.obj)
                0x0000000000005b06                boot_status_is_reset
 .text.boot_write_status
                0x0000000000005b20       0x64 app/libapp.a(loader.c.obj)
                0x0000000000005b20                boot_write_status
 .text.boot_erase_region
                0x0000000000005b84        0x4 app/libapp.a(loader.c.obj)
                0x0000000000005b84                boot_erase_region
 .text.swap_erase_trailer_sectors
                0x0000000000005b88       0x6c app/libapp.a(swap_misc.c.obj)
                0x0000000000005b88                swap_erase_trailer_sectors
 .text.swap_status_init
                0x0000000000005bf4       0x3e app/libapp.a(swap_misc.c.obj)
                0x0000000000005bf4                swap_status_init
 .text.swap_read_status
                0x0000000000005c32       0x78 app/libapp.a(swap_misc.c.obj)
                0x0000000000005c32                swap_read_status
 .text.swap_set_copy_done
                0x0000000000005caa       0x24 app/libapp.a(swap_misc.c.obj)
                0x0000000000005caa                swap_set_copy_done
 .text.swap_set_image_ok
                0x0000000000005cce       0x3c app/libapp.a(swap_misc.c.obj)
                0x0000000000005cce                swap_set_image_ok
 .text.boot_status_internal_off
                0x0000000000005d0a       0x26 app/libapp.a(swap_move.c.obj)
                0x0000000000005d0a                boot_status_internal_off
 .text.crc16    0x0000000000005d30       0x52 zephyr/libzephyr.a(crc16_sw.c.obj)
                0x0000000000005d30                crc16
 .text.sys_notify_validate
                0x0000000000005d82       0x22 zephyr/libzephyr.a(notify.c.obj)
                0x0000000000005d82                sys_notify_validate
 .text.sys_notify_finalize
                0x0000000000005da4       0x1a zephyr/libzephyr.a(notify.c.obj)
                0x0000000000005da4                sys_notify_finalize
 .text.arch_printk_char_out
                0x0000000000005dbe        0x4 zephyr/libzephyr.a(printk.c.obj)
                0x0000000000005dbe                arch_printk_char_out
 .text.printk   0x0000000000005dc2       0x1a zephyr/libzephyr.a(printk.c.obj)
                0x0000000000005dc2                printk
 .text.process_recheck
                0x0000000000005ddc       0x38 zephyr/libzephyr.a(onoff.c.obj)
 .text.validate_args
                0x0000000000005e14       0x20 zephyr/libzephyr.a(onoff.c.obj)
 .text.notify_one
                0x0000000000005e34       0x2c zephyr/libzephyr.a(onoff.c.obj)
 .text.transition_complete
                0x0000000000005e60       0x1c zephyr/libzephyr.a(onoff.c.obj)
 .text.onoff_manager_init
                0x0000000000005e7c       0x26 zephyr/libzephyr.a(onoff.c.obj)
                0x0000000000005e7c                onoff_manager_init
 .text.onoff_request
                0x0000000000005ea2       0xb0 zephyr/libzephyr.a(onoff.c.obj)
                0x0000000000005ea2                onoff_request
 .text._ConfigAbsSyms
                0x0000000000005f52        0x2 zephyr/libzephyr.a(configs.c.obj)
                0x0000000000005f52                _ConfigAbsSyms
 .text.z_log_minimal_printk
                0x0000000000005f54       0x1a zephyr/libzephyr.a(log_minimal.c.obj)
                0x0000000000005f54                z_log_minimal_printk
 .text.flash_area_close
                0x0000000000005f6e        0x2 zephyr/libzephyr.a(flash_map.c.obj)
                0x0000000000005f6e                flash_area_close
 .text.flash_area_read
                0x0000000000005f70       0x38 zephyr/libzephyr.a(flash_map.c.obj)
                0x0000000000005f70                flash_area_read
 .text.flash_area_write
                0x0000000000005fa8       0x66 zephyr/libzephyr.a(flash_map.c.obj)
                0x0000000000005fa8                flash_area_write
 .text.flash_area_erase
                0x000000000000600e       0x5e zephyr/libzephyr.a(flash_map.c.obj)
                0x000000000000600e                flash_area_erase
 .text.flash_area_align
                0x000000000000606c       0x12 zephyr/libzephyr.a(flash_map.c.obj)
                0x000000000000606c                flash_area_align
 .text.flash_area_erased_val
                0x000000000000607e       0x12 zephyr/libzephyr.a(flash_map.c.obj)
                0x000000000000607e                flash_area_erased_val
 .text.get_sectors_cb
                0x0000000000006090       0x40 zephyr/libzephyr.a(flash_map_layout.c.obj)
 .text.abort_function
                0x00000000000060d0        0x8 zephyr/libzephyr.a(nrf_cc3xx_platform_abort_zephyr.c.obj)
 .text.nrf_cc3xx_platform_mutex_init
                0x00000000000060d8        0x2 zephyr/libzephyr.a(nrf_cc3xx_platform_no_mutex_zephyr.c.obj)
                0x00000000000060d8                nrf_cc3xx_platform_mutex_init
 .text.console_write
                0x00000000000060da       0x1c zephyr/libzephyr.a(serial_adapter.c.obj)
                0x00000000000060da                console_write
 .text.u32toa   0x00000000000060f6       0x44 zephyr/libzephyr.a(boot_serial.c.obj)
 .text.value_extract
                0x000000000000613a       0x76 zephyr/libzephyr.a(cbor_decode.c.obj)
 .text.strx_start_decode
                0x00000000000061b0       0x3e zephyr/libzephyr.a(cbor_decode.c.obj)
 .text.list_map_start_decode
                0x00000000000061ee       0x3a zephyr/libzephyr.a(cbor_decode.c.obj)
 .text.intx32_decode
                0x0000000000006228       0x44 zephyr/libzephyr.a(cbor_decode.c.obj)
                0x0000000000006228                intx32_decode
 .text.strx_decode
                0x000000000000626c       0x16 zephyr/libzephyr.a(cbor_decode.c.obj)
                0x000000000000626c                strx_decode
 .text.strx_expect
                0x0000000000006282       0x38 zephyr/libzephyr.a(cbor_decode.c.obj)
                0x0000000000006282                strx_expect
 .text.bstrx_decode
                0x00000000000062ba        0x6 zephyr/libzephyr.a(cbor_decode.c.obj)
                0x00000000000062ba                bstrx_decode
 .text.tstrx_expect
                0x00000000000062c0        0x6 zephyr/libzephyr.a(cbor_decode.c.obj)
                0x00000000000062c0                tstrx_expect
 .text.map_start_decode
                0x00000000000062c6       0x14 zephyr/libzephyr.a(cbor_decode.c.obj)
                0x00000000000062c6                map_start_decode
 .text.list_map_end_decode
                0x00000000000062da        0x8 zephyr/libzephyr.a(cbor_decode.c.obj)
                0x00000000000062da                list_map_end_decode
 .text.map_end_decode
                0x00000000000062e2        0x4 zephyr/libzephyr.a(cbor_decode.c.obj)
                0x00000000000062e2                map_end_decode
 .text.multi_decode
                0x00000000000062e6       0x4c zephyr/libzephyr.a(cbor_decode.c.obj)
                0x00000000000062e6                multi_decode
 .text.get_result_len
                0x0000000000006332       0x3c zephyr/libzephyr.a(cbor_encode.c.obj)
 .text.get_additional
                0x000000000000636e       0x2a zephyr/libzephyr.a(cbor_encode.c.obj)
                0x000000000000636e                get_additional
 .text.value_encode
                0x0000000000006398       0x60 zephyr/libzephyr.a(cbor_encode.c.obj)
 .text.strx_encode
                0x00000000000063f8       0x60 zephyr/libzephyr.a(cbor_encode.c.obj)
 .text.uintx32_put
                0x0000000000006458       0x16 zephyr/libzephyr.a(cbor_encode.c.obj)
                0x0000000000006458                uintx32_put
 .text.tstrx_encode
                0x000000000000646e        0x6 zephyr/libzephyr.a(cbor_encode.c.obj)
                0x000000000000646e                tstrx_encode
 .text.list_start_encode
                0x0000000000006474       0x18 zephyr/libzephyr.a(cbor_encode.c.obj)
                0x0000000000006474                list_start_encode
 .text.map_start_encode
                0x000000000000648c       0x18 zephyr/libzephyr.a(cbor_encode.c.obj)
                0x000000000000648c                map_start_encode
 .text.list_end_encode
                0x00000000000064a4       0x18 zephyr/libzephyr.a(cbor_encode.c.obj)
                0x00000000000064a4                list_end_encode
 .text.map_end_encode
                0x00000000000064bc        0x4 zephyr/libzephyr.a(cbor_encode.c.obj)
                0x00000000000064bc                map_end_encode
 .text.new_backup
                0x00000000000064c0       0x2c zephyr/libzephyr.a(cbor_common.c.obj)
                0x00000000000064c0                new_backup
 .text.restore_backup
                0x00000000000064ec       0x4a zephyr/libzephyr.a(cbor_common.c.obj)
                0x00000000000064ec                restore_backup
 .text.union_start_code
                0x0000000000006536        0x6 zephyr/libzephyr.a(cbor_common.c.obj)
                0x0000000000006536                union_start_code
 .text.union_elem_code
                0x000000000000653c        0x8 zephyr/libzephyr.a(cbor_common.c.obj)
                0x000000000000653c                union_elem_code
 .text.union_end_code
                0x0000000000006544        0x8 zephyr/libzephyr.a(cbor_common.c.obj)
                0x0000000000006544                union_end_code
 .text.entry_function
                0x000000000000654c       0x64 zephyr/libzephyr.a(cbor_common.c.obj)
                0x000000000000654c                entry_function
 .text.z_do_kernel_oops
                0x00000000000065b0        0x8 zephyr/arch/arch/arm/core/aarch32/libarch__arm__core__aarch32.a(fatal.c.obj)
                0x00000000000065b0                z_do_kernel_oops
 .text.z_irq_spurious
                0x00000000000065b8        0x8 zephyr/arch/arch/arm/core/aarch32/libarch__arm__core__aarch32.a(irq_manage.c.obj)
                0x00000000000065b8                z_irq_spurious
 .text.z_arm_nmi
                0x00000000000065c0        0xe zephyr/arch/arch/arm/core/aarch32/libarch__arm__core__aarch32.a(nmi.c.obj)
                0x00000000000065c0                z_arm_nmi
 .text.arm_cmse_mpu_region_get
                0x00000000000065ce       0x12 zephyr/arch/arch/arm/core/aarch32/cortex_m/cmse/libarch__arm__core__aarch32__cortex_m__cmse.a(arm_core_cmse.c.obj)
                0x00000000000065ce                arm_cmse_mpu_region_get
 .text.strlen   0x00000000000065e0        0xe zephyr/lib/libc/minimal/liblib__libc__minimal.a(string.c.obj)
                0x00000000000065e0                strlen
 .text.strcmp   0x00000000000065ee       0x18 zephyr/lib/libc/minimal/liblib__libc__minimal.a(string.c.obj)
                0x00000000000065ee                strcmp
 .text.memcmp   0x0000000000006606       0x20 zephyr/lib/libc/minimal/liblib__libc__minimal.a(string.c.obj)
                0x0000000000006606                memcmp
 .text.memmove  0x0000000000006626       0x2e zephyr/lib/libc/minimal/liblib__libc__minimal.a(string.c.obj)
                0x0000000000006626                memmove
 .text.memcpy   0x0000000000006654       0x16 zephyr/lib/libc/minimal/liblib__libc__minimal.a(string.c.obj)
                0x0000000000006654                memcpy
 .text.memset   0x000000000000666a       0x12 zephyr/lib/libc/minimal/liblib__libc__minimal.a(string.c.obj)
                0x000000000000666a                memset
 .text.get_status
                0x000000000000667c       0x12 zephyr/drivers/clock_control/libdrivers__clock_control.a(clock_control_nrf.c.obj)
 .text.set_on_state
                0x000000000000668e       0x26 zephyr/drivers/clock_control/libdrivers__clock_control.a(clock_control_nrf.c.obj)
 .text.stop     0x00000000000066b4       0x52 zephyr/drivers/clock_control/libdrivers__clock_control.a(clock_control_nrf.c.obj)
 .text.api_stop
                0x0000000000006706        0x6 zephyr/drivers/clock_control/libdrivers__clock_control.a(clock_control_nrf.c.obj)
 .text.async_start
                0x000000000000670c       0x5c zephyr/drivers/clock_control/libdrivers__clock_control.a(clock_control_nrf.c.obj)
 .text.api_start
                0x0000000000006768        0xe zephyr/drivers/clock_control/libdrivers__clock_control.a(clock_control_nrf.c.obj)
 .text.api_blocking_start
                0x0000000000006776        0x6 zephyr/drivers/clock_control/libdrivers__clock_control.a(clock_control_nrf.c.obj)
 .text.onoff_started_callback
                0x000000000000677c       0x12 zephyr/drivers/clock_control/libdrivers__clock_control.a(clock_control_nrf.c.obj)
 .text.lfclk_start
                0x000000000000678e        0x6 zephyr/drivers/clock_control/libdrivers__clock_control.a(clock_control_nrf.c.obj)
 .text.lfclk_stop
                0x0000000000006794        0x6 zephyr/drivers/clock_control/libdrivers__clock_control.a(clock_control_nrf.c.obj)
 .text.gpio_nrfx_port_get_raw
                0x000000000000679a        0xc zephyr/drivers/gpio/libdrivers__gpio.a(gpio_nrfx.c.obj)
 .text.gpio_nrfx_port_set_masked_raw
                0x00000000000067a6       0x12 zephyr/drivers/gpio/libdrivers__gpio.a(gpio_nrfx.c.obj)
 .text.gpio_nrfx_port_set_bits_raw
                0x00000000000067b8        0xa zephyr/drivers/gpio/libdrivers__gpio.a(gpio_nrfx.c.obj)
 .text.gpio_nrfx_port_clear_bits_raw
                0x00000000000067c2        0xa zephyr/drivers/gpio/libdrivers__gpio.a(gpio_nrfx.c.obj)
 .text.gpio_nrfx_port_toggle_bits
                0x00000000000067cc        0xe zephyr/drivers/gpio/libdrivers__gpio.a(gpio_nrfx.c.obj)
 .text.gpio_nrfx_manage_callback
                0x00000000000067da       0x54 zephyr/drivers/gpio/libdrivers__gpio.a(gpio_nrfx.c.obj)
 .text.is_regular_addr_valid
                0x000000000000682e       0x26 zephyr/drivers/flash/libdrivers__flash.a(soc_flash_nrf.c.obj)
 .text.flash_get_page_info
                0x0000000000006854       0x6e zephyr/drivers/flash/libdrivers__flash.a(flash_page_layout.c.obj)
 .text.z_impl_flash_get_page_info_by_offs
                0x00000000000068c2        0x8 zephyr/drivers/flash/libdrivers__flash.a(flash_page_layout.c.obj)
                0x00000000000068c2                z_impl_flash_get_page_info_by_offs
 .text.flash_page_foreach
                0x00000000000068ca       0x58 zephyr/drivers/flash/libdrivers__flash.a(flash_page_layout.c.obj)
                0x00000000000068ca                flash_page_foreach
 .text.uarte_nrfx_config_get
                0x0000000000006922       0x10 zephyr/drivers/serial/libdrivers__serial.a(uart_nrfx_uarte.c.obj)
 .text.uarte_nrfx_err_check
                0x0000000000006932        0xe zephyr/drivers/serial/libdrivers__serial.a(uart_nrfx_uarte.c.obj)
 .text.uarte_nrfx_poll_in
                0x0000000000006940       0x26 zephyr/drivers/serial/libdrivers__serial.a(uart_nrfx_uarte.c.obj)
 .text.uarte_nrfx_fifo_read
                0x0000000000006966       0x2c zephyr/drivers/serial/libdrivers__serial.a(uart_nrfx_uarte.c.obj)
 .text.uarte_nrfx_irq_tx_enable
                0x0000000000006992       0x2e zephyr/drivers/serial/libdrivers__serial.a(uart_nrfx_uarte.c.obj)
 .text.uarte_nrfx_irq_tx_disable
                0x00000000000069c0        0xa zephyr/drivers/serial/libdrivers__serial.a(uart_nrfx_uarte.c.obj)
 .text.uarte_nrfx_irq_tx_ready_complete
                0x00000000000069ca       0x2a zephyr/drivers/serial/libdrivers__serial.a(uart_nrfx_uarte.c.obj)
 .text.uarte_nrfx_irq_rx_ready
                0x00000000000069f4       0x10 zephyr/drivers/serial/libdrivers__serial.a(uart_nrfx_uarte.c.obj)
 .text.uarte_nrfx_irq_rx_enable
                0x0000000000006a04        0xc zephyr/drivers/serial/libdrivers__serial.a(uart_nrfx_uarte.c.obj)
 .text.uarte_nrfx_irq_rx_disable
                0x0000000000006a10        0xc zephyr/drivers/serial/libdrivers__serial.a(uart_nrfx_uarte.c.obj)
 .text.uarte_nrfx_irq_err_enable
                0x0000000000006a1c        0xe zephyr/drivers/serial/libdrivers__serial.a(uart_nrfx_uarte.c.obj)
 .text.uarte_nrfx_irq_err_disable
                0x0000000000006a2a        0xe zephyr/drivers/serial/libdrivers__serial.a(uart_nrfx_uarte.c.obj)
 .text.uarte_nrfx_irq_is_pending
                0x0000000000006a38       0x36 zephyr/drivers/serial/libdrivers__serial.a(uart_nrfx_uarte.c.obj)
 .text.uarte_nrfx_irq_update
                0x0000000000006a6e        0x4 zephyr/drivers/serial/libdrivers__serial.a(uart_nrfx_uarte.c.obj)
 .text.uarte_nrfx_irq_callback_set
                0x0000000000006a72        0xa zephyr/drivers/serial/libdrivers__serial.a(uart_nrfx_uarte.c.obj)
 .text.tx_start.isra.0
                0x0000000000006a7c       0x36 zephyr/drivers/serial/libdrivers__serial.a(uart_nrfx_uarte.c.obj)
 .text.is_tx_ready.isra.0
                0x0000000000006ab2       0x20 zephyr/drivers/serial/libdrivers__serial.a(uart_nrfx_uarte.c.obj)
 .text.uarte_nrfx_fifo_fill
                0x0000000000006ad2       0x78 zephyr/drivers/serial/libdrivers__serial.a(uart_nrfx_uarte.c.obj)
 .text.uarte_nrfx_isr_int
                0x0000000000006b4a       0xbc zephyr/drivers/serial/libdrivers__serial.a(uart_nrfx_uarte.c.obj)
 .text.uarte_1_init
                0x0000000000006c06       0x1e zephyr/drivers/serial/libdrivers__serial.a(uart_nrfx_uarte.c.obj)
 .text.uarte_0_init
                0x0000000000006c24       0x1e zephyr/drivers/serial/libdrivers__serial.a(uart_nrfx_uarte.c.obj)
 .text.hw_cc3xx_init_internal
                0x0000000000006c42        0x4 modules/nrf/drivers/hw_cc310/lib..__nrf__drivers__hw_cc310.a(hw_cc310.c.obj)
 .text.hw_cc3xx_init
                0x0000000000006c46       0x12 modules/nrf/drivers/hw_cc310/lib..__nrf__drivers__hw_cc310.a(hw_cc310.c.obj)
 .text.boot_swap_info_off
                0x0000000000006c58        0x6 modules/mcuboot/boot/bootutil/zephyr/libmcuboot_util.a(bootutil_public.c.obj)
                0x0000000000006c58                boot_swap_info_off
 .text.boot_magic_compatible_check
                0x0000000000006c5e       0x1c modules/mcuboot/boot/bootutil/zephyr/libmcuboot_util.a(bootutil_public.c.obj)
                0x0000000000006c5e                boot_magic_compatible_check
 .text.bootutil_buffer_is_erased
                0x0000000000006c7a       0x26 modules/mcuboot/boot/bootutil/zephyr/libmcuboot_util.a(bootutil_public.c.obj)
                0x0000000000006c7a                bootutil_buffer_is_erased
 .text.boot_read_flag
                0x0000000000006ca0       0x38 modules/mcuboot/boot/bootutil/zephyr/libmcuboot_util.a(bootutil_public.c.obj)
 .text.boot_write_trailer
                0x0000000000006cd8       0x5c modules/mcuboot/boot/bootutil/zephyr/libmcuboot_util.a(bootutil_public.c.obj)
                0x0000000000006cd8                boot_write_trailer
 .text.boot_write_trailer_flag
                0x0000000000006d34       0x14 modules/mcuboot/boot/bootutil/zephyr/libmcuboot_util.a(bootutil_public.c.obj)
                0x0000000000006d34                boot_write_trailer_flag
 .text.boot_write_image_ok
                0x0000000000006d48        0xa modules/mcuboot/boot/bootutil/zephyr/libmcuboot_util.a(bootutil_public.c.obj)
                0x0000000000006d48                boot_write_image_ok
 .text.boot_read_image_ok
                0x0000000000006d52        0x8 modules/mcuboot/boot/bootutil/zephyr/libmcuboot_util.a(bootutil_public.c.obj)
                0x0000000000006d52                boot_read_image_ok
 .text.boot_read_swap_state_by_id
                0x0000000000006d5a       0x28 modules/mcuboot/boot/bootutil/zephyr/libmcuboot_util.a(bootutil_public.c.obj)
                0x0000000000006d5a                boot_read_swap_state_by_id
 .text.boot_write_swap_info
                0x0000000000006d82       0x1e modules/mcuboot/boot/bootutil/zephyr/libmcuboot_util.a(bootutil_public.c.obj)
                0x0000000000006d82                boot_write_swap_info
 .text._mbedtls_init
                0x0000000000006da0        0x4 modules/mbedtls/libmodules__mbedtls.a(zephyr_init.c.obj)
 .text.mbedtls_asn1_get_len
                0x0000000000006da4       0x90 modules/mbedtls/libmodules__mbedtls.a(asn1parse.c.obj)
                0x0000000000006da4                mbedtls_asn1_get_len
 .text.mbedtls_asn1_get_tag
                0x0000000000006e34       0x28 modules/mbedtls/libmodules__mbedtls.a(asn1parse.c.obj)
                0x0000000000006e34                mbedtls_asn1_get_tag
 .text.mbedtls_asn1_get_mpi
                0x0000000000006e5c       0x26 modules/mbedtls/libmodules__mbedtls.a(asn1parse.c.obj)
                0x0000000000006e5c                mbedtls_asn1_get_mpi
 .text.mpi_safe_cond_assign
                0x0000000000006e82       0x24 modules/mbedtls/libmodules__mbedtls.a(bignum.c.obj)
 .text.mpi_mul_hlp
                0x0000000000006ea6      0x338 modules/mbedtls/libmodules__mbedtls.a(bignum.c.obj)
 .text.mpi_montmul
                0x00000000000071de       0xe0 modules/mbedtls/libmodules__mbedtls.a(bignum.c.obj)
 .text.mpi_bigendian_to_host.part.0
                0x00000000000072be       0x52 modules/mbedtls/libmodules__mbedtls.a(bignum.c.obj)
 .text.mbedtls_mpi_init
                0x0000000000007310        0xc modules/mbedtls/libmodules__mbedtls.a(bignum.c.obj)
                0x0000000000007310                mbedtls_mpi_init
 .text.mbedtls_mpi_free
                0x000000000000731c       0x24 modules/mbedtls/libmodules__mbedtls.a(bignum.c.obj)
                0x000000000000731c                mbedtls_mpi_free
 .text.mbedtls_mpi_grow
                0x0000000000007340       0x4e modules/mbedtls/libmodules__mbedtls.a(bignum.c.obj)
                0x0000000000007340                mbedtls_mpi_grow
 .text.mbedtls_mpi_resize_clear
                0x000000000000738e       0x36 modules/mbedtls/libmodules__mbedtls.a(bignum.c.obj)
 .text.mbedtls_mpi_copy
                0x00000000000073c4       0x68 modules/mbedtls/libmodules__mbedtls.a(bignum.c.obj)
                0x00000000000073c4                mbedtls_mpi_copy
 .text.mbedtls_mpi_safe_cond_assign
                0x000000000000742c       0x60 modules/mbedtls/libmodules__mbedtls.a(bignum.c.obj)
                0x000000000000742c                mbedtls_mpi_safe_cond_assign
 .text.mbedtls_mpi_lset
                0x000000000000748c       0x38 modules/mbedtls/libmodules__mbedtls.a(bignum.c.obj)
                0x000000000000748c                mbedtls_mpi_lset
 .text.mbedtls_mpi_get_bit
                0x00000000000074c4       0x20 modules/mbedtls/libmodules__mbedtls.a(bignum.c.obj)
                0x00000000000074c4                mbedtls_mpi_get_bit
 .text.mbedtls_mpi_bitlen
                0x00000000000074e4       0x3c modules/mbedtls/libmodules__mbedtls.a(bignum.c.obj)
                0x00000000000074e4                mbedtls_mpi_bitlen
 .text.mbedtls_mpi_size
                0x0000000000007520        0xc modules/mbedtls/libmodules__mbedtls.a(bignum.c.obj)
                0x0000000000007520                mbedtls_mpi_size
 .text.mbedtls_mpi_read_binary
                0x000000000000752c       0x42 modules/mbedtls/libmodules__mbedtls.a(bignum.c.obj)
                0x000000000000752c                mbedtls_mpi_read_binary
 .text.mbedtls_mpi_write_binary
                0x000000000000756e       0x6a modules/mbedtls/libmodules__mbedtls.a(bignum.c.obj)
                0x000000000000756e                mbedtls_mpi_write_binary
 .text.mbedtls_mpi_shift_l
                0x00000000000075d8       0xa4 modules/mbedtls/libmodules__mbedtls.a(bignum.c.obj)
                0x00000000000075d8                mbedtls_mpi_shift_l
 .text.mbedtls_mpi_shift_r
                0x000000000000767c       0x7a modules/mbedtls/libmodules__mbedtls.a(bignum.c.obj)
                0x000000000000767c                mbedtls_mpi_shift_r
 .text.mbedtls_mpi_cmp_abs
                0x00000000000076f6       0x6a modules/mbedtls/libmodules__mbedtls.a(bignum.c.obj)
                0x00000000000076f6                mbedtls_mpi_cmp_abs
 .text.mbedtls_mpi_cmp_mpi
                0x0000000000007760       0x82 modules/mbedtls/libmodules__mbedtls.a(bignum.c.obj)
                0x0000000000007760                mbedtls_mpi_cmp_mpi
 .text.mbedtls_mpi_cmp_int
                0x00000000000077e2       0x2c modules/mbedtls/libmodules__mbedtls.a(bignum.c.obj)
                0x00000000000077e2                mbedtls_mpi_cmp_int
 .text.mbedtls_mpi_add_abs
                0x000000000000780e       0xae modules/mbedtls/libmodules__mbedtls.a(bignum.c.obj)
                0x000000000000780e                mbedtls_mpi_add_abs
 .text.mbedtls_mpi_sub_abs
                0x00000000000078bc       0xde modules/mbedtls/libmodules__mbedtls.a(bignum.c.obj)
                0x00000000000078bc                mbedtls_mpi_sub_abs
 .text.mbedtls_mpi_add_mpi
                0x000000000000799a       0x44 modules/mbedtls/libmodules__mbedtls.a(bignum.c.obj)
                0x000000000000799a                mbedtls_mpi_add_mpi
 .text.mbedtls_mpi_sub_mpi
                0x00000000000079de       0x46 modules/mbedtls/libmodules__mbedtls.a(bignum.c.obj)
                0x00000000000079de                mbedtls_mpi_sub_mpi
 .text.mbedtls_mpi_mul_int
                0x0000000000007a24       0x5c modules/mbedtls/libmodules__mbedtls.a(bignum.c.obj)
                0x0000000000007a24                mbedtls_mpi_mul_int
 .text.mbedtls_mpi_div_mpi
                0x0000000000007a80      0x330 modules/mbedtls/libmodules__mbedtls.a(bignum.c.obj)
                0x0000000000007a80                mbedtls_mpi_div_mpi
 .text.mbedtls_mpi_mod_mpi
                0x0000000000007db0       0x64 modules/mbedtls/libmodules__mbedtls.a(bignum.c.obj)
                0x0000000000007db0                mbedtls_mpi_mod_mpi
 .text.mbedtls_mpi_exp_mod
                0x0000000000007e14      0x448 modules/mbedtls/libmodules__mbedtls.a(bignum.c.obj)
                0x0000000000007e14                mbedtls_mpi_exp_mod
 .text.platform_calloc_uninit
                0x000000000000825c        0x4 modules/mbedtls/libmodules__mbedtls.a(platform.c.obj)
 .text.platform_exit_uninit
                0x0000000000008260        0x2 modules/mbedtls/libmodules__mbedtls.a(platform.c.obj)
 .text.platform_free_uninit
                0x0000000000008262        0x2 modules/mbedtls/libmodules__mbedtls.a(platform.c.obj)
 .text.mbedtls_rsa_import
                0x0000000000008264       0x86 modules/mbedtls/libmodules__mbedtls.a(rsa.c.obj)
                0x0000000000008264                mbedtls_rsa_import
 .text.mbedtls_rsa_init
                0x00000000000082ea       0x14 modules/mbedtls/libmodules__mbedtls.a(rsa.c.obj)
                0x00000000000082ea                mbedtls_rsa_init
 .text.mbedtls_rsa_free
                0x00000000000082fe       0x72 modules/mbedtls/libmodules__mbedtls.a(rsa.c.obj)
                0x00000000000082fe                mbedtls_rsa_free
 .text.mbedtls_sha256_init
                0x0000000000008370        0x8 modules/mbedtls/libmodules__mbedtls.a(sha256.c.obj)
                0x0000000000008370                mbedtls_sha256_init
 .text.mbedtls_sha256_update
                0x0000000000008378       0x72 modules/mbedtls/libmodules__mbedtls.a(sha256.c.obj)
                0x0000000000008378                mbedtls_sha256_update
 .text.mbedtls_sha256_finish
                0x00000000000083ea      0x104 modules/mbedtls/libmodules__mbedtls.a(sha256.c.obj)
                0x00000000000083ea                mbedtls_sha256_finish
 .text.nrf91_errata_14
                0x00000000000084ee       0x20 modules/hal_nordic/nrfx/libmodules__hal_nordic__nrfx.a(system_nrf9160.c.obj)
 .text.nrfx_isr
                0x000000000000850e        0x2 modules/hal_nordic/nrfx/libmodules__hal_nordic__nrfx.a(nrfx_glue.c.obj)
                0x000000000000850e                nrfx_isr
 .text.nrfx_busy_wait
                0x0000000000008510        0x4 modules/hal_nordic/nrfx/libmodules__hal_nordic__nrfx.a(nrfx_glue.c.obj)
                0x0000000000008510                nrfx_busy_wait
 .text.nrfx_clock_enable
                0x0000000000008514       0x16 modules/hal_nordic/nrfx/libmodules__hal_nordic__nrfx.a(nrfx_clock.c.obj)
                0x0000000000008514                nrfx_clock_enable
 .text.nrfx_clock_start
                0x000000000000852a       0x60 modules/hal_nordic/nrfx/libmodules__hal_nordic__nrfx.a(nrfx_clock.c.obj)
                0x000000000000852a                nrfx_clock_start
 .text.nrfx_clock_stop
                0x000000000000858a       0x70 modules/hal_nordic/nrfx/libmodules__hal_nordic__nrfx.a(nrfx_clock.c.obj)
                0x000000000000858a                nrfx_clock_stop
 .text.nrfx_nvmc_flash_size_get
                0x00000000000085fa        0x6 modules/hal_nordic/nrfx/libmodules__hal_nordic__nrfx.a(nrfx_nvmc.c.obj)
                0x00000000000085fa                nrfx_nvmc_flash_size_get
 .text.nrfx_nvmc_flash_page_size_get
                0x0000000000008600        0x6 modules/hal_nordic/nrfx/libmodules__hal_nordic__nrfx.a(nrfx_nvmc.c.obj)
                0x0000000000008600                nrfx_nvmc_flash_page_size_get
 .text.nrfx_nvmc_flash_page_count_get
                0x0000000000008606        0x6 modules/hal_nordic/nrfx/libmodules__hal_nordic__nrfx.a(nrfx_nvmc.c.obj)
                0x0000000000008606                nrfx_nvmc_flash_page_count_get
 .text.z_device_state_init
                0x000000000000860c        0x2 zephyr/kernel/libkernel.a(device.c.obj)
                0x000000000000860c                z_device_state_init
 .text.z_device_ready
                0x000000000000860e       0x14 zephyr/kernel/libkernel.a(device.c.obj)
                0x000000000000860e                z_device_ready
 .text.k_is_in_isr
                0x0000000000008622        0xc zephyr/kernel/libkernel.a(thread.c.obj)
                0x0000000000008622                k_is_in_isr
 .text.z_impl_k_busy_wait
                0x000000000000862e        0x8 zephyr/kernel/libkernel.a(timeout.c.obj)
                0x000000000000862e                z_impl_k_busy_wait
 .text.boot_banner
                0x0000000000008636        0x2 zephyr/kernel/libkernel.a(banner.c.obj)
                0x0000000000008636                boot_banner
 *(SORT_BY_ALIGNMENT(.TEXT.*))
 .TEXT.z_arm_platform_init
                0x0000000000008638        0x4 zephyr/libzephyr.a(soc_nrf_common.S.obj)
                0x0000000000008638                z_arm_platform_init
 *(SORT_BY_ALIGNMENT(.gnu.linkonce.t.*))
 *(SORT_BY_ALIGNMENT(.glue_7t))
 .glue_7t       0x000000000000863c        0x0 linker stubs
 *(SORT_BY_ALIGNMENT(.glue_7))
 .glue_7        0x000000000000863c        0x0 linker stubs
 *(SORT_BY_ALIGNMENT(.vfp11_veneer))
 .vfp11_veneer  0x000000000000863c        0x0 linker stubs
 *(SORT_BY_ALIGNMENT(.v4_bx))
 .v4_bx         0x000000000000863c        0x0 linker stubs
                0x000000000000863c                __text_region_end = .

.ARM.exidx      0x000000000000863c        0x8
                0x000000000000863c                __exidx_start = .
 *(SORT_BY_ALIGNMENT(.ARM.exidx*) SORT_BY_ALIGNMENT(gnu.linkonce.armexidx.*))
 .ARM.exidx     0x000000000000863c        0x8 c:/ncs/toolchains/cf2149caf2/opt/zephyr-sdk/arm-zephyr-eabi/bin/../lib/gcc/arm-zephyr-eabi/12.2.0/thumb/v8-m.main/nofp\libgcc.a(_udivmoddi4.o)
                0x0000000000008644                __exidx_end = .
                0x0000000000008644                __rodata_region_start = .

initlevel       0x0000000000008644       0x50
                0x0000000000008644                __init_start = .
                0x0000000000008644                __init_PRE_KERNEL_1_start = .
 *(SORT_BY_NAME(SORT_BY_ALIGNMENT(.z_init_PRE_KERNEL_1[0-9]_*)))
 .z_init_PRE_KERNEL_10_
                0x0000000000008644        0x8 zephyr/libzephyr.a(soc.c.obj)
 *(SORT_BY_NAME(SORT_BY_ALIGNMENT(.z_init_PRE_KERNEL_1[1-9][0-9]_*)))
 .z_init_PRE_KERNEL_130_
                0x000000000000864c        0x8 zephyr/drivers/clock_control/libdrivers__clock_control.a(clock_control_nrf.c.obj)
 .z_init_PRE_KERNEL_140_
                0x0000000000008654        0x8 zephyr/drivers/gpio/libdrivers__gpio.a(gpio_nrfx.c.obj)
 .z_init_PRE_KERNEL_140_
                0x000000000000865c        0x8 modules/nrf/drivers/hw_cc310/lib..__nrf__drivers__hw_cc310.a(hw_cc310.c.obj)
 .z_init_PRE_KERNEL_155_
                0x0000000000008664       0x10 zephyr/drivers/serial/libdrivers__serial.a(uart_nrfx_uarte.c.obj)
                0x0000000000008674                __init_PRE_KERNEL_2_start = .
 *(SORT_BY_NAME(SORT_BY_ALIGNMENT(.z_init_PRE_KERNEL_2[0-9]_*)))
 .z_init_PRE_KERNEL_20_
                0x0000000000008674        0x8 zephyr/drivers/timer/libdrivers__timer.a(nrf_rtc_timer.c.obj)
 *(SORT_BY_NAME(SORT_BY_ALIGNMENT(.z_init_PRE_KERNEL_2[1-9][0-9]_*)))
                0x000000000000867c                __init_POST_KERNEL_start = .
 *(SORT_BY_NAME(SORT_BY_ALIGNMENT(.z_init_POST_KERNEL[0-9]_*)))
 .z_init_POST_KERNEL0_
                0x000000000000867c        0x8 modules/mbedtls/libmodules__mbedtls.a(zephyr_init.c.obj)
 *(SORT_BY_NAME(SORT_BY_ALIGNMENT(.z_init_POST_KERNEL[1-9][0-9]_*)))
 .z_init_POST_KERNEL40_
                0x0000000000008684        0x8 modules/nrf/drivers/hw_cc310/lib..__nrf__drivers__hw_cc310.a(hw_cc310.c.obj)
 .z_init_POST_KERNEL50_
                0x000000000000868c        0x8 zephyr/drivers/flash/libdrivers__flash.a(soc_flash_nrf.c.obj)
                0x0000000000008694                __init_APPLICATION_start = .
 *(SORT_BY_NAME(SORT_BY_ALIGNMENT(.z_init_APPLICATION[0-9]_*)))
 *(SORT_BY_NAME(SORT_BY_ALIGNMENT(.z_init_APPLICATION[1-9][0-9]_*)))
                0x0000000000008694                __init_SMP_start = .
 *(SORT_BY_NAME(SORT_BY_ALIGNMENT(.z_init_SMP[0-9]_*)))
 *(SORT_BY_NAME(SORT_BY_ALIGNMENT(.z_init_SMP[1-9][0-9]_*)))
                0x0000000000008694                __init_end = .

devices         0x0000000000008694       0x78
                0x0000000000008694                __device_start = .
                0x0000000000008694                __device_PRE_KERNEL_1_start = .
 *(SORT_BY_NAME(SORT_BY_ALIGNMENT(.z_device_PRE_KERNEL_1[0-9]_*)))
 *(SORT_BY_NAME(SORT_BY_ALIGNMENT(.z_device_PRE_KERNEL_1[1-9][0-9]_*)))
 .z_device_PRE_KERNEL_130_
                0x0000000000008694       0x18 zephyr/drivers/clock_control/libdrivers__clock_control.a(clock_control_nrf.c.obj)
                0x0000000000008694                __device_dts_ord_34
 .z_device_PRE_KERNEL_140_
                0x00000000000086ac       0x18 zephyr/drivers/gpio/libdrivers__gpio.a(gpio_nrfx.c.obj)
                0x00000000000086ac                __device_dts_ord_5
 .z_device_PRE_KERNEL_155_
                0x00000000000086c4       0x30 zephyr/drivers/serial/libdrivers__serial.a(uart_nrfx_uarte.c.obj)
                0x00000000000086c4                __device_dts_ord_63
                0x00000000000086dc                __device_dts_ord_62
                0x00000000000086f4                __device_PRE_KERNEL_2_start = .
 *(SORT_BY_NAME(SORT_BY_ALIGNMENT(.z_device_PRE_KERNEL_2[0-9]_*)))
 *(SORT_BY_NAME(SORT_BY_ALIGNMENT(.z_device_PRE_KERNEL_2[1-9][0-9]_*)))
                0x00000000000086f4                __device_POST_KERNEL_start = .
 *(SORT_BY_NAME(SORT_BY_ALIGNMENT(.z_device_POST_KERNEL[0-9]_*)))
 *(SORT_BY_NAME(SORT_BY_ALIGNMENT(.z_device_POST_KERNEL[1-9][0-9]_*)))
 .z_device_POST_KERNEL50_
                0x00000000000086f4       0x18 zephyr/drivers/flash/libdrivers__flash.a(soc_flash_nrf.c.obj)
                0x00000000000086f4                __device_dts_ord_68
                0x000000000000870c                __device_APPLICATION_start = .
 *(SORT_BY_NAME(SORT_BY_ALIGNMENT(.z_device_APPLICATION[0-9]_*)))
 *(SORT_BY_NAME(SORT_BY_ALIGNMENT(.z_device_APPLICATION[1-9][0-9]_*)))
                0x000000000000870c                __device_SMP_start = .
 *(SORT_BY_NAME(SORT_BY_ALIGNMENT(.z_device_SMP[0-9]_*)))
 *(SORT_BY_NAME(SORT_BY_ALIGNMENT(.z_device_SMP[1-9][0-9]_*)))
                0x000000000000870c                __device_end = .

sw_isr_table    0x000000000000870c      0x208
                0x000000000000870c                . = ALIGN (0x0)
 *(SORT_BY_ALIGNMENT(.gnu.linkonce.sw_isr_table*))
 .gnu.linkonce.sw_isr_table
                0x000000000000870c      0x208 zephyr/arch/common/libisr_tables.a(isr_tables.c.obj)
                0x000000000000870c                _sw_isr_table

initlevel_error
                0x0000000000008644        0x0
 *(SORT_BY_NAME(SORT_BY_ALIGNMENT(.z_init_[_A-Z0-9]*)))
                0x0000000000000001                ASSERT ((SIZEOF (initlevel_error) == 0x0), Undefined initialization levels used.)

app_shmem_regions
                0x0000000000008914        0x0
                0x0000000000008914                __app_shmem_regions_start = .
 *(SORT_BY_NAME(SORT_BY_ALIGNMENT(.app_regions.*)))
                0x0000000000008914                __app_shmem_regions_end = .

bt_l2cap_fixed_chan_area
                0x0000000000008914        0x0
                0x0000000000008914                _bt_l2cap_fixed_chan_list_start = .
 *(SORT_BY_NAME(SORT_BY_ALIGNMENT(._bt_l2cap_fixed_chan.static.*)))
                0x0000000000008914                _bt_l2cap_fixed_chan_list_end = .

bt_gatt_service_static_area
                0x0000000000008914        0x0
                0x0000000000008914                _bt_gatt_service_static_list_start = .
 *(SORT_BY_NAME(SORT_BY_ALIGNMENT(._bt_gatt_service_static.static.*)))
                0x0000000000008914                _bt_gatt_service_static_list_end = .

k_p4wq_initparam_area
                0x0000000000008914        0x0
                0x0000000000008914                _k_p4wq_initparam_list_start = .
 *(SORT_BY_NAME(SORT_BY_ALIGNMENT(._k_p4wq_initparam.static.*)))
                0x0000000000008914                _k_p4wq_initparam_list_end = .

log_strings_sections
                0x0000000000008914        0x0
                0x0000000000008914                __log_strings_start = .
 *(SORT_BY_NAME(SORT_BY_ALIGNMENT(.log_strings*)))
                0x0000000000008914                __log_strings_end = .

log_const_sections
                0x0000000000008914       0x48
                0x0000000000008914                __log_const_start = .
 *(SORT_BY_NAME(SORT_BY_ALIGNMENT(.log_const_*)))
 .log_const_clock_control
                0x0000000000008914        0x8 zephyr/drivers/clock_control/libdrivers__clock_control.a(clock_control_nrf.c.obj)
                0x0000000000008914                log_const_clock_control
 .log_const_fatal_error
                0x000000000000891c        0x8 modules/nrf/lib/fatal_error/lib..__nrf__lib__fatal_error.a(fatal_error.c.obj)
                0x000000000000891c                log_const_fatal_error
 .log_const_flash_nrf
                0x0000000000008924        0x8 zephyr/drivers/flash/libdrivers__flash.a(soc_flash_nrf.c.obj)
                0x0000000000008924                log_const_flash_nrf
 .log_const_mcuboot
                0x000000000000892c        0x8 app/libapp.a(main.c.obj)
                0x000000000000892c                log_const_mcuboot
 .log_const_mpu
                0x0000000000008934        0x8 zephyr/arch/arch/arm/core/aarch32/mpu/libarch__arm__core__aarch32__mpu.a(arm_core_mpu.c.obj)
                0x0000000000008934                log_const_mpu
 .log_const_os  0x000000000000893c        0x8 zephyr/kernel/libkernel.a(init.c.obj)
                0x000000000000893c                log_const_os
 .log_const_serial_adapter
                0x0000000000008944        0x8 zephyr/libzephyr.a(serial_adapter.c.obj)
                0x0000000000008944                log_const_serial_adapter
 .log_const_soc
                0x000000000000894c        0x8 zephyr/libzephyr.a(soc.c.obj)
                0x000000000000894c                log_const_soc
 .log_const_uart_nrfx_uarte
                0x0000000000008954        0x8 zephyr/drivers/serial/libdrivers__serial.a(uart_nrfx_uarte.c.obj)
                0x0000000000008954                log_const_uart_nrfx_uarte
                0x000000000000895c                __log_const_end = .

log_backends_sections
                0x000000000000895c        0x0
                0x000000000000895c                __log_backends_start = .
 *(SORT_BY_ALIGNMENT(._log_backend.*))
                0x000000000000895c                __log_backends_end = .

shell_area      0x000000000000895c        0x0
                0x000000000000895c                _shell_list_start = .
 *(SORT_BY_NAME(SORT_BY_ALIGNMENT(._shell.static.*)))
                0x000000000000895c                _shell_list_end = .

shell_root_cmds_sections
                0x000000000000895c        0x0
                0x000000000000895c                __shell_root_cmds_start = .
 *(SORT_BY_NAME(SORT_BY_ALIGNMENT(.shell_root_cmd_*)))
                0x000000000000895c                __shell_root_cmds_end = .

font_entry_sections
                0x000000000000895c        0x0
                0x000000000000895c                __font_entry_start = .
 *(SORT_BY_NAME(SORT_BY_ALIGNMENT(._cfb_font.*)))
                0x000000000000895c                __font_entry_end = .

tracing_backend_area
                0x000000000000895c        0x0
                0x000000000000895c                _tracing_backend_list_start = .
 *(SORT_BY_NAME(SORT_BY_ALIGNMENT(._tracing_backend.static.*)))
                0x000000000000895c                _tracing_backend_list_end = .

zephyr_dbg_info
 *(SORT_BY_ALIGNMENT(.dbg_thread_info))

device_handles  0x000000000000895c       0x1e
                0x000000000000895c                __device_handles_start = .
 *(SORT_BY_NAME(SORT_BY_ALIGNMENT(.__device_handles_pass2*)))
 .__device_handles_pass2
                0x000000000000895c       0x1e zephyr/CMakeFiles/zephyr_pre1.dir/dev_handles.c.obj
                0x000000000000895c                __devicehdl_DT_N_S_soc_S_peripheral_50000000_S_flash_controller_39000
                0x0000000000008962                __devicehdl_DT_N_S_soc_S_peripheral_50000000_S_uart_8000
                0x0000000000008968                __devicehdl_DT_N_S_soc_S_peripheral_50000000_S_uart_9000
                0x000000000000896e                __devicehdl_DT_N_S_soc_S_peripheral_50000000_S_gpio_842500
                0x0000000000008974                __devicehdl_DT_N_S_soc_S_peripheral_50000000_S_clock_5000
                0x000000000000897a                __device_handles_end = .

rodata          0x0000000000008980     0x12ec
 *(SORT_BY_ALIGNMENT(.rodata))
 .rodata        0x0000000000008980       0x28 zephyr/libzephyr.a(boot_serial.c.obj)
 *(SORT_BY_ALIGNMENT(.rodata.*))
 *fill*         0x00000000000089a8        0x8 
 .rodata.delay_machine_code.0
                0x00000000000089b0        0x6 zephyr/libzephyr.a(soc.c.obj)
 *fill*         0x00000000000089b6        0x2 
 .rodata.boot_funcs
                0x00000000000089b8        0x8 app/libapp.a(main.c.obj)
                0x00000000000089b8                boot_funcs
 .rodata.bootutil_key_cnt
                0x00000000000089c0        0x4 app/libapp.a(keys.c.obj)
                0x00000000000089c0                bootutil_key_cnt
 .rodata.bootutil_keys
                0x00000000000089c4        0x8 app/libapp.a(keys.c.obj)
                0x00000000000089c4                bootutil_keys
 .rodata.rsa_pub_key_len
                0x00000000000089cc        0x4 app/libapp.a(autogen-pubkey.c.obj)
                0x00000000000089cc                rsa_pub_key_len
 .rodata.flash_map_entries
                0x00000000000089d0        0x4 zephyr/libzephyr.a(flash_map_partition_manager.c.obj)
                0x00000000000089d0                flash_map_entries
 .rodata.default_flash_map
                0x00000000000089d4       0xb0 zephyr/libzephyr.a(flash_map_partition_manager.c.obj)
                0x00000000000089d4                default_flash_map
 .rodata.apis   0x0000000000008a84        0x8 zephyr/libzephyr.a(nrf_cc3xx_platform_abort_zephyr.c.obj)
 .rodata.static_regions
                0x0000000000008a8c        0xc zephyr/arch/arch/arm/core/aarch32/mpu/libarch__arm__core__aarch32__mpu.a(arm_core_mpu.c.obj)
 .rodata.mpu_config
                0x0000000000008a98        0x8 zephyr/soc/arm/common/cortex_m/libsoc__arm__common__cortex_m.a(arm_mpu_regions.c.obj)
                0x0000000000008a98                mpu_config
 .rodata.mpu_regions
                0x0000000000008aa0       0x20 zephyr/soc/arm/common/cortex_m/libsoc__arm__common__cortex_m.a(arm_mpu_regions.c.obj)
 .rodata.transitions.0
                0x0000000000008ac0        0xc zephyr/drivers/clock_control/libdrivers__clock_control.a(clock_control_nrf.c.obj)
 .rodata.config
                0x0000000000008acc       0x18 zephyr/drivers/clock_control/libdrivers__clock_control.a(clock_control_nrf.c.obj)
 .rodata.clock_control_api
                0x0000000000008ae4       0x18 zephyr/drivers/clock_control/libdrivers__clock_control.a(clock_control_nrf.c.obj)
 .rodata.gpio_nrfx_p0_cfg
                0x0000000000008afc       0x10 zephyr/drivers/gpio/libdrivers__gpio.a(gpio_nrfx.c.obj)
 .rodata.gpio_nrfx_drv_api_funcs
                0x0000000000008b0c       0x24 zephyr/drivers/gpio/libdrivers__gpio.a(gpio_nrfx.c.obj)
 .rodata.flash_nrf_api
                0x0000000000008b30       0x18 zephyr/drivers/flash/libdrivers__flash.a(soc_flash_nrf.c.obj)
 .rodata.flash_nrf_parameters
                0x0000000000008b48        0x8 zephyr/drivers/flash/libdrivers__flash.a(soc_flash_nrf.c.obj)
 .rodata.uarte_1z_config
                0x0000000000008b50       0x20 zephyr/drivers/serial/libdrivers__serial.a(uart_nrfx_uarte.c.obj)
 .rodata.uarte_0z_config
                0x0000000000008b70       0x20 zephyr/drivers/serial/libdrivers__serial.a(uart_nrfx_uarte.c.obj)
 .rodata.uart_nrfx_uarte_driver_api
                0x0000000000008b90       0x4c zephyr/drivers/serial/libdrivers__serial.a(uart_nrfx_uarte.c.obj)
 .rodata.boot_img_magic
                0x0000000000008bdc       0x10 modules/mcuboot/boot/bootutil/zephyr/libmcuboot_util.a(bootutil_public.c.obj)
                0x0000000000008bdc                boot_img_magic
 .rodata.K      0x0000000000008bec      0x100 modules/mbedtls/libmodules__mbedtls.a(sha256.c.obj)
 .rodata.levels.0
                0x0000000000008cec       0x14 zephyr/kernel/libkernel.a(device.c.obj)
 .rodata.CSWTCH.273
                0x0000000000008d00       0x14 zephyr/kernel/libkernel.a(fatal.c.obj)
 .rodata.CSWTCH.8
                0x0000000000008d14       0x1c C:/ncs/v1.9.0/nrfxlib/crypto/nrf_cc310_platform/lib/cortex-m33/soft-float/no-interrupts/libnrf_cc310_platform_0.9.13.a(nrf_cc3xx_platform.c.obj)
 .rodata.CC_PalPowerSaveModeInit.str1.4
                0x0000000000008d30       0x20 C:/ncs/v1.9.0/nrfxlib/crypto/nrf_cc310_platform/lib/cortex-m33/soft-float/no-interrupts/libnrf_cc310_platform_0.9.13.a(cc_pal_pm.c.obj)
 .rodata.mutex_free.str1.4
                0x0000000000008d50       0x26 C:/ncs/v1.9.0/nrfxlib/crypto/nrf_cc310_platform/lib/cortex-m33/soft-float/no-interrupts/libnrf_cc310_platform_0.9.13.a(nrf_cc3xx_platform_mutex.c.obj)
 *fill*         0x0000000000008d76        0x2 
 .rodata.mutex_init.str1.4
                0x0000000000008d78       0x23 C:/ncs/v1.9.0/nrfxlib/crypto/nrf_cc310_platform/lib/cortex-m33/soft-float/no-interrupts/libnrf_cc310_platform_0.9.13.a(nrf_cc3xx_platform_mutex.c.obj)
 .rodata.main.str1.1
                0x0000000000008d9b      0x108 app/libapp.a(main.c.obj)
 .rodata.str1.1
                0x0000000000008ea3        0x8 app/libapp.a(main.c.obj)
 .rodata.flash_device_base.str1.1
                0x0000000000008eab       0x26 app/libapp.a(flash_map_extended.c.obj)
 .rodata.pss_zeros
                0x0000000000008ed1        0x8 app/libapp.a(image_rsa.c.obj)
 .rodata.boot_validate_slot.isra.0.str1.1
                0x0000000000008ed9       0x3a app/libapp.a(loader.c.obj)
 .rodata.boot_swap_image.str1.1
                0x0000000000008f13       0x2f app/libapp.a(loader.c.obj)
 .rodata.context_boot_go.str1.1
                0x0000000000008f42       0xa4 app/libapp.a(loader.c.obj)
 .rodata.swap_read_status_bytes.str1.1
                0x0000000000008fe6       0x23 app/libapp.a(swap_move.c.obj)
 .rodata.boot_slots_compatible.str1.1
                0x0000000000009009       0x93 app/libapp.a(swap_move.c.obj)
 .rodata.swap_status_source.str1.1
                0x000000000000909c       0xa4 app/libapp.a(swap_move.c.obj)
 .rodata.swap_run.str1.1
                0x0000000000009140       0x2f app/libapp.a(swap_move.c.obj)
 .rodata.rsa_pub_key
                0x000000000000916f      0x10e app/libapp.a(autogen-pubkey.c.obj)
                0x000000000000916f                rsa_pub_key
 .rodata.base64_dec_map
                0x000000000000927d       0x80 zephyr/libzephyr.a(base64.c.obj)
 .rodata.base64_enc_map
                0x00000000000092fd       0x40 zephyr/libzephyr.a(base64.c.obj)
 .rodata.cbvprintf.str1.1
                0x000000000000933d       0x10 zephyr/libzephyr.a(cbprintf_nano.c.obj)
                                         0x13 (size before relaxing)
 .rodata.sys_reboot.str1.1
                0x000000000000934d       0x29 zephyr/libzephyr.a(reboot.c.obj)
 .rodata.str1.1
                0x0000000000009376        0x4 zephyr/libzephyr.a(soc.c.obj)
 .rodata.str1.1
                0x000000000000937a       0x13 zephyr/libzephyr.a(flash_map_partition_manager.c.obj)
 .rodata.boot_uart_fifo_callback.str1.1
                0x000000000000937a       0x2f zephyr/libzephyr.a(serial_adapter.c.obj)
 .rodata.str1.1
                0x00000000000093a9        0xf zephyr/libzephyr.a(serial_adapter.c.obj)
 .rodata.boot_serial_output.str1.1
                0x00000000000093b8        0xb zephyr/libzephyr.a(boot_serial.c.obj)
 .rodata.boot_serial_input.str1.1
                0x00000000000093c3       0xd9 zephyr/libzephyr.a(boot_serial.c.obj)
 .rodata.str1.1
                0x000000000000949c       0x1b zephyr/libzephyr.a(boot_serial.c.obj)
 .rodata.decode_Member.str1.1
                0x00000000000094b7        0xd zephyr/libzephyr.a(serial_recovery_cbor.c.obj)
                                         0x17 (size before relaxing)
 .rodata.z_arm_fatal_error.str1.1
                0x00000000000094c4       0xaf zephyr/arch/arch/arm/core/aarch32/libarch__arm__core__aarch32.a(fatal.c.obj)
 .rodata.usage_fault.constprop.0.str1.1
                0x0000000000009573      0x11f zephyr/arch/arch/arm/core/aarch32/cortex_m/libarch__arm__core__aarch32__cortex_m.a(fault.c.obj)
 .rodata.bus_fault.constprop.0.str1.1
                0x0000000000009692       0xf2 zephyr/arch/arch/arm/core/aarch32/cortex_m/libarch__arm__core__aarch32__cortex_m.a(fault.c.obj)
 .rodata.mem_manage_fault.constprop.0.str1.1
                0x0000000000009784       0xaf zephyr/arch/arch/arm/core/aarch32/cortex_m/libarch__arm__core__aarch32__cortex_m.a(fault.c.obj)
 .rodata.z_arm_fault.str1.1
                0x0000000000009833      0x139 zephyr/arch/arch/arm/core/aarch32/cortex_m/libarch__arm__core__aarch32__cortex_m.a(fault.c.obj)
 .rodata.str1.1
                0x000000000000996c        0x4 zephyr/arch/arch/arm/core/aarch32/mpu/libarch__arm__core__aarch32__mpu.a(arm_core_mpu.c.obj)
 .rodata.mpu_configure_region.str1.1
                0x0000000000009970       0x2b zephyr/arch/arch/arm/core/aarch32/mpu/libarch__arm__core__aarch32__mpu.a(arm_mpu.c.obj)
 .rodata.mpu_configure_regions_and_partition.constprop.0.str1.1
                0x000000000000999b       0x50 zephyr/arch/arch/arm/core/aarch32/mpu/libarch__arm__core__aarch32__mpu.a(arm_mpu.c.obj)
 .rodata.str1.1
                0x00000000000099eb        0xf zephyr/soc/arm/common/cortex_m/libsoc__arm__common__cortex_m.a(arm_mpu_regions.c.obj)
 .rodata.str1.1
                0x00000000000099fa       0x20 zephyr/drivers/clock_control/libdrivers__clock_control.a(clock_control_nrf.c.obj)
 .rodata.str1.1
                0x0000000000009a1a        0x7 zephyr/drivers/gpio/libdrivers__gpio.a(gpio_nrfx.c.obj)
 .rodata.flash_nrf_erase.str1.1
                0x0000000000009a1a       0x46 zephyr/drivers/flash/libdrivers__flash.a(soc_flash_nrf.c.obj)
 .rodata.flash_nrf_write.str1.1
                0x0000000000009a60       0x23 zephyr/drivers/flash/libdrivers__flash.a(soc_flash_nrf.c.obj)
 .rodata.str1.1
                0x0000000000009a83        0xa zephyr/drivers/flash/libdrivers__flash.a(soc_flash_nrf.c.obj)
                                         0x1d (size before relaxing)
 .rodata.uarte_instance_init.constprop.0.str1.1
                0x0000000000009a8d       0x24 zephyr/drivers/serial/libdrivers__serial.a(uart_nrfx_uarte.c.obj)
 .rodata.str1.1
                0x0000000000009ab1       0x1e zephyr/drivers/serial/libdrivers__serial.a(uart_nrfx_uarte.c.obj)
 .rodata.k_sys_fatal_error_handler.str1.1
                0x0000000000009acf       0x16 modules/nrf/lib/fatal_error/lib..__nrf__lib__fatal_error.a(fatal_error.c.obj)
 .rodata.str1.1
                0x0000000000009ae5        0xc modules/nrf/lib/fatal_error/lib..__nrf__lib__fatal_error.a(fatal_error.c.obj)
 .rodata.boot_swap_type_multi.str1.1
                0x0000000000009af1       0x96 modules/mcuboot/boot/bootutil/zephyr/libmcuboot_util.a(bootutil_public.c.obj)
 .rodata.boot_swap_tables
                0x0000000000009b87       0x12 modules/mcuboot/boot/bootutil/zephyr/libmcuboot_util.a(bootutil_public.c.obj)
 .rodata.z_fatal_error.str1.1
                0x0000000000009b99       0x86 zephyr/kernel/libkernel.a(fatal.c.obj)
 .rodata.str1.1
                0x0000000000009c1f       0x4a zephyr/kernel/libkernel.a(fatal.c.obj)
 .rodata.str1.1
                0x0000000000009c69        0x3 zephyr/kernel/libkernel.a(init.c.obj)
 *(SORT_BY_ALIGNMENT(.gnu.linkonce.r.*))
                0x0000000000009c6c                . = ALIGN (0x4)
                0x0000000000009c6c                __rodata_region_end = .
                0x0000000000009c80                . = ALIGN (_region_min_align)
                0x0000000000009c80                __rom_region_end = .

/DISCARD/
 *(SORT_BY_ALIGNMENT(.got.plt))
 *(SORT_BY_ALIGNMENT(.igot.plt))
 *(SORT_BY_ALIGNMENT(.got))
 *(SORT_BY_ALIGNMENT(.igot))
                0x000000002000c4e8                . = 0x2000c4e8
                0x000000002000c500                . = ALIGN (_region_min_align)