Archive member included to satisfy reference by file (symbol)

app/libapp.a(main.c.obj)      (--whole-archive)
app/libapp.a(flash_map_extended.c.obj)
                              (--whole-archive)
app/libapp.a(os.c.obj)        (--whole-archive)
app/libapp.a(keys.c.obj)      (--whole-archive)
app/libapp.a(image_validate.c.obj)
                              (--whole-archive)
app/libapp.a(tlv.c.obj)       (--whole-archive)
app/libapp.a(encrypted.c.obj)
                              (--whole-archive)
app/libapp.a(image_rsa.c.obj)
                              (--whole-archive)
app/libapp.a(image_ec256.c.obj)
                              (--whole-archive)
app/libapp.a(image_ed25519.c.obj)
                              (--whole-archive)
app/libapp.a(bootutil_misc.c.obj)
                              (--whole-archive)
app/libapp.a(fault_injection_hardening.c.obj)
                              (--whole-archive)
app/libapp.a(loader.c.obj)    (--whole-archive)
app/libapp.a(swap_misc.c.obj)
                              (--whole-archive)
app/libapp.a(swap_scratch.c.obj)
                              (--whole-archive)
app/libapp.a(swap_move.c.obj)
                              (--whole-archive)
app/libapp.a(caps.c.obj)      (--whole-archive)
app/libapp.a(autogen-pubkey.c.obj)
                              (--whole-archive)
app/libapp.a(nrf_cleanup.c.obj)
                              (--whole-archive)
zephyr/libzephyr.a(base64.c.obj)
                              (--whole-archive)
zephyr/libzephyr.a(cbprintf.c.obj)
                              (--whole-archive)
zephyr/libzephyr.a(cbprintf_packaged.c.obj)
                              (--whole-archive)
zephyr/libzephyr.a(crc32c_sw.c.obj)
                              (--whole-archive)
zephyr/libzephyr.a(crc32_sw.c.obj)
                              (--whole-archive)
zephyr/libzephyr.a(crc16_sw.c.obj)
                              (--whole-archive)
zephyr/libzephyr.a(crc8_sw.c.obj)
                              (--whole-archive)
zephyr/libzephyr.a(crc7_sw.c.obj)
                              (--whole-archive)
zephyr/libzephyr.a(dec.c.obj)
                              (--whole-archive)
zephyr/libzephyr.a(fdtable.c.obj)
                              (--whole-archive)
zephyr/libzephyr.a(hex.c.obj)
                              (--whole-archive)
zephyr/libzephyr.a(notify.c.obj)
                              (--whole-archive)
zephyr/libzephyr.a(printk.c.obj)
                              (--whole-archive)
zephyr/libzephyr.a(onoff.c.obj)
                              (--whole-archive)
zephyr/libzephyr.a(rb.c.obj)  (--whole-archive)
zephyr/libzephyr.a(sem.c.obj)
                              (--whole-archive)
zephyr/libzephyr.a(thread_entry.c.obj)
                              (--whole-archive)
zephyr/libzephyr.a(timeutil.c.obj)
                              (--whole-archive)
zephyr/libzephyr.a(heap.c.obj)
                              (--whole-archive)
zephyr/libzephyr.a(heap-validate.c.obj)
                              (--whole-archive)
zephyr/libzephyr.a(bitarray.c.obj)
                              (--whole-archive)
zephyr/libzephyr.a(multi_heap.c.obj)
                              (--whole-archive)
zephyr/libzephyr.a(cbprintf_nano.c.obj)
                              (--whole-archive)
zephyr/libzephyr.a(ring_buffer.c.obj)
                              (--whole-archive)
zephyr/libzephyr.a(reboot.c.obj)
                              (--whole-archive)
zephyr/libzephyr.a(configs.c.obj)
                              (--whole-archive)
zephyr/libzephyr.a(soc_nrf_common.S.obj)
                              (--whole-archive)
zephyr/libzephyr.a(validate_base_addresses.c.obj)
                              (--whole-archive)
zephyr/libzephyr.a(validate_enabled_instances.c.obj)
                              (--whole-archive)
zephyr/libzephyr.a(usb_device.c.obj)
                              (--whole-archive)
zephyr/libzephyr.a(usb_descriptor.c.obj)
                              (--whole-archive)
zephyr/libzephyr.a(usb_transfer.c.obj)
                              (--whole-archive)
zephyr/libzephyr.a(cdc_acm.c.obj)
                              (--whole-archive)
zephyr/libzephyr.a(usb_work_q.c.obj)
                              (--whole-archive)
zephyr/libzephyr.a(flash_map.c.obj)
                              (--whole-archive)
zephyr/libzephyr.a(flash_map_layout.c.obj)
                              (--whole-archive)
zephyr/libzephyr.a(tracing_none.c.obj)
                              (--whole-archive)
zephyr/libzephyr.a(flash_map_partition_manager.c.obj)
                              (--whole-archive)
zephyr/libzephyr.a(nrf_cc3xx_platform_abort_zephyr.c.obj)
                              (--whole-archive)
zephyr/libzephyr.a(nrf_cc3xx_platform_mutex_zephyr.c.obj)
                              (--whole-archive)
zephyr/libzephyr.a(serial_adapter.c.obj)
                              (--whole-archive)
zephyr/libzephyr.a(boot_serial.c.obj)
                              (--whole-archive)
[...]
Memory Configuration

Name             Origin             Length             Attributes
FLASH            0x0000000000000000 0x0000000000012000 xr
SRAM             0x0000000020000000 0x0000000000040000 xw
IDT_LIST         0x00000000fffff7ff 0x0000000000000800 xw
*default*        0x0000000000000000 0xffffffffffffffff

Linker script and memory map

LOAD zephyr/CMakeFiles/zephyr_pre0.dir/misc/empty_file.c.obj
LOAD zephyr/CMakeFiles/offsets.dir/./arch/arm/core/offsets/offsets.c.obj
                0x0000000000000020                _region_min_align = 0x20

.rel.plt        0x0000000000000000        0x0
 *(SORT_BY_ALIGNMENT(.rel.plt))
                [!provide]                        PROVIDE (__rel_iplt_start = .)
 *(SORT_BY_ALIGNMENT(.rel.iplt))
 .rel.iplt      0x0000000000000000        0x0 app/libapp.a(main.c.obj)
                [!provide]                        PROVIDE (__rel_iplt_end = .)

.rela.plt       0x0000000000000000        0x0
 *(SORT_BY_ALIGNMENT(.rela.plt))
                [!provide]                        PROVIDE (__rela_iplt_start = .)
 *(SORT_BY_ALIGNMENT(.rela.iplt))
                [!provide]                        PROVIDE (__rela_iplt_end = .)

.rel.dyn
 *(SORT_BY_ALIGNMENT(.rel.*))

.rela.dyn
 *(SORT_BY_ALIGNMENT(.rela.*))

/DISCARD/
 *(SORT_BY_ALIGNMENT(.plt))

/DISCARD/
 *(SORT_BY_ALIGNMENT(.iplt))
                0x0000000000000000                __rom_region_start = 0x0

rom_start       0x0000000000000000      0x100
                0x0000000000000000                . = 0x0
                0x0000000000000000                . = ALIGN (0x4)
                0x0000000000000000                . = ALIGN (0x80)
                0x0000000000000000                . = ALIGN (0x100)
                0x0000000000000000                _vector_start = .
 *(SORT_BY_ALIGNMENT(.exc_vector_table))
 *(SORT_BY_ALIGNMENT(.exc_vector_table.*))
 .exc_vector_table._vector_table_section
                0x0000000000000000       0x40 zephyr/arch/arch/arm/core/aarch32/cortex_m/libarch__arm__core__aarch32__cortex_m.a(vector_table.S.obj)
                0x0000000000000000                _vector_table
 *(SORT_BY_ALIGNMENT(.gnu.linkonce.irq_vector_table*))
 .gnu.linkonce.irq_vector_table
                0x0000000000000040       0xc0 zephyr/arch/common/libisr_tables.a(isr_tables.c.obj)
                0x0000000000000040                _irq_vector_table
 *(SORT_BY_ALIGNMENT(.vectors))
                0x0000000000000100                _vector_end = .

text            0x0000000000000100     0xd310
                0x0000000000000100                __text_region_start = .
 *(SORT_BY_ALIGNMENT(.text))
 .text          0x0000000000000100       0x30 c:/ncs/toolchains/cf2149caf2/opt/zephyr-sdk/arm-zephyr-eabi/bin/../lib/gcc/arm-zephyr-eabi/12.2.0/thumb/v7e-m/nofp\libgcc.a(_aeabi_uldivmod.o)
                0x0000000000000100                __aeabi_uldivmod
 .text          0x0000000000000130        0x4 c:/ncs/toolchains/cf2149caf2/opt/zephyr-sdk/arm-zephyr-eabi/bin/../lib/gcc/arm-zephyr-eabi/12.2.0/thumb/v7e-m/nofp\libgcc.a(_dvmd_tls.o)
                0x0000000000000130                __aeabi_idiv0
                0x0000000000000130                __aeabi_ldiv0
 .text          0x0000000000000134      0x2a0 c:/ncs/toolchains/cf2149caf2/opt/zephyr-sdk/arm-zephyr-eabi/bin/../lib/gcc/arm-zephyr-eabi/12.2.0/thumb/v7e-m/nofp\libgcc.a(_udivmoddi4.o)
                0x0000000000000134                __udivmoddi4
 *(SORT_BY_ALIGNMENT(.text.*))
 .text.main     0x00000000000003d4       0xec app/libapp.a(main.c.obj)
                0x00000000000003d4                main
 .text.flash_device_get_binding
                0x00000000000004c0       0x18 app/libapp.a(flash_map_extended.c.obj)
                0x00000000000004c0                flash_device_get_binding
 .text.flash_area_sector_from_off
                0x00000000000004d8       0x24 app/libapp.a(flash_map_extended.c.obj)
                0x00000000000004d8                flash_area_sector_from_off
 .text.os_heap_init
                0x00000000000004fc       0x10 app/libapp.a(os.c.obj)
                0x00000000000004fc                os_heap_init
 .text.bootutil_img_validate
                0x000000000000050c      0x1fc app/libapp.a(image_validate.c.obj)
                0x000000000000050c                bootutil_img_validate
 .text.bootutil_verify_sig
                0x0000000000000708      0x1c0 app/libapp.a(image_rsa.c.obj)
                0x0000000000000708                bootutil_verify_sig
 .text.boot_read_swap_size
                0x00000000000008c8       0x7c app/libapp.a(bootutil_misc.c.obj)
                0x00000000000008c8                boot_read_swap_size
 .text.boot_validate_slot.isra.0
                0x0000000000000944       0xe0 app/libapp.a(loader.c.obj)
 .text.boot_swap_image
                0x0000000000000a24       0x64 app/libapp.a(loader.c.obj)
 .text.boot_copy_region
                0x0000000000000a88       0x84 app/libapp.a(loader.c.obj)
                0x0000000000000a88                boot_copy_region
 .text.context_boot_go
                0x0000000000000b0c      0x218 app/libapp.a(loader.c.obj)
                0x0000000000000b0c                context_boot_go
 .text.boot_go  0x0000000000000d24       0x20 app/libapp.a(loader.c.obj)
                0x0000000000000d24                boot_go
 .text.boot_read_image_header
                0x0000000000000d44       0x9c app/libapp.a(swap_move.c.obj)
                0x0000000000000d44                boot_read_image_header
 .text.fixup_revert
                0x0000000000000de0       0x50 app/libapp.a(swap_move.c.obj)
                0x0000000000000de0                fixup_revert
 .text.swap_run
                0x0000000000000e30      0x1e0 app/libapp.a(swap_move.c.obj)
                0x0000000000000e30                swap_run
 .text.nrf_cleanup_peripheral
                0x0000000000001010       0x60 app/libapp.a(nrf_cleanup.c.obj)
                0x0000000000001010                nrf_cleanup_peripheral
 .text.base64_encode
                0x0000000000001070      0x100 zephyr/libzephyr.a(base64.c.obj)
                0x0000000000001070                base64_encode
 .text.base64_decode
                0x0000000000001170      0x140 zephyr/libzephyr.a(base64.c.obj)
                0x0000000000001170                base64_decode
 .text.char_out
                0x00000000000012b0       0x10 zephyr/libzephyr.a(printk.c.obj)
 .text.vprintk  0x00000000000012c0       0x1c zephyr/libzephyr.a(printk.c.obj)
                0x00000000000012c0                vprintk
 .text.process_event
                0x00000000000012dc      0x21c zephyr/libzephyr.a(onoff.c.obj)
 .text.cbvprintf
                0x00000000000014f8      0x464 zephyr/libzephyr.a(cbprintf_nano.c.obj)
                0x00000000000014f8                cbvprintf
 .text.sys_reboot
                0x000000000000195c       0x28 zephyr/libzephyr.a(reboot.c.obj)
                0x000000000000195c                sys_reboot
 .text.class_handler
                0x0000000000001984       0x40 zephyr/libzephyr.a(usb_device.c.obj)
 .text.custom_handler
                0x00000000000019c4       0x60 zephyr/libzephyr.a(usb_device.c.obj)
 .text.vendor_handler
                0x0000000000001a24       0x3c zephyr/libzephyr.a(usb_device.c.obj)
 .text.set_endpoint
                0x0000000000001a60       0x54 zephyr/libzephyr.a(usb_device.c.obj)
 .text.usb_reset_alt_setting
                0x0000000000001ab4       0x10 zephyr/libzephyr.a(usb_device.c.obj)
 .text.is_ep_valid.part.0
                0x0000000000001ac4       0x38 zephyr/libzephyr.a(usb_device.c.obj)
 .text.usb_handle_request.constprop.0
                0x0000000000001afc       0x2c zephyr/libzephyr.a(usb_device.c.obj)
 .text.forward_status_cb
                0x0000000000001b28       0x98 zephyr/libzephyr.a(usb_device.c.obj)
 .text.usb_halt_endpoint_req.isra.0
                0x0000000000001bc0       0x50 zephyr/libzephyr.a(usb_device.c.obj)
 .text.usb_handle_standard_request
                0x0000000000001c10      0x2f0 zephyr/libzephyr.a(usb_device.c.obj)
 .text.usb_disable
                0x0000000000001f00       0x20 zephyr/libzephyr.a(usb_device.c.obj)
                0x0000000000001f00                usb_disable
 .text.usb_data_to_host
                0x0000000000001f20       0x54 zephyr/libzephyr.a(usb_device.c.obj)
 .text.usb_handle_control_transfer
                0x0000000000001f74       0xdc zephyr/libzephyr.a(usb_device.c.obj)
 .text.usb_set_config
                0x0000000000002050       0x2c zephyr/libzephyr.a(usb_device.c.obj)
                0x0000000000002050                usb_set_config
 .text.usb_device_init
                0x000000000000207c       0x24 zephyr/libzephyr.a(usb_device.c.obj)
 .text.usb_enable
                0x00000000000020a0       0xf0 zephyr/libzephyr.a(usb_device.c.obj)
                0x00000000000020a0                usb_enable
 .text.usb_update_sn_string_descriptor
                0x0000000000002190       0x84 zephyr/libzephyr.a(usb_descriptor.c.obj)
                0x0000000000002190                usb_update_sn_string_descriptor
 .text.usb_get_device_descriptor
                0x0000000000002214      0x1ac zephyr/libzephyr.a(usb_descriptor.c.obj)
                0x0000000000002214                usb_get_device_descriptor
 .text.usb_ep_get_transfer
                0x00000000000023c0       0x2c zephyr/libzephyr.a(usb_transfer.c.obj)
 .text.usb_transfer_work
                0x00000000000023ec      0x110 zephyr/libzephyr.a(usb_transfer.c.obj)
 .text.usb_transfer_ep_callback
                0x00000000000024fc       0x5c zephyr/libzephyr.a(usb_transfer.c.obj)
                0x00000000000024fc                usb_transfer_ep_callback
 .text.usb_transfer
                0x0000000000002558       0xe4 zephyr/libzephyr.a(usb_transfer.c.obj)
                0x0000000000002558                usb_transfer
 .text.usb_cancel_transfer
                0x000000000000263c       0x3c zephyr/libzephyr.a(usb_transfer.c.obj)
                0x000000000000263c                usb_cancel_transfer
 .text.usb_cancel_transfers
                0x0000000000002678       0x48 zephyr/libzephyr.a(usb_transfer.c.obj)
                0x0000000000002678                usb_cancel_transfers
 .text.usb_transfer_init
                0x00000000000026c0       0x34 zephyr/libzephyr.a(usb_transfer.c.obj)
                0x00000000000026c0                usb_transfer_init
 .text.cdc_acm_class_handle_req
                0x00000000000026f4       0x58 zephyr/libzephyr.a(cdc_acm.c.obj)
                0x00000000000026f4                cdc_acm_class_handle_req
 .text.cdc_acm_int_in
                0x000000000000274c       0x18 zephyr/libzephyr.a(cdc_acm.c.obj)
 .text.cdc_acm_irq_rx_enable
                0x0000000000002764       0x20 zephyr/libzephyr.a(cdc_acm.c.obj)
 .text.cdc_acm_irq_tx_enable
                0x0000000000002784       0x20 zephyr/libzephyr.a(cdc_acm.c.obj)
 .text.cdc_acm_reset_port
                0x00000000000027a4       0x34 zephyr/libzephyr.a(cdc_acm.c.obj)
 .text.cdc_acm_fifo_fill
                0x00000000000027d8       0x34 zephyr/libzephyr.a(cdc_acm.c.obj)
 .text.cdc_acm_read_cb
                0x000000000000280c       0x50 zephyr/libzephyr.a(cdc_acm.c.obj)
 .text.cdc_acm_poll_out
                0x000000000000285c       0x58 zephyr/libzephyr.a(cdc_acm.c.obj)
 .text.tx_work_handler
                0x00000000000028b4       0x54 zephyr/libzephyr.a(cdc_acm.c.obj)
 .text.cdc_acm_write_cb
                0x0000000000002908       0x3c zephyr/libzephyr.a(cdc_acm.c.obj)
 .text.cdc_acm_dev_status_cb
                0x0000000000002944       0xa0 zephyr/libzephyr.a(cdc_acm.c.obj)
 .text.cdc_acm_init
                0x00000000000029e4       0x48 zephyr/libzephyr.a(cdc_acm.c.obj)
 .text.cdc_acm_send_notification.isra.0
                0x0000000000002a2c       0x44 zephyr/libzephyr.a(cdc_acm.c.obj)
 .text.z_usb_work_q_init
                0x0000000000002a70       0x34 zephyr/libzephyr.a(usb_work_q.c.obj)
 .text.flash_area_open
                0x0000000000002aa4       0x40 zephyr/libzephyr.a(flash_map.c.obj)
                0x0000000000002aa4                flash_area_open
 .text.flash_area_get_sectors
                0x0000000000002ae4       0x68 zephyr/libzephyr.a(flash_map_layout.c.obj)
                0x0000000000002ae4                flash_area_get_sectors
 .text.nrf_cc3xx_platform_abort_init
                0x0000000000002b4c        0xc zephyr/libzephyr.a(nrf_cc3xx_platform_abort_zephyr.c.obj)
                0x0000000000002b4c                nrf_cc3xx_platform_abort_init
 .text.mutex_free_platform
                0x0000000000002b58       0x48 zephyr/libzephyr.a(nrf_cc3xx_platform_mutex_zephyr.c.obj)
 .text.mutex_lock_platform
                0x0000000000002ba0       0x58 zephyr/libzephyr.a(nrf_cc3xx_platform_mutex_zephyr.c.obj)
 .text.mutex_unlock_platform
                0x0000000000002bf8       0x4c zephyr/libzephyr.a(nrf_cc3xx_platform_mutex_zephyr.c.obj)
 .text.mutex_init_platform
                0x0000000000002c44       0x70 zephyr/libzephyr.a(nrf_cc3xx_platform_mutex_zephyr.c.obj)
 .text.nrf_cc3xx_platform_mutex_init
                0x0000000000002cb4       0x2c zephyr/libzephyr.a(nrf_cc3xx_platform_mutex_zephyr.c.obj)
                0x0000000000002cb4                nrf_cc3xx_platform_mutex_init
 .text.boot_uart_fifo_callback
                0x0000000000002ce0       0xa4 zephyr/libzephyr.a(serial_adapter.c.obj)
 .text.console_out
                0x0000000000002d84       0x18 zephyr/libzephyr.a(serial_adapter.c.obj)
                0x0000000000002d84                console_out
 .text.console_read
                0x0000000000002d9c       0x98 zephyr/libzephyr.a(serial_adapter.c.obj)
                0x0000000000002d9c                console_read
 .text.boot_console_init
                0x0000000000002e34       0xa0 zephyr/libzephyr.a(serial_adapter.c.obj)
                0x0000000000002e34                boot_console_init
 .text.boot_serial_output
                0x0000000000002ed4      0x110 zephyr/libzephyr.a(boot_serial.c.obj)
 .text.bs_rc_rsp
                0x0000000000002fe4       0x44 zephyr/libzephyr.a(boot_serial.c.obj)
 .text.boot_serial_in_dec.constprop.0
                0x0000000000003028       0x78 zephyr/libzephyr.a(boot_serial.c.obj)
 .text.boot_serial_input
                0x00000000000030a0      0x41c zephyr/libzephyr.a(boot_serial.c.obj)
                0x00000000000030a0                boot_serial_input
 .text.boot_serial_start
                0x00000000000034bc       0xb0 zephyr/libzephyr.a(boot_serial.c.obj)
                0x00000000000034bc                boot_serial_start
 .text.decode_Upload
                0x000000000000356c       0x40 zephyr/libzephyr.a(serial_recovery_cbor.c.obj)
 .text.decode_Member
                0x00000000000035ac       0xf8 zephyr/libzephyr.a(serial_recovery_cbor.c.obj)
 .text.cbor_decode_Upload
                0x00000000000036a4       0x1c zephyr/libzephyr.a(serial_recovery_cbor.c.obj)
                0x00000000000036a4                cbor_decode_Upload
 .text.z_arm_cpu_idle_init
                0x00000000000036c0        0xc zephyr/arch/arch/arm/core/aarch32/libarch__arm__core__aarch32.a(cpu_idle.S.obj)
                0x00000000000036c0                z_arm_cpu_idle_init
 .text.arch_cpu_idle
                0x00000000000036cc       0x1c zephyr/arch/arch/arm/core/aarch32/libarch__arm__core__aarch32.a(cpu_idle.S.obj)
                0x00000000000036cc                arch_cpu_idle
 .text.arch_cpu_atomic_idle
                0x00000000000036e8       0x14 zephyr/arch/arch/arm/core/aarch32/libarch__arm__core__aarch32.a(cpu_idle.S.obj)
                0x00000000000036e8                arch_cpu_atomic_idle
 .text.arch_irq_enable
                0x00000000000036fc       0x1c zephyr/arch/arch/arm/core/aarch32/libarch__arm__core__aarch32.a(irq_manage.c.obj)
                0x00000000000036fc                arch_irq_enable
 .text.arch_irq_disable
                0x0000000000003718       0x28 zephyr/arch/arch/arm/core/aarch32/libarch__arm__core__aarch32.a(irq_manage.c.obj)
                0x0000000000003718                arch_irq_disable
 .text.arch_irq_is_enabled
                0x0000000000003740       0x1c zephyr/arch/arch/arm/core/aarch32/libarch__arm__core__aarch32.a(irq_manage.c.obj)
                0x0000000000003740                arch_irq_is_enabled
 .text.z_arm_irq_priority_set
                0x000000000000375c       0x30 zephyr/arch/arch/arm/core/aarch32/libarch__arm__core__aarch32.a(irq_manage.c.obj)
                0x000000000000375c                z_arm_irq_priority_set
 .text.z_SysNmiOnReset
                0x000000000000378c        0x8 zephyr/arch/arch/arm/core/aarch32/libarch__arm__core__aarch32.a(nmi_on_reset.S.obj)
                0x000000000000378c                z_SysNmiOnReset
 .text.z_arm_prep_c
                0x0000000000003794       0x38 zephyr/arch/arch/arm/core/aarch32/libarch__arm__core__aarch32.a(prep_c.c.obj)
                0x0000000000003794                z_arm_prep_c
 .text.arch_swap
                0x00000000000037cc       0x34 zephyr/arch/arch/arm/core/aarch32/libarch__arm__core__aarch32.a(swap.c.obj)
                0x00000000000037cc                arch_swap
 .text.z_arm_pendsv
                0x0000000000003800       0x54 zephyr/arch/arch/arm/core/aarch32/libarch__arm__core__aarch32.a(swap_helper.S.obj)
                0x0000000000003800                z_arm_pendsv
 .text.z_arm_svc
                0x0000000000003854       0x20 zephyr/arch/arch/arm/core/aarch32/libarch__arm__core__aarch32.a(swap_helper.S.obj)
                0x0000000000003854                z_arm_svc
 .text.arch_new_thread
                0x0000000000003874       0x38 zephyr/arch/arch/arm/core/aarch32/libarch__arm__core__aarch32.a(thread.c.obj)
                0x0000000000003874                arch_new_thread
 .text.z_check_thread_stack_fail
                0x00000000000038ac       0x2c zephyr/arch/arch/arm/core/aarch32/libarch__arm__core__aarch32.a(thread.c.obj)
                0x00000000000038ac                z_check_thread_stack_fail
 .text.arch_switch_to_main_thread
                0x00000000000038d8       0x2c zephyr/arch/arch/arm/core/aarch32/libarch__arm__core__aarch32.a(thread.c.obj)
                0x00000000000038d8                arch_switch_to_main_thread
 .text._isr_wrapper
                0x0000000000003904       0x28 zephyr/arch/arch/arm/core/aarch32/libarch__arm__core__aarch32.a(isr_wrapper.S.obj)
                0x0000000000003904                _isr_wrapper
 .text._HandlerModeExit
                0x000000000000392c       0x1c zephyr/arch/arch/arm/core/aarch32/cortex_m/libarch__arm__core__aarch32__cortex_m.a(exc_exit.S.obj)
                0x000000000000392c                z_arm_int_exit
                0x000000000000392c                z_arm_exc_exit
 .text.bus_fault.constprop.0
                0x0000000000003948       0x3c zephyr/arch/arch/arm/core/aarch32/cortex_m/libarch__arm__core__aarch32__cortex_m.a(fault.c.obj)
 .text.mem_manage_fault.constprop.0
                0x0000000000003984       0x6c zephyr/arch/arch/arm/core/aarch32/cortex_m/libarch__arm__core__aarch32__cortex_m.a(fault.c.obj)
 .text.z_arm_fault
                0x00000000000039f0      0x10c zephyr/arch/arch/arm/core/aarch32/cortex_m/libarch__arm__core__aarch32__cortex_m.a(fault.c.obj)
                0x00000000000039f0                z_arm_fault
 .text.z_arm_fault_init
                0x0000000000003afc       0x10 zephyr/arch/arch/arm/core/aarch32/cortex_m/libarch__arm__core__aarch32__cortex_m.a(fault.c.obj)
                0x0000000000003afc                z_arm_fault_init
 .text.__fault  0x0000000000003b0c       0x14 zephyr/arch/arch/arm/core/aarch32/cortex_m/libarch__arm__core__aarch32__cortex_m.a(fault_s.S.obj)
                0x0000000000003b0c                z_arm_usage_fault
                0x0000000000003b0c                z_arm_mpu_fault
                0x0000000000003b0c                z_arm_exc_spurious
                0x0000000000003b0c                z_arm_debug_monitor
                0x0000000000003b0c                z_arm_hard_fault
                0x0000000000003b0c                z_arm_bus_fault
 .text.z_arm_interrupt_init
                0x0000000000003b20       0x18 zephyr/arch/arch/arm/core/aarch32/cortex_m/libarch__arm__core__aarch32__cortex_m.a(irq_init.c.obj)
                0x0000000000003b20                z_arm_interrupt_init
 .text._reset_section
                0x0000000000003b38       0x54 zephyr/arch/arch/arm/core/aarch32/cortex_m/libarch__arm__core__aarch32__cortex_m.a(reset.S.obj)
                0x0000000000003b38                __start
                0x0000000000003b38                z_arm_reset
 .text.z_arm_clear_arm_mpu_config
                0x0000000000003b8c       0x24 zephyr/arch/arch/arm/core/aarch32/cortex_m/libarch__arm__core__aarch32__cortex_m.a(scb.c.obj)
                0x0000000000003b8c                z_arm_clear_arm_mpu_config
 .text.z_arm_init_arch_hw_at_boot
                0x0000000000003bb0       0x64 zephyr/arch/arch/arm/core/aarch32/cortex_m/libarch__arm__core__aarch32__cortex_m.a(scb.c.obj)
                0x0000000000003bb0                z_arm_init_arch_hw_at_boot
 .text.z_impl_k_thread_abort
                0x0000000000003c14       0x24 zephyr/arch/arch/arm/core/aarch32/cortex_m/libarch__arm__core__aarch32__cortex_m.a(thread_abort.c.obj)
                0x0000000000003c14                z_impl_k_thread_abort
 .text.z_arm_configure_static_mpu_regions
                0x0000000000003c38       0x18 zephyr/arch/arch/arm/core/aarch32/mpu/libarch__arm__core__aarch32__mpu.a(arm_core_mpu.c.obj)
                0x0000000000003c38                z_arm_configure_static_mpu_regions
 .text.z_arm_configure_dynamic_mpu_regions
                0x0000000000003c50       0x20 zephyr/arch/arch/arm/core/aarch32/mpu/libarch__arm__core__aarch32__mpu.a(arm_core_mpu.c.obj)
                0x0000000000003c50                z_arm_configure_dynamic_mpu_regions
 .text.mpu_configure_regions
                0x0000000000003c70       0x88 zephyr/arch/arch/arm/core/aarch32/mpu/libarch__arm__core__aarch32__mpu.a(arm_mpu.c.obj)
 .text.arm_core_mpu_enable
                0x0000000000003cf8       0x18 zephyr/arch/arch/arm/core/aarch32/mpu/libarch__arm__core__aarch32__mpu.a(arm_mpu.c.obj)
                0x0000000000003cf8                arm_core_mpu_enable
 .text.arm_core_mpu_disable
                0x0000000000003d10       0x14 zephyr/arch/arch/arm/core/aarch32/mpu/libarch__arm__core__aarch32__mpu.a(arm_mpu.c.obj)
                0x0000000000003d10                arm_core_mpu_disable
 .text.arm_core_mpu_configure_static_mpu_regions
                0x0000000000003d24       0x14 zephyr/arch/arch/arm/core/aarch32/mpu/libarch__arm__core__aarch32__mpu.a(arm_mpu.c.obj)
                0x0000000000003d24                arm_core_mpu_configure_static_mpu_regions
 .text.arm_core_mpu_configure_dynamic_mpu_regions
                0x0000000000003d38       0x30 zephyr/arch/arch/arm/core/aarch32/mpu/libarch__arm__core__aarch32__mpu.a(arm_mpu.c.obj)
                0x0000000000003d38                arm_core_mpu_configure_dynamic_mpu_regions
 .text.z_arm_mpu_init
                0x0000000000003d68       0x60 zephyr/arch/arch/arm/core/aarch32/mpu/libarch__arm__core__aarch32__mpu.a(arm_mpu.c.obj)
                0x0000000000003d68                z_arm_mpu_init
 .text.nordicsemi_nrf52_init
                0x0000000000003dc8       0x30 zephyr/soc/arm/nordic_nrf/nrf52/libsoc__arm__nordic_nrf__nrf52.a(soc.c.obj)
 .text.sys_arch_reboot
                0x0000000000003df8       0x2c zephyr/soc/arm/nordic_nrf/nrf52/libsoc__arm__nordic_nrf__nrf52.a(soc.c.obj)
                0x0000000000003df8                sys_arch_reboot
 .text.arch_busy_wait
                0x0000000000003e24       0x14 zephyr/soc/arm/nordic_nrf/nrf52/libsoc__arm__nordic_nrf__nrf52.a(soc.c.obj)
                0x0000000000003e24                arch_busy_wait
 .text.endpoint_ctx
                0x0000000000003e38       0x60 zephyr/drivers/usb/device/libdrivers__usb__device.a(usb_dc_nrfx.c.obj)
 .text.usbd_evt_put
                0x0000000000003e98        0xc zephyr/drivers/usb/device/libdrivers__usb__device.a(usb_dc_nrfx.c.obj)
 .text.usbd_work_schedule
                0x0000000000003ea4       0x10 zephyr/drivers/usb/device/libdrivers__usb__device.a(usb_dc_nrfx.c.obj)
 .text.usb_init
                0x0000000000003eb4       0x48 zephyr/drivers/usb/device/libdrivers__usb__device.a(usb_dc_nrfx.c.obj)
 .text.usbd_evt_get
                0x0000000000003efc       0x10 zephyr/drivers/usb/device/libdrivers__usb__device.a(usb_dc_nrfx.c.obj)
 .text.usbd_evt_flush
                0x0000000000003f0c       0x1c zephyr/drivers/usb/device/libdrivers__usb__device.a(usb_dc_nrfx.c.obj)
 .text.usbd_evt_alloc
                0x0000000000003f28       0x44 zephyr/drivers/usb/device/libdrivers__usb__device.a(usb_dc_nrfx.c.obj)
 .text.usbd_event_transfer_data
                0x0000000000003f6c       0xa8 zephyr/drivers/usb/device/libdrivers__usb__device.a(usb_dc_nrfx.c.obj)
 .text.usb_dc_power_event_handler
                0x0000000000004014       0x34 zephyr/drivers/usb/device/libdrivers__usb__device.a(usb_dc_nrfx.c.obj)
 .text.hfxo_stop.constprop.0.isra.0
                0x0000000000004048       0x40 zephyr/drivers/usb/device/libdrivers__usb__device.a(usb_dc_nrfx.c.obj)
 .text.usbd_event_handler
                0x0000000000004088      0x11c zephyr/drivers/usb/device/libdrivers__usb__device.a(usb_dc_nrfx.c.obj)
 .text.eps_ctx_init
                0x00000000000041a4       0x68 zephyr/drivers/usb/device/libdrivers__usb__device.a(usb_dc_nrfx.c.obj)
 .text.usbd_work_handler
                0x000000000000420c      0x2e4 zephyr/drivers/usb/device/libdrivers__usb__device.a(usb_dc_nrfx.c.obj)
 .text.usb_dc_attach
                0x00000000000044f0       0x7c zephyr/drivers/usb/device/libdrivers__usb__device.a(usb_dc_nrfx.c.obj)
                0x00000000000044f0                usb_dc_attach
 .text.usb_dc_detach
                0x000000000000456c       0x98 zephyr/drivers/usb/device/libdrivers__usb__device.a(usb_dc_nrfx.c.obj)
                0x000000000000456c                usb_dc_detach
 .text.usb_dc_set_address
                0x0000000000004604       0x24 zephyr/drivers/usb/device/libdrivers__usb__device.a(usb_dc_nrfx.c.obj)
                0x0000000000004604                usb_dc_set_address
 .text.usb_dc_ep_configure
                0x0000000000004628       0x44 zephyr/drivers/usb/device/libdrivers__usb__device.a(usb_dc_nrfx.c.obj)
                0x0000000000004628                usb_dc_ep_configure
 .text.usb_dc_ep_set_stall
                0x000000000000466c       0x50 zephyr/drivers/usb/device/libdrivers__usb__device.a(usb_dc_nrfx.c.obj)
                0x000000000000466c                usb_dc_ep_set_stall
 .text.usb_dc_ep_clear_stall
                0x00000000000046bc       0x40 zephyr/drivers/usb/device/libdrivers__usb__device.a(usb_dc_nrfx.c.obj)
                0x00000000000046bc                usb_dc_ep_clear_stall
 .text.usb_dc_ep_is_stalled
                0x00000000000046fc       0x38 zephyr/drivers/usb/device/libdrivers__usb__device.a(usb_dc_nrfx.c.obj)
                0x00000000000046fc                usb_dc_ep_is_stalled
 .text.usb_dc_ep_enable
                0x0000000000004734       0x54 zephyr/drivers/usb/device/libdrivers__usb__device.a(usb_dc_nrfx.c.obj)
                0x0000000000004734                usb_dc_ep_enable
 .text.usb_dc_ep_disable
                0x0000000000004788       0x4c zephyr/drivers/usb/device/libdrivers__usb__device.a(usb_dc_nrfx.c.obj)
                0x0000000000004788                usb_dc_ep_disable
 .text.usb_dc_ep_write
                0x00000000000047d4       0xf8 zephyr/drivers/usb/device/libdrivers__usb__device.a(usb_dc_nrfx.c.obj)
                0x00000000000047d4                usb_dc_ep_write
 .text.usb_dc_ep_read_wait
                0x00000000000048cc       0x90 zephyr/drivers/usb/device/libdrivers__usb__device.a(usb_dc_nrfx.c.obj)
                0x00000000000048cc                usb_dc_ep_read_wait
 .text.usb_dc_ep_read_continue
                0x000000000000495c       0x84 zephyr/drivers/usb/device/libdrivers__usb__device.a(usb_dc_nrfx.c.obj)
                0x000000000000495c                usb_dc_ep_read_continue
 .text.usb_dc_ep_set_callback
                0x00000000000049e0       0x28 zephyr/drivers/usb/device/libdrivers__usb__device.a(usb_dc_nrfx.c.obj)
                0x00000000000049e0                usb_dc_ep_set_callback
 .text.usb_dc_set_status_callback
                0x0000000000004a08        0xc zephyr/drivers/usb/device/libdrivers__usb__device.a(usb_dc_nrfx.c.obj)
                0x0000000000004a08                usb_dc_set_status_callback
 .text.usb_dc_ep_mps
                0x0000000000004a14       0x24 zephyr/drivers/usb/device/libdrivers__usb__device.a(usb_dc_nrfx.c.obj)
                0x0000000000004a14                usb_dc_ep_mps
 .text.onoff_stop
                0x0000000000004a38       0x30 zephyr/drivers/clock_control/libdrivers__clock_control.a(clock_control_nrf.c.obj)
 .text.onoff_start
                0x0000000000004a68       0x44 zephyr/drivers/clock_control/libdrivers__clock_control.a(clock_control_nrf.c.obj)
 .text.clk_init
                0x0000000000004aac       0x60 zephyr/drivers/clock_control/libdrivers__clock_control.a(clock_control_nrf.c.obj)
 .text.clkstarted_handle.constprop.0
                0x0000000000004b0c       0x34 zephyr/drivers/clock_control/libdrivers__clock_control.a(clock_control_nrf.c.obj)
 .text.clock_event_handler
                0x0000000000004b40       0x1c zephyr/drivers/clock_control/libdrivers__clock_control.a(clock_control_nrf.c.obj)
 .text.generic_hfclk_start
                0x0000000000004b5c       0x64 zephyr/drivers/clock_control/libdrivers__clock_control.a(clock_control_nrf.c.obj)
 .text.api_blocking_start
                0x0000000000004bc0       0x34 zephyr/drivers/clock_control/libdrivers__clock_control.a(clock_control_nrf.c.obj)
 .text.generic_hfclk_stop
                0x0000000000004bf4       0x2c zephyr/drivers/clock_control/libdrivers__clock_control.a(clock_control_nrf.c.obj)
 .text.z_nrf_clock_control_get_onoff
                0x0000000000004c20       0x10 zephyr/drivers/clock_control/libdrivers__clock_control.a(clock_control_nrf.c.obj)
                0x0000000000004c20                z_nrf_clock_control_get_onoff
 .text.z_nrf_clock_control_lf_on
                0x0000000000004c30       0xfc zephyr/drivers/clock_control/libdrivers__clock_control.a(clock_control_nrf.c.obj)
                0x0000000000004c30                z_nrf_clock_control_lf_on
 .text.gpio_nrfx_pin_interrupt_configure
                0x0000000000004d2c       0xd4 zephyr/drivers/gpio/libdrivers__gpio.a(gpio_nrfx.c.obj)
 .text.gpio_nrfx_init
                0x0000000000004e00       0x38 zephyr/drivers/gpio/libdrivers__gpio.a(gpio_nrfx.c.obj)
 .text.nrfx_gpio_handler
                0x0000000000004e38       0x4c zephyr/drivers/gpio/libdrivers__gpio.a(gpio_nrfx.c.obj)
 .text.gpio_nrfx_pin_configure
                0x0000000000004e84      0x14c zephyr/drivers/gpio/libdrivers__gpio.a(gpio_nrfx.c.obj)
 .text.flash_nrf_pages_layout
                0x0000000000004fd0       0x10 zephyr/drivers/flash/libdrivers__flash.a(soc_flash_nrf.c.obj)
 .text.flash_nrf_get_parameters
                0x0000000000004fe0        0x8 zephyr/drivers/flash/libdrivers__flash.a(soc_flash_nrf.c.obj)
 .text.nrf_flash_init
                0x0000000000004fe8       0x28 zephyr/drivers/flash/libdrivers__flash.a(soc_flash_nrf.c.obj)
 .text.restore_pofwarn.part.0
                0x0000000000005010       0x2c zephyr/drivers/flash/libdrivers__flash.a(soc_flash_nrf.c.obj)
 .text.suspend_pofwarn
                0x000000000000503c       0x58 zephyr/drivers/flash/libdrivers__flash.a(soc_flash_nrf.c.obj)
 .text.flash_nrf_erase
                0x0000000000005094       0x88 zephyr/drivers/flash/libdrivers__flash.a(soc_flash_nrf.c.obj)
 .text.flash_nrf_write
                0x000000000000511c       0x8c zephyr/drivers/flash/libdrivers__flash.a(soc_flash_nrf.c.obj)
 .text.nrf_gpio_pin_port_decode
                0x00000000000051a8       0x1c zephyr/drivers/serial/libdrivers__serial.a(uart_nrfx_uarte.c.obj)
 .text.uarte_nrfx_configure
                0x00000000000051c4      0x164 zephyr/drivers/serial/libdrivers__serial.a(uart_nrfx_uarte.c.obj)
 .text.uarte_nrfx_poll_out
                0x0000000000005328       0x94 zephyr/drivers/serial/libdrivers__serial.a(uart_nrfx_uarte.c.obj)
 .text.uarte_instance_init.constprop.0
                0x00000000000053bc      0x17c zephyr/drivers/serial/libdrivers__serial.a(uart_nrfx_uarte.c.obj)
 .text.compare_int_lock
                0x0000000000005538       0x48 zephyr/drivers/timer/libdrivers__timer.a(nrf_rtc_timer.c.obj)
 .text.sys_clock_timeout_handler
                0x0000000000005580       0x80 zephyr/drivers/timer/libdrivers__timer.a(nrf_rtc_timer.c.obj)
 .text.compare_int_unlock
                0x0000000000005600       0x5c zephyr/drivers/timer/libdrivers__timer.a(nrf_rtc_timer.c.obj)
 .text.z_nrf_rtc_timer_read
                0x000000000000565c       0x44 zephyr/drivers/timer/libdrivers__timer.a(nrf_rtc_timer.c.obj)
                0x000000000000565c                z_nrf_rtc_timer_read
 .text.compare_set
                0x00000000000056a0      0x148 zephyr/drivers/timer/libdrivers__timer.a(nrf_rtc_timer.c.obj)
 .text.sys_clock_driver_init
                0x00000000000057e8       0x80 zephyr/drivers/timer/libdrivers__timer.a(nrf_rtc_timer.c.obj)
 .text.rtc_nrf_isr
                0x0000000000005868       0xe4 zephyr/drivers/timer/libdrivers__timer.a(nrf_rtc_timer.c.obj)
                0x0000000000005868                rtc_nrf_isr
 .text.sys_clock_set_timeout
                0x000000000000594c       0x60 zephyr/drivers/timer/libdrivers__timer.a(nrf_rtc_timer.c.obj)
                0x000000000000594c                sys_clock_set_timeout
 .text.sys_clock_elapsed
                0x00000000000059ac       0x14 zephyr/drivers/timer/libdrivers__timer.a(nrf_rtc_timer.c.obj)
                0x00000000000059ac                sys_clock_elapsed
 .text.find_free_region
                0x00000000000059c0       0x3c modules/nrf/lib/fprotect/lib..__nrf__lib__fprotect.a(fprotect_acl.c.obj)
 .text.boot_write_magic
                0x00000000000059fc       0x1c modules/mcuboot/boot/bootutil/zephyr/libmcuboot_util.a(bootutil_public.c.obj)
                0x00000000000059fc                boot_write_magic
 .text.boot_read_swap_state
                0x0000000000005a18       0xa0 modules/mcuboot/boot/bootutil/zephyr/libmcuboot_util.a(bootutil_public.c.obj)
                0x0000000000005a18                boot_read_swap_state
 .text.boot_swap_type_multi
                0x0000000000005ab8       0x94 modules/mcuboot/boot/bootutil/zephyr/libmcuboot_util.a(bootutil_public.c.obj)
                0x0000000000005ab8                boot_swap_type_multi
 .text.verify_header
                0x0000000000005b4c       0x40 modules/mbedtls/libmodules__mbedtls.a(memory_buffer_alloc.c.obj)
 .text.verify_chain
                0x0000000000005b8c       0x3c modules/mbedtls/libmodules__mbedtls.a(memory_buffer_alloc.c.obj)
 .text.buffer_alloc_calloc
                0x0000000000005bc8      0x118 modules/mbedtls/libmodules__mbedtls.a(memory_buffer_alloc.c.obj)
 .text.buffer_alloc_free
                0x0000000000005ce0      0x114 modules/mbedtls/libmodules__mbedtls.a(memory_buffer_alloc.c.obj)
 .text.mbedtls_memory_buffer_alloc_init
                0x0000000000005df4       0x64 modules/mbedtls/libmodules__mbedtls.a(memory_buffer_alloc.c.obj)
                0x0000000000005df4                mbedtls_memory_buffer_alloc_init
 .text.mbedtls_calloc
                0x0000000000005e58        0xc modules/mbedtls/libmodules__mbedtls.a(platform.c.obj)
                0x0000000000005e58                mbedtls_calloc
 .text.mbedtls_free
                0x0000000000005e64        0xc modules/mbedtls/libmodules__mbedtls.a(platform.c.obj)
                0x0000000000005e64                mbedtls_free
 .text.mbedtls_platform_set_calloc_free
                0x0000000000005e70       0x14 modules/mbedtls/libmodules__mbedtls.a(platform.c.obj)
                0x0000000000005e70                mbedtls_platform_set_calloc_free
 .text.rsa_check_context.constprop.0
                0x0000000000005e84       0xb8 modules/mbedtls/libmodules__mbedtls.a(rsa.c.obj)
 .text.mbedtls_rsa_check_pubkey
                0x0000000000005f3c       0x4c modules/mbedtls/libmodules__mbedtls.a(rsa.c.obj)
                0x0000000000005f3c                mbedtls_rsa_check_pubkey
 .text.mbedtls_rsa_public
                0x0000000000005f88       0x90 modules/mbedtls/libmodules__mbedtls.a(rsa.c.obj)
                0x0000000000005f88                mbedtls_rsa_public
 .text.mbedtls_sha256_starts
                0x0000000000006018       0xc4 modules/mbedtls/libmodules__mbedtls.a(sha256.c.obj)
                0x0000000000006018                mbedtls_sha256_starts
 .text.mbedtls_internal_sha256_process
                0x00000000000060dc      0x148 modules/mbedtls/libmodules__mbedtls.a(sha256.c.obj)
                0x00000000000060dc                mbedtls_internal_sha256_process
 .text.nrf52_errata_98
                0x0000000000006224       0x24 modules/hal_nordic/nrfx/libmodules__hal_nordic__nrfx.a(system_nrf52840.c.obj)
 .text.SystemInit
                0x0000000000006248      0x164 modules/hal_nordic/nrfx/libmodules__hal_nordic__nrfx.a(system_nrf52840.c.obj)
                0x0000000000006248                SystemInit
 .text.nrfx_flag32_alloc
                0x00000000000063ac       0x3c modules/hal_nordic/nrfx/libmodules__hal_nordic__nrfx.a(nrfx_flag32_allocator.c.obj)
                0x00000000000063ac                nrfx_flag32_alloc
 .text.nrfx_flag32_free
                0x00000000000063e8       0x40 modules/hal_nordic/nrfx/libmodules__hal_nordic__nrfx.a(nrfx_flag32_allocator.c.obj)
                0x00000000000063e8                nrfx_flag32_free
 .text.nrfx_clock_init
                0x0000000000006428       0x20 modules/hal_nordic/nrfx/libmodules__hal_nordic__nrfx.a(nrfx_clock.c.obj)
                0x0000000000006428                nrfx_clock_init
 .text.nrfx_clock_enable
                0x0000000000006448       0x1c modules/hal_nordic/nrfx/libmodules__hal_nordic__nrfx.a(nrfx_clock.c.obj)
                0x0000000000006448                nrfx_clock_enable
 .text.nrfx_clock_stop
                0x0000000000006464       0x78 modules/hal_nordic/nrfx/libmodules__hal_nordic__nrfx.a(nrfx_clock.c.obj)
                0x0000000000006464                nrfx_clock_stop
 .text.nrfx_clock_irq_handler
                0x00000000000064dc       0x68 modules/hal_nordic/nrfx/libmodules__hal_nordic__nrfx.a(nrfx_clock.c.obj)
                0x00000000000064dc                nrfx_clock_irq_handler
 .text.nrf_gpio_pin_port_decode
                0x0000000000006544       0x1c modules/hal_nordic/nrfx/libmodules__hal_nordic__nrfx.a(nrfx_gpiote.c.obj)
 .text.pin_in_use_by_te
                0x0000000000006560       0x14 modules/hal_nordic/nrfx/libmodules__hal_nordic__nrfx.a(nrfx_gpiote.c.obj)
 .text.call_handler
                0x0000000000006574       0x3c modules/hal_nordic/nrfx/libmodules__hal_nordic__nrfx.a(nrfx_gpiote.c.obj)
 .text.release_handler
                0x00000000000065b0       0x54 modules/hal_nordic/nrfx/libmodules__hal_nordic__nrfx.a(nrfx_gpiote.c.obj)
 .text.pin_handler_trigger_uninit
                0x0000000000006604       0x38 modules/hal_nordic/nrfx/libmodules__hal_nordic__nrfx.a(nrfx_gpiote.c.obj)
 .text.nrfx_gpiote_input_configure
                0x000000000000663c      0x15c modules/hal_nordic/nrfx/libmodules__hal_nordic__nrfx.a(nrfx_gpiote.c.obj)
                0x000000000000663c                nrfx_gpiote_input_configure
 .text.nrfx_gpiote_output_configure
                0x0000000000006798       0xe0 modules/hal_nordic/nrfx/libmodules__hal_nordic__nrfx.a(nrfx_gpiote.c.obj)
                0x0000000000006798                nrfx_gpiote_output_configure
 .text.nrfx_gpiote_global_callback_set
                0x0000000000006878        0xc modules/hal_nordic/nrfx/libmodules__hal_nordic__nrfx.a(nrfx_gpiote.c.obj)
                0x0000000000006878                nrfx_gpiote_global_callback_set
 .text.nrfx_gpiote_channel_get
                0x0000000000006884       0x2c modules/hal_nordic/nrfx/libmodules__hal_nordic__nrfx.a(nrfx_gpiote.c.obj)
                0x0000000000006884                nrfx_gpiote_channel_get
 .text.nrfx_gpiote_init
                0x00000000000068b0       0x50 modules/hal_nordic/nrfx/libmodules__hal_nordic__nrfx.a(nrfx_gpiote.c.obj)
                0x00000000000068b0                nrfx_gpiote_init
 .text.nrfx_gpiote_is_init
                0x0000000000006900       0x14 modules/hal_nordic/nrfx/libmodules__hal_nordic__nrfx.a(nrfx_gpiote.c.obj)
                0x0000000000006900                nrfx_gpiote_is_init
 .text.nrfx_gpiote_channel_free
                0x0000000000006914        0xc modules/hal_nordic/nrfx/libmodules__hal_nordic__nrfx.a(nrfx_gpiote.c.obj)
                0x0000000000006914                nrfx_gpiote_channel_free
 .text.nrfx_gpiote_channel_alloc
                0x0000000000006920        0xc modules/hal_nordic/nrfx/libmodules__hal_nordic__nrfx.a(nrfx_gpiote.c.obj)
                0x0000000000006920                nrfx_gpiote_channel_alloc
 .text.nrfx_gpiote_trigger_enable
                0x000000000000692c       0x90 modules/hal_nordic/nrfx/libmodules__hal_nordic__nrfx.a(nrfx_gpiote.c.obj)
                0x000000000000692c                nrfx_gpiote_trigger_enable
 .text.nrfx_gpiote_trigger_disable
                0x00000000000069bc       0x50 modules/hal_nordic/nrfx/libmodules__hal_nordic__nrfx.a(nrfx_gpiote.c.obj)
                0x00000000000069bc                nrfx_gpiote_trigger_disable
 .text.nrfx_gpiote_pin_uninit
                0x0000000000006a0c       0x48 modules/hal_nordic/nrfx/libmodules__hal_nordic__nrfx.a(nrfx_gpiote.c.obj)
                0x0000000000006a0c                nrfx_gpiote_pin_uninit
 .text.nrfx_gpiote_irq_handler
                0x0000000000006a54      0x1bc modules/hal_nordic/nrfx/libmodules__hal_nordic__nrfx.a(nrfx_gpiote.c.obj)
                0x0000000000006a54                nrfx_gpiote_irq_handler
 .text.nvmc_word_write
                0x0000000000006c10       0x18 modules/hal_nordic/nrfx/libmodules__hal_nordic__nrfx.a(nrfx_nvmc.c.obj)
 .text.nrfx_nvmc_page_erase
                0x0000000000006c28       0x40 modules/hal_nordic/nrfx/libmodules__hal_nordic__nrfx.a(nrfx_nvmc.c.obj)
                0x0000000000006c28                nrfx_nvmc_page_erase
 .text.nrfx_nvmc_word_write
                0x0000000000006c68       0x1c modules/hal_nordic/nrfx/libmodules__hal_nordic__nrfx.a(nrfx_nvmc.c.obj)
                0x0000000000006c68                nrfx_nvmc_word_write
 .text.nrfx_power_init
                0x0000000000006c84       0x70 modules/hal_nordic/nrfx/libmodules__hal_nordic__nrfx.a(nrfx_power.c.obj)
                0x0000000000006c84                nrfx_power_init
 .text.nrfx_power_usbevt_uninit
                0x0000000000006cf4       0x18 modules/hal_nordic/nrfx/libmodules__hal_nordic__nrfx.a(nrfx_power.c.obj)
                0x0000000000006cf4                nrfx_power_usbevt_uninit
 .text.nrfx_power_usbevt_init
                0x0000000000006d0c       0x14 modules/hal_nordic/nrfx/libmodules__hal_nordic__nrfx.a(nrfx_power.c.obj)
                0x0000000000006d0c                nrfx_power_usbevt_init
 .text.nrfx_power_irq_handler
                0x0000000000006d20       0xa0 modules/hal_nordic/nrfx/libmodules__hal_nordic__nrfx.a(nrfx_power.c.obj)
                0x0000000000006d20                nrfx_power_irq_handler
 .text.nrfx_ppi_channel_alloc
                0x0000000000006dc0        0xc modules/hal_nordic/nrfx/libmodules__hal_nordic__nrfx.a(nrfx_ppi.c.obj)
                0x0000000000006dc0                nrfx_ppi_channel_alloc
 .text.nrf52_errata_187
                0x0000000000006dcc       0x28 modules/hal_nordic/nrfx/libmodules__hal_nordic__nrfx.a(nrfx_usbd.c.obj)
 .text.ep_state_access
                0x0000000000006df4       0x1c modules/hal_nordic/nrfx/libmodules__hal_nordic__nrfx.a(nrfx_usbd.c.obj)
 .text.ev_usbreset_handler
                0x0000000000006e10       0x2c modules/hal_nordic/nrfx/libmodules__hal_nordic__nrfx.a(nrfx_usbd.c.obj)
 .text.ev_usbevent_handler
                0x0000000000006e3c       0x74 modules/hal_nordic/nrfx/libmodules__hal_nordic__nrfx.a(nrfx_usbd.c.obj)
 .text.usbd_errata_187_211_begin
                0x0000000000006eb0       0x40 modules/hal_nordic/nrfx/libmodules__hal_nordic__nrfx.a(nrfx_usbd.c.obj)
 .text.usbd_errata_187_211_end
                0x0000000000006ef0       0x40 modules/hal_nordic/nrfx/libmodules__hal_nordic__nrfx.a(nrfx_usbd.c.obj)
 .text.nrfx_usbd_feeder_flash
                0x0000000000006f30       0x38 modules/hal_nordic/nrfx/libmodules__hal_nordic__nrfx.a(nrfx_usbd.c.obj)
                0x0000000000006f30                nrfx_usbd_feeder_flash
 .text.nrfx_usbd_feeder_flash_zlp
                0x0000000000006f68       0x3c modules/hal_nordic/nrfx/libmodules__hal_nordic__nrfx.a(nrfx_usbd.c.obj)
                0x0000000000006f68                nrfx_usbd_feeder_flash_zlp
 .text.ev_sof_handler
                0x0000000000006fa4       0x44 modules/hal_nordic/nrfx/libmodules__hal_nordic__nrfx.a(nrfx_usbd.c.obj)
 .text.atomic_and.constprop.0.isra.0
                0x0000000000006fe8       0x20 modules/hal_nordic/nrfx/libmodules__hal_nordic__nrfx.a(nrfx_usbd.c.obj)
 .text.usbd_dma_pending_clear
                0x0000000000007008       0x24 modules/hal_nordic/nrfx/libmodules__hal_nordic__nrfx.a(nrfx_usbd.c.obj)
 .text.nrf_usbd_ep0in_dma_handler
                0x000000000000702c       0x2c modules/hal_nordic/nrfx/libmodules__hal_nordic__nrfx.a(nrfx_usbd.c.obj)
 .text.usbd_ep_data_handler
                0x0000000000007058       0x8c modules/hal_nordic/nrfx/libmodules__hal_nordic__nrfx.a(nrfx_usbd.c.obj)
 .text.ev_setup_data_handler
                0x00000000000070e4       0x1c modules/hal_nordic/nrfx/libmodules__hal_nordic__nrfx.a(nrfx_usbd.c.obj)
 .text.ev_dma_epout8_handler
                0x0000000000007100       0x40 modules/hal_nordic/nrfx/libmodules__hal_nordic__nrfx.a(nrfx_usbd.c.obj)
 .text.ev_dma_epin8_handler
                0x0000000000007140       0x50 modules/hal_nordic/nrfx/libmodules__hal_nordic__nrfx.a(nrfx_usbd.c.obj)
 .text.nrfx_usbd_uninit
                0x0000000000007190       0x14 modules/hal_nordic/nrfx/libmodules__hal_nordic__nrfx.a(nrfx_usbd.c.obj)
                0x0000000000007190                nrfx_usbd_uninit
 .text.nrfx_usbd_enable
                0x00000000000071a4      0x14c modules/hal_nordic/nrfx/libmodules__hal_nordic__nrfx.a(nrfx_usbd.c.obj)
                0x00000000000071a4                nrfx_usbd_enable
 .text.nrfx_usbd_start
                0x00000000000072f0       0x3c modules/hal_nordic/nrfx/libmodules__hal_nordic__nrfx.a(nrfx_usbd.c.obj)
                0x00000000000072f0                nrfx_usbd_start
 .text.nrfx_usbd_is_initialized
                0x000000000000732c       0x10 modules/hal_nordic/nrfx/libmodules__hal_nordic__nrfx.a(nrfx_usbd.c.obj)
                0x000000000000732c                nrfx_usbd_is_initialized
 .text.nrfx_usbd_is_enabled
                0x000000000000733c       0x14 modules/hal_nordic/nrfx/libmodules__hal_nordic__nrfx.a(nrfx_usbd.c.obj)
                0x000000000000733c                nrfx_usbd_is_enabled
 .text.nrfx_usbd_init
                0x0000000000007350       0x84 modules/hal_nordic/nrfx/libmodules__hal_nordic__nrfx.a(nrfx_usbd.c.obj)
                0x0000000000007350                nrfx_usbd_init
 .text.nrfx_usbd_ep_transfer
                0x00000000000073d4       0xf4 modules/hal_nordic/nrfx/libmodules__hal_nordic__nrfx.a(nrfx_usbd.c.obj)
                0x00000000000073d4                nrfx_usbd_ep_transfer
 .text.nrfx_usbd_epout_size_get
                0x00000000000074c8       0x28 modules/hal_nordic/nrfx/libmodules__hal_nordic__nrfx.a(nrfx_usbd.c.obj)
                0x00000000000074c8                nrfx_usbd_epout_size_get
 .text.usbd_dmareq_process
                0x00000000000074f0      0x198 modules/hal_nordic/nrfx/libmodules__hal_nordic__nrfx.a(nrfx_usbd.c.obj)
 .text.ev_epdata_handler
                0x0000000000007688       0x44 modules/hal_nordic/nrfx/libmodules__hal_nordic__nrfx.a(nrfx_usbd.c.obj)
 .text.nrf_usbd_epout_dma_handler
                0x00000000000076cc       0x64 modules/hal_nordic/nrfx/libmodules__hal_nordic__nrfx.a(nrfx_usbd.c.obj)
 .text.nrfx_usbd_ep_stall
                0x0000000000007730       0x10 modules/hal_nordic/nrfx/libmodules__hal_nordic__nrfx.a(nrfx_usbd.c.obj)
                0x0000000000007730                nrfx_usbd_ep_stall
 .text.nrfx_usbd_ep_stall_check
                0x0000000000007740       0x34 modules/hal_nordic/nrfx/libmodules__hal_nordic__nrfx.a(nrfx_usbd.c.obj)
                0x0000000000007740                nrfx_usbd_ep_stall_check
 .text.nrfx_usbd_ep_dtoggle_clear
                0x0000000000007774       0x18 modules/hal_nordic/nrfx/libmodules__hal_nordic__nrfx.a(nrfx_usbd.c.obj)
                0x0000000000007774                nrfx_usbd_ep_dtoggle_clear
 .text.nrfx_usbd_setup_get
                0x000000000000778c       0x4c modules/hal_nordic/nrfx/libmodules__hal_nordic__nrfx.a(nrfx_usbd.c.obj)
                0x000000000000778c                nrfx_usbd_setup_get
 .text.nrfx_usbd_setup_data_clear
                0x00000000000077d8       0x10 modules/hal_nordic/nrfx/libmodules__hal_nordic__nrfx.a(nrfx_usbd.c.obj)
                0x00000000000077d8                nrfx_usbd_setup_data_clear
 .text.ev_dma_epout0_handler
                0x00000000000077e8       0x50 modules/hal_nordic/nrfx/libmodules__hal_nordic__nrfx.a(nrfx_usbd.c.obj)
 .text.nrfx_usbd_setup_clear
                0x0000000000007838       0x10 modules/hal_nordic/nrfx/libmodules__hal_nordic__nrfx.a(nrfx_usbd.c.obj)
                0x0000000000007838                nrfx_usbd_setup_clear
 .text.nrfx_usbd_setup_stall
                0x0000000000007848       0x10 modules/hal_nordic/nrfx/libmodules__hal_nordic__nrfx.a(nrfx_usbd.c.obj)
                0x0000000000007848                nrfx_usbd_setup_stall
 .text.nrfx_usbd_last_setup_dir_get
                0x0000000000007858        0xc modules/hal_nordic/nrfx/libmodules__hal_nordic__nrfx.a(nrfx_usbd.c.obj)
                0x0000000000007858                nrfx_usbd_last_setup_dir_get
 .text.nrfx_usbd_transfer_out_drop
                0x0000000000007864       0x54 modules/hal_nordic/nrfx/libmodules__hal_nordic__nrfx.a(nrfx_usbd.c.obj)
                0x0000000000007864                nrfx_usbd_transfer_out_drop
 .text.usbd_ep_abort
                0x00000000000078b8       0xf4 modules/hal_nordic/nrfx/libmodules__hal_nordic__nrfx.a(nrfx_usbd.c.obj)
 .text.ev_setup_handler
                0x00000000000079ac       0x68 modules/hal_nordic/nrfx/libmodules__hal_nordic__nrfx.a(nrfx_usbd.c.obj)
 .text.nrfx_usbd_irq_handler
                0x0000000000007a14       0x7c modules/hal_nordic/nrfx/libmodules__hal_nordic__nrfx.a(nrfx_usbd.c.obj)
                0x0000000000007a14                nrfx_usbd_irq_handler
 .text.usbd_ep_abort_all
                0x0000000000007a90       0x4c modules/hal_nordic/nrfx/libmodules__hal_nordic__nrfx.a(nrfx_usbd.c.obj)
 .text.nrfx_usbd_stop
                0x0000000000007adc       0x3c modules/hal_nordic/nrfx/libmodules__hal_nordic__nrfx.a(nrfx_usbd.c.obj)
                0x0000000000007adc                nrfx_usbd_stop
 .text.nrfx_usbd_disable
                0x0000000000007b18       0x30 modules/hal_nordic/nrfx/libmodules__hal_nordic__nrfx.a(nrfx_usbd.c.obj)
                0x0000000000007b18                nrfx_usbd_disable
 .text.nrfx_usbd_suspend
                0x0000000000007b48       0x5c modules/hal_nordic/nrfx/libmodules__hal_nordic__nrfx.a(nrfx_usbd.c.obj)
                0x0000000000007b48                nrfx_usbd_suspend
 .text.nrfx_usbd_ep_disable
                0x0000000000007ba4       0x58 modules/hal_nordic/nrfx/libmodules__hal_nordic__nrfx.a(nrfx_usbd.c.obj)
                0x0000000000007ba4                nrfx_usbd_ep_disable
 .text.nrfx_usbd_ep_enable
                0x0000000000007bfc       0xa8 modules/hal_nordic/nrfx/libmodules__hal_nordic__nrfx.a(nrfx_usbd.c.obj)
                0x0000000000007bfc                nrfx_usbd_ep_enable
 .text.nrfx_usbd_ep_stall_clear
                0x0000000000007ca4       0x20 modules/hal_nordic/nrfx/libmodules__hal_nordic__nrfx.a(nrfx_usbd.c.obj)
                0x0000000000007ca4                nrfx_usbd_ep_stall_clear
 .text.z_sys_init_run_level
                0x0000000000007cc4       0x40 zephyr/kernel/libkernel.a(device.c.obj)
                0x0000000000007cc4                z_sys_init_run_level
 .text.z_impl_device_get_binding
                0x0000000000007d04       0x54 zephyr/kernel/libkernel.a(device.c.obj)
                0x0000000000007d04                z_impl_device_get_binding
 .text.init_idle_thread
                0x0000000000007d58       0x58 zephyr/kernel/libkernel.a(init.c.obj)
 .text.bg_thread_main
                0x0000000000007db0       0x34 zephyr/kernel/libkernel.a(init.c.obj)
 .text.z_bss_zero
                0x0000000000007de4       0x14 zephyr/kernel/libkernel.a(init.c.obj)
                0x0000000000007de4                z_bss_zero
 .text.z_cstart
                0x0000000000007df8       0xe4 zephyr/kernel/libkernel.a(init.c.obj)
                0x0000000000007df8                z_cstart
 .text.init_mem_slab_module
                0x0000000000007edc       0x44 zephyr/kernel/libkernel.a(mem_slab.c.obj)
 .text.k_mem_slab_alloc
                0x0000000000007f20       0x5c zephyr/kernel/libkernel.a(mem_slab.c.obj)
                0x0000000000007f20                k_mem_slab_alloc
 .text.z_setup_new_thread
                0x0000000000007f7c       0x64 zephyr/kernel/libkernel.a(thread.c.obj)
                0x0000000000007f7c                z_setup_new_thread
 .text.z_impl_k_thread_create
                0x0000000000007fe0       0x58 zephyr/kernel/libkernel.a(thread.c.obj)
                0x0000000000007fe0                z_impl_k_thread_create
 .text.z_init_static_threads
                0x0000000000008038       0xb8 zephyr/kernel/libkernel.a(thread.c.obj)
                0x0000000000008038                z_init_static_threads
 .text.z_impl_k_mutex_lock
                0x00000000000080f0       0xf0 zephyr/kernel/libkernel.a(mutex.c.obj)
                0x00000000000080f0                z_impl_k_mutex_lock
 .text.z_impl_k_mutex_unlock
                0x00000000000081e0       0x84 zephyr/kernel/libkernel.a(mutex.c.obj)
                0x00000000000081e0                z_impl_k_mutex_unlock
 .text.z_impl_k_queue_get
                0x0000000000008264       0x68 zephyr/kernel/libkernel.a(queue.c.obj)
                0x0000000000008264                z_impl_k_queue_get
 .text.z_impl_k_sem_give
                0x00000000000082cc       0x40 zephyr/kernel/libkernel.a(sem.c.obj)
                0x00000000000082cc                z_impl_k_sem_give
 .text.z_impl_k_sem_take
                0x000000000000830c       0x50 zephyr/kernel/libkernel.a(sem.c.obj)
                0x000000000000830c                z_impl_k_sem_take
 .text.work_queue_main
                0x000000000000835c      0x14c zephyr/kernel/libkernel.a(work.c.obj)
 .text.submit_to_queue_locked
                0x00000000000084a8       0xb0 zephyr/kernel/libkernel.a(work.c.obj)
 .text.k_work_queue_start
                0x0000000000008558       0x70 zephyr/kernel/libkernel.a(work.c.obj)
                0x0000000000008558                k_work_queue_start
 .text.z_reset_time_slice
                0x00000000000085c8       0x2c zephyr/kernel/libkernel.a(sched.c.obj)
                0x00000000000085c8                z_reset_time_slice
 .text.update_cache
                0x00000000000085f4       0x38 zephyr/kernel/libkernel.a(sched.c.obj)
 .text.move_thread_to_end_of_prio_q
                0x000000000000862c       0x74 zephyr/kernel/libkernel.a(sched.c.obj)
 .text.ready_thread
                0x00000000000086a0       0x6c zephyr/kernel/libkernel.a(sched.c.obj)
 .text.unready_thread
                0x000000000000870c       0x30 zephyr/kernel/libkernel.a(sched.c.obj)
 .text.pend     0x000000000000873c       0x4c zephyr/kernel/libkernel.a(sched.c.obj)
 .text.k_sched_time_slice_set
                0x0000000000008788       0x64 zephyr/kernel/libkernel.a(sched.c.obj)
                0x0000000000008788                k_sched_time_slice_set
 .text.z_time_slice
                0x00000000000087ec       0x80 zephyr/kernel/libkernel.a(sched.c.obj)
                0x00000000000087ec                z_time_slice
 .text.z_pend_curr
                0x000000000000886c       0x28 zephyr/kernel/libkernel.a(sched.c.obj)
                0x000000000000886c                z_pend_curr
 .text.z_set_prio
                0x0000000000008894       0x8c zephyr/kernel/libkernel.a(sched.c.obj)
                0x0000000000008894                z_set_prio
 .text.z_reschedule
                0x0000000000008920       0x24 zephyr/kernel/libkernel.a(sched.c.obj)
                0x0000000000008920                z_reschedule
 .text.z_sched_start
                0x0000000000008944       0x3c zephyr/kernel/libkernel.a(sched.c.obj)
                0x0000000000008944                z_sched_start
 .text.z_impl_k_thread_suspend
                0x0000000000008980       0x64 zephyr/kernel/libkernel.a(sched.c.obj)
                0x0000000000008980                z_impl_k_thread_suspend
 .text.k_sched_lock
                0x00000000000089e4       0x28 zephyr/kernel/libkernel.a(sched.c.obj)
                0x00000000000089e4                k_sched_lock
 .text.k_sched_unlock
                0x0000000000008a0c       0x38 zephyr/kernel/libkernel.a(sched.c.obj)
                0x0000000000008a0c                k_sched_unlock
 .text.z_sched_init
                0x0000000000008a44       0x18 zephyr/kernel/libkernel.a(sched.c.obj)
                0x0000000000008a44                z_sched_init
 .text.z_impl_k_yield
                0x0000000000008a5c       0x7c zephyr/kernel/libkernel.a(sched.c.obj)
                0x0000000000008a5c                z_impl_k_yield
 .text.z_tick_sleep
                0x0000000000008ad8       0x90 zephyr/kernel/libkernel.a(sched.c.obj)
 .text.z_impl_k_sleep
                0x0000000000008b68       0x34 zephyr/kernel/libkernel.a(sched.c.obj)
                0x0000000000008b68                z_impl_k_sleep
 .text.z_impl_z_current_get
                0x0000000000008b9c        0xc zephyr/kernel/libkernel.a(sched.c.obj)
                0x0000000000008b9c                z_impl_z_current_get
 .text.z_impl_k_is_preempt_thread
                0x0000000000008ba8       0x20 zephyr/kernel/libkernel.a(sched.c.obj)
                0x0000000000008ba8                z_impl_k_is_preempt_thread
 .text.z_thread_abort
                0x0000000000008bc8       0xa4 zephyr/kernel/libkernel.a(sched.c.obj)
                0x0000000000008bc8                z_thread_abort
 .text.z_sched_wait
                0x0000000000008c6c       0x24 zephyr/kernel/libkernel.a(sched.c.obj)
                0x0000000000008c6c                z_sched_wait
 .text.z_data_copy
                0x0000000000008c90       0x34 zephyr/kernel/libkernel.a(xip.c.obj)
                0x0000000000008c90                z_data_copy
 .text.elapsed  0x0000000000008cc4       0x14 zephyr/kernel/libkernel.a(timeout.c.obj)
 .text.next_timeout
                0x0000000000008cd8       0x54 zephyr/kernel/libkernel.a(timeout.c.obj)
 .text.remove_timeout
                0x0000000000008d2c       0x34 zephyr/kernel/libkernel.a(timeout.c.obj)
 .text.z_add_timeout
                0x0000000000008d60       0xf4 zephyr/kernel/libkernel.a(timeout.c.obj)
                0x0000000000008d60                z_add_timeout
 .text.sys_clock_announce
                0x0000000000008e54       0xb8 zephyr/kernel/libkernel.a(timeout.c.obj)
                0x0000000000008e54                sys_clock_announce
 .text.sys_clock_tick_get
                0x0000000000008f0c       0x30 zephyr/kernel/libkernel.a(timeout.c.obj)
                0x0000000000008f0c                sys_clock_tick_get
 .text.z_thread_aligned_alloc
                0x0000000000008f3c       0x40 zephyr/kernel/libkernel.a(mempool.c.obj)
                0x0000000000008f3c                z_thread_aligned_alloc
 .text.statics_init
                0x0000000000008f7c       0x24 zephyr/kernel/libkernel.a(kheap.c.obj)
 .text.k_sys_work_q_init
                0x0000000000008fa0       0x34 zephyr/kernel/libkernel.a(system_work_q.c.obj)
 .text.nrf_cc3xx_platform_init_no_rng
                0x0000000000008fd4       0x38 C:/ncs/v1.9.0/nrfxlib/crypto/nrf_cc310_platform/lib/cortex-m4/soft-float/no-interrupts/libnrf_cc310_platform_0.9.13.a(nrf_cc3xx_platform.c.obj)
                0x0000000000008fd4                nrf_cc3xx_platform_init_no_rng
 .text.nrf_cc3xx_platform_abort
                0x000000000000900c       0x24 C:/ncs/v1.9.0/nrfxlib/crypto/nrf_cc310_platform/lib/cortex-m4/soft-float/no-interrupts/libnrf_cc310_platform_0.9.13.a(nrf_cc3xx_platform_abort.c.obj)
 .text.CC_PalAbort
                0x0000000000009030       0x40 C:/ncs/v1.9.0/nrfxlib/crypto/nrf_cc310_platform/lib/cortex-m4/soft-float/no-interrupts/libnrf_cc310_platform_0.9.13.a(nrf_cc3xx_platform_abort.c.obj)
                0x0000000000009030                CC_PalAbort
 .text.nrf_cc3xx_platform_set_abort
                0x0000000000009070       0x10 C:/ncs/v1.9.0/nrfxlib/crypto/nrf_cc310_platform/lib/cortex-m4/soft-float/no-interrupts/libnrf_cc310_platform_0.9.13.a(nrf_cc3xx_platform_abort.c.obj)
                0x0000000000009070                nrf_cc3xx_platform_set_abort
 .text.mutex_free
                0x0000000000009080       0x28 C:/ncs/v1.9.0/nrfxlib/crypto/nrf_cc310_platform/lib/cortex-m4/soft-float/no-interrupts/libnrf_cc310_platform_0.9.13.a(nrf_cc3xx_platform_mutex.c.obj)
 .text.mutex_unlock
                0x00000000000090a8       0x2c C:/ncs/v1.9.0/nrfxlib/crypto/nrf_cc310_platform/lib/cortex-m4/soft-float/no-interrupts/libnrf_cc310_platform_0.9.13.a(nrf_cc3xx_platform_mutex.c.obj)
 .text.mutex_init
                0x00000000000090d4       0x1c C:/ncs/v1.9.0/nrfxlib/crypto/nrf_cc310_platform/lib/cortex-m4/soft-float/no-interrupts/libnrf_cc310_platform_0.9.13.a(nrf_cc3xx_platform_mutex.c.obj)
 .text.mutex_lock
                0x00000000000090f0       0x44 C:/ncs/v1.9.0/nrfxlib/crypto/nrf_cc310_platform/lib/cortex-m4/soft-float/no-interrupts/libnrf_cc310_platform_0.9.13.a(nrf_cc3xx_platform_mutex.c.obj)
 .text.nrf_cc3xx_platform_set_mutexes
                0x0000000000009134       0x60 C:/ncs/v1.9.0/nrfxlib/crypto/nrf_cc310_platform/lib/cortex-m4/soft-float/no-interrupts/libnrf_cc310_platform_0.9.13.a(nrf_cc3xx_platform_mutex.c.obj)
                0x0000000000009134                nrf_cc3xx_platform_set_mutexes
 .text.mbedtls_platform_zeroize
                0x0000000000009194       0x14 C:/ncs/v1.9.0/nrfxlib/crypto/nrf_cc310_platform/lib/cortex-m4/soft-float/no-interrupts/libnrf_cc310_platform_0.9.13.a(mbedtls_common.c.obj)
                0x0000000000009194                mbedtls_platform_zeroize
 .text.CC_LibInitNoRng
                0x00000000000091a8       0x6c C:/ncs/v1.9.0/nrfxlib/crypto/nrf_cc310_platform/lib/cortex-m4/soft-float/no-interrupts/libnrf_cc310_platform_0.9.13.a(cc_lib.c.obj)
                0x00000000000091a8                CC_LibInitNoRng
 .text.CC_HalInit
                0x0000000000009214        0x4 C:/ncs/v1.9.0/nrfxlib/crypto/nrf_cc310_platform/lib/cortex-m4/soft-float/no-interrupts/libnrf_cc310_platform_0.9.13.a(cc_hal.c.obj)
                0x0000000000009214                CC_HalInit
 .text.CC_HalTerminate
                0x0000000000009218        0x4 C:/ncs/v1.9.0/nrfxlib/crypto/nrf_cc310_platform/lib/cortex-m4/soft-float/no-interrupts/libnrf_cc310_platform_0.9.13.a(cc_hal.c.obj)
                0x0000000000009218                CC_HalTerminate
 .text.CC_HalMaskInterrupt
                0x000000000000921c        0xc C:/ncs/v1.9.0/nrfxlib/crypto/nrf_cc310_platform/lib/cortex-m4/soft-float/no-interrupts/libnrf_cc310_platform_0.9.13.a(cc_hal.c.obj)
                0x000000000000921c                CC_HalMaskInterrupt
 .text.CC_PalInit
                0x0000000000009228       0x5c C:/ncs/v1.9.0/nrfxlib/crypto/nrf_cc310_platform/lib/cortex-m4/soft-float/no-interrupts/libnrf_cc310_platform_0.9.13.a(cc_pal.c.obj)
                0x0000000000009228                CC_PalInit
 .text.CC_PalTerminate
                0x0000000000009284       0x34 C:/ncs/v1.9.0/nrfxlib/crypto/nrf_cc310_platform/lib/cortex-m4/soft-float/no-interrupts/libnrf_cc310_platform_0.9.13.a(cc_pal.c.obj)
                0x0000000000009284                CC_PalTerminate
 .text.CC_PalDmaInit
                0x00000000000092b8        0x4 C:/ncs/v1.9.0/nrfxlib/crypto/nrf_cc310_platform/lib/cortex-m4/soft-float/no-interrupts/libnrf_cc310_platform_0.9.13.a(cc_pal_dma.c.obj)
                0x00000000000092b8                CC_PalDmaInit
 .text.CC_PalDmaTerminate
                0x00000000000092bc        0x4 C:/ncs/v1.9.0/nrfxlib/crypto/nrf_cc310_platform/lib/cortex-m4/soft-float/no-interrupts/libnrf_cc310_platform_0.9.13.a(cc_pal_dma.c.obj)
                0x00000000000092bc                CC_PalDmaTerminate
 .text.CC_PalMutexCreate
                0x00000000000092c0       0x14 C:/ncs/v1.9.0/nrfxlib/crypto/nrf_cc310_platform/lib/cortex-m4/soft-float/no-interrupts/libnrf_cc310_platform_0.9.13.a(cc_pal_mutex.c.obj)
                0x00000000000092c0                CC_PalMutexCreate
 .text.CC_PalMutexDestroy
                0x00000000000092d4       0x14 C:/ncs/v1.9.0/nrfxlib/crypto/nrf_cc310_platform/lib/cortex-m4/soft-float/no-interrupts/libnrf_cc310_platform_0.9.13.a(cc_pal_mutex.c.obj)
                0x00000000000092d4                CC_PalMutexDestroy
 .text.CC_PalPowerSaveModeInit
                0x00000000000092e8       0x3c C:/ncs/v1.9.0/nrfxlib/crypto/nrf_cc310_platform/lib/cortex-m4/soft-float/no-interrupts/libnrf_cc310_platform_0.9.13.a(cc_pal_pm.c.obj)
                0x00000000000092e8                CC_PalPowerSaveModeInit
 .text.CC_PalPowerSaveModeSelect
                0x0000000000009324       0x84 C:/ncs/v1.9.0/nrfxlib/crypto/nrf_cc310_platform/lib/cortex-m4/soft-float/no-interrupts/libnrf_cc310_platform_0.9.13.a(cc_pal_pm.c.obj)
                0x0000000000009324                CC_PalPowerSaveModeSelect
 .text._OffsetAbsSyms
                0x00000000000093a8        0x2 zephyr/CMakeFiles/offsets.dir/./arch/arm/core/offsets/offsets.c.obj
                0x00000000000093a8                _OffsetAbsSyms
 .text.flash_device_base
                0x00000000000093aa        0xc app/libapp.a(flash_map_extended.c.obj)
                0x00000000000093aa                flash_device_base
 .text.flash_area_id_from_multi_image_slot
                0x00000000000093b6       0x12 app/libapp.a(flash_map_extended.c.obj)
                0x00000000000093b6                flash_area_id_from_multi_image_slot
 .text.flash_area_get_device_id
                0x00000000000093c8        0x4 app/libapp.a(flash_map_extended.c.obj)
                0x00000000000093c8                flash_area_get_device_id
 .text.bootutil_tlv_iter_begin
                0x00000000000093cc       0x98 app/libapp.a(tlv.c.obj)
                0x00000000000093cc                bootutil_tlv_iter_begin
 .text.bootutil_tlv_iter_next
                0x0000000000009464       0x96 app/libapp.a(tlv.c.obj)
                0x0000000000009464                bootutil_tlv_iter_next
 .text.boot_fih_memequal
                0x00000000000094fa        0x4 app/libapp.a(bootutil_misc.c.obj)
                0x00000000000094fa                boot_fih_memequal
 .text.boot_trailer_sz
                0x00000000000094fe        0xa app/libapp.a(bootutil_misc.c.obj)
                0x00000000000094fe                boot_trailer_sz
 .text.boot_status_entries
                0x0000000000009508       0x1a app/libapp.a(bootutil_misc.c.obj)
                0x0000000000009508                boot_status_entries
 .text.boot_status_off
                0x0000000000009522       0x18 app/libapp.a(bootutil_misc.c.obj)
                0x0000000000009522                boot_status_off
 .text.boot_write_copy_done
                0x000000000000953a        0xa app/libapp.a(bootutil_misc.c.obj)
                0x000000000000953a                boot_write_copy_done
 .text.boot_write_swap_size
                0x0000000000009544       0x1e app/libapp.a(bootutil_misc.c.obj)
                0x0000000000009544                boot_write_swap_size
 .text.boot_read_image_headers
                0x0000000000009562       0x2c app/libapp.a(loader.c.obj)
 .text.boot_read_image_size.constprop.0.isra.0
                0x000000000000958e       0x82 app/libapp.a(loader.c.obj)
 .text.boot_read_sectors
                0x0000000000009610       0x42 app/libapp.a(loader.c.obj)
 .text.boot_status_reset
                0x0000000000009652       0x12 app/libapp.a(loader.c.obj)
                0x0000000000009652                boot_status_reset
 .text.boot_status_is_reset
                0x0000000000009664       0x1a app/libapp.a(loader.c.obj)
                0x0000000000009664                boot_status_is_reset
 .text.boot_write_status
                0x000000000000967e       0x64 app/libapp.a(loader.c.obj)
                0x000000000000967e                boot_write_status
 .text.boot_erase_region
                0x00000000000096e2        0x4 app/libapp.a(loader.c.obj)
                0x00000000000096e2                boot_erase_region
 .text.swap_erase_trailer_sectors
                0x00000000000096e6       0x6a app/libapp.a(swap_misc.c.obj)
                0x00000000000096e6                swap_erase_trailer_sectors
 .text.swap_status_init
                0x0000000000009750       0x3e app/libapp.a(swap_misc.c.obj)
                0x0000000000009750                swap_status_init
 .text.swap_read_status
                0x000000000000978e       0x78 app/libapp.a(swap_misc.c.obj)
                0x000000000000978e                swap_read_status
 .text.swap_set_copy_done
                0x0000000000009806       0x24 app/libapp.a(swap_misc.c.obj)
                0x0000000000009806                swap_set_copy_done
 .text.swap_set_image_ok
                0x000000000000982a       0x3c app/libapp.a(swap_misc.c.obj)
                0x000000000000982a                swap_set_image_ok
 .text.swap_read_status_bytes
                0x0000000000009866       0x9a app/libapp.a(swap_move.c.obj)
                0x0000000000009866                swap_read_status_bytes
 .text.boot_status_internal_off
                0x0000000000009900       0x26 app/libapp.a(swap_move.c.obj)
                0x0000000000009900                boot_status_internal_off
 .text.boot_slots_compatible
                0x0000000000009926       0x50 app/libapp.a(swap_move.c.obj)
                0x0000000000009926                boot_slots_compatible
 .text.swap_status_source
                0x0000000000009976       0x38 app/libapp.a(swap_move.c.obj)
                0x0000000000009976                swap_status_source
 .text.crc16    0x00000000000099ae       0x52 zephyr/libzephyr.a(crc16_sw.c.obj)
                0x00000000000099ae                crc16
 .text.sys_notify_validate
                0x0000000000009a00       0x22 zephyr/libzephyr.a(notify.c.obj)
                0x0000000000009a00                sys_notify_validate
 .text.sys_notify_finalize
                0x0000000000009a22       0x1a zephyr/libzephyr.a(notify.c.obj)
                0x0000000000009a22                sys_notify_finalize
 .text.arch_printk_char_out
                0x0000000000009a3c        0x4 zephyr/libzephyr.a(printk.c.obj)
                0x0000000000009a3c                arch_printk_char_out
 .text.printk   0x0000000000009a40       0x1a zephyr/libzephyr.a(printk.c.obj)
                0x0000000000009a40                printk
 .text.sys_slist_find_and_remove
                0x0000000000009a5a       0x36 zephyr/libzephyr.a(onoff.c.obj)
 .text.process_recheck
                0x0000000000009a90       0x38 zephyr/libzephyr.a(onoff.c.obj)
 .text.validate_args
                0x0000000000009ac8       0x20 zephyr/libzephyr.a(onoff.c.obj)
 .text.notify_one
                0x0000000000009ae8       0x2c zephyr/libzephyr.a(onoff.c.obj)
 .text.transition_complete
                0x0000000000009b14       0x1c zephyr/libzephyr.a(onoff.c.obj)
 .text.onoff_manager_init
                0x0000000000009b30       0x26 zephyr/libzephyr.a(onoff.c.obj)
                0x0000000000009b30                onoff_manager_init
 .text.onoff_request
                0x0000000000009b56       0xb0 zephyr/libzephyr.a(onoff.c.obj)
                0x0000000000009b56                onoff_request
 .text.onoff_release
                0x0000000000009c06       0x4a zephyr/libzephyr.a(onoff.c.obj)
                0x0000000000009c06                onoff_release
 .text.onoff_cancel
                0x0000000000009c50       0x38 zephyr/libzephyr.a(onoff.c.obj)
                0x0000000000009c50                onoff_cancel
 .text.z_thread_entry
                0x0000000000009c88       0x14 zephyr/libzephyr.a(thread_entry.c.obj)
                0x0000000000009c88                z_thread_entry
 .text.chunk_size
                0x0000000000009c9c        0xa zephyr/libzephyr.a(heap.c.obj)
 .text.free_list_add
                0x0000000000009ca6       0x4e zephyr/libzephyr.a(heap.c.obj)
 .text.free_list_remove_bidx
                0x0000000000009cf4       0x3a zephyr/libzephyr.a(heap.c.obj)
 .text.free_list_remove
                0x0000000000009d2e       0x1a zephyr/libzephyr.a(heap.c.obj)
 .text.alloc_chunk
                0x0000000000009d48       0x6e zephyr/libzephyr.a(heap.c.obj)
 .text.merge_chunks
                0x0000000000009db6       0x2c zephyr/libzephyr.a(heap.c.obj)
 .text.split_chunks
                0x0000000000009de2       0x34 zephyr/libzephyr.a(heap.c.obj)
 .text.free_chunk
                0x0000000000009e16       0x62 zephyr/libzephyr.a(heap.c.obj)
 .text.sys_heap_free
                0x0000000000009e78       0x1e zephyr/libzephyr.a(heap.c.obj)
                0x0000000000009e78                sys_heap_free
 .text.sys_heap_alloc
                0x0000000000009e96       0x52 zephyr/libzephyr.a(heap.c.obj)
                0x0000000000009e96                sys_heap_alloc
 .text.sys_heap_aligned_alloc
                0x0000000000009ee8       0xce zephyr/libzephyr.a(heap.c.obj)
                0x0000000000009ee8                sys_heap_aligned_alloc
 .text.sys_heap_init
                0x0000000000009fb6       0x70 zephyr/libzephyr.a(heap.c.obj)
                0x0000000000009fb6                sys_heap_init
 .text.ring_buf_get_rewind_threshold
                0x000000000000a026        0x6 zephyr/libzephyr.a(ring_buffer.c.obj)
                0x000000000000a026                ring_buf_get_rewind_threshold
 .text.ring_buf_is_empty
                0x000000000000a02c       0x20 zephyr/libzephyr.a(ring_buffer.c.obj)
                0x000000000000a02c                ring_buf_is_empty
 .text.ring_buf_put_claim
                0x000000000000a04c       0x38 zephyr/libzephyr.a(ring_buffer.c.obj)
                0x000000000000a04c                ring_buf_put_claim
 .text.ring_buf_put_finish
                0x000000000000a084       0x34 zephyr/libzephyr.a(ring_buffer.c.obj)
                0x000000000000a084                ring_buf_put_finish
 .text.ring_buf_put
                0x000000000000a0b8       0x3e zephyr/libzephyr.a(ring_buffer.c.obj)
                0x000000000000a0b8                ring_buf_put
 .text.ring_buf_get_claim
                0x000000000000a0f6       0x54 zephyr/libzephyr.a(ring_buffer.c.obj)
                0x000000000000a0f6                ring_buf_get_claim
 .text.ring_buf_get_finish
                0x000000000000a14a       0x38 zephyr/libzephyr.a(ring_buffer.c.obj)
                0x000000000000a14a                ring_buf_get_finish
 .text.ring_buf_get
                0x000000000000a182       0x40 zephyr/libzephyr.a(ring_buffer.c.obj)
                0x000000000000a182                ring_buf_get
 .text._ConfigAbsSyms
                0x000000000000a1c2        0x2 zephyr/libzephyr.a(configs.c.obj)
                0x000000000000a1c2                _ConfigAbsSyms
 .text.usb_write
                0x000000000000a1c4       0x30 zephyr/libzephyr.a(usb_device.c.obj)
                0x000000000000a1c4                usb_write
 .text.usb_get_dev_data_by_cfg
                0x000000000000a1f4       0x1e zephyr/libzephyr.a(usb_descriptor.c.obj)
                0x000000000000a1f4                usb_get_dev_data_by_cfg
 .text.usb_get_dev_data_by_iface
                0x000000000000a212       0x22 zephyr/libzephyr.a(usb_descriptor.c.obj)
                0x000000000000a212                usb_get_dev_data_by_iface
 .text.usb_get_dev_data_by_ep
                0x000000000000a234       0x34 zephyr/libzephyr.a(usb_descriptor.c.obj)
                0x000000000000a234                usb_get_dev_data_by_ep
 .text.usb_transfer_is_busy
                0x000000000000a268       0x16 zephyr/libzephyr.a(usb_transfer.c.obj)
                0x000000000000a268                usb_transfer_is_busy
 .text.cdc_interface_config
                0x000000000000a27e       0x14 zephyr/libzephyr.a(cdc_acm.c.obj)
 .text.cdc_acm_irq_callback_work_handler
                0x000000000000a292        0x8 zephyr/libzephyr.a(cdc_acm.c.obj)
 .text.cdc_acm_irq_tx_disable
                0x000000000000a29a        0xa zephyr/libzephyr.a(cdc_acm.c.obj)
 .text.cdc_acm_irq_tx_ready
                0x000000000000a2a4        0xe zephyr/libzephyr.a(cdc_acm.c.obj)
 .text.cdc_acm_irq_rx_disable
                0x000000000000a2b2        0xa zephyr/libzephyr.a(cdc_acm.c.obj)
 .text.cdc_acm_irq_rx_ready
                0x000000000000a2bc        0x8 zephyr/libzephyr.a(cdc_acm.c.obj)
 .text.cdc_acm_irq_is_pending
                0x000000000000a2c4       0x1e zephyr/libzephyr.a(cdc_acm.c.obj)
 .text.cdc_acm_irq_update
                0x000000000000a2e2        0x4 zephyr/libzephyr.a(cdc_acm.c.obj)
 .text.cdc_acm_irq_callback_set
                0x000000000000a2e6        0x8 zephyr/libzephyr.a(cdc_acm.c.obj)
 .text.cdc_acm_line_ctrl_get
                0x000000000000a2ee       0x30 zephyr/libzephyr.a(cdc_acm.c.obj)
 .text.cdc_acm_fifo_read
                0x000000000000a31e       0x1e zephyr/libzephyr.a(cdc_acm.c.obj)
 .text.cdc_acm_poll_in
                0x000000000000a33c       0x12 zephyr/libzephyr.a(cdc_acm.c.obj)
 .text.cdc_acm_line_ctrl_set
                0x000000000000a34e       0xbc zephyr/libzephyr.a(cdc_acm.c.obj)
 .text.flash_area_close
                0x000000000000a40a        0x2 zephyr/libzephyr.a(flash_map.c.obj)
                0x000000000000a40a                flash_area_close
 .text.flash_area_read
                0x000000000000a40c       0x38 zephyr/libzephyr.a(flash_map.c.obj)
                0x000000000000a40c                flash_area_read
 .text.flash_area_write
                0x000000000000a444       0x66 zephyr/libzephyr.a(flash_map.c.obj)
                0x000000000000a444                flash_area_write
 .text.flash_area_erase
                0x000000000000a4aa       0x5e zephyr/libzephyr.a(flash_map.c.obj)
                0x000000000000a4aa                flash_area_erase
 .text.flash_area_align
                0x000000000000a508       0x12 zephyr/libzephyr.a(flash_map.c.obj)
                0x000000000000a508                flash_area_align
 .text.flash_area_erased_val
                0x000000000000a51a       0x12 zephyr/libzephyr.a(flash_map.c.obj)
                0x000000000000a51a                flash_area_erased_val
 .text.get_sectors_cb
                0x000000000000a52c       0x40 zephyr/libzephyr.a(flash_map_layout.c.obj)
 .text.abort_function
                0x000000000000a56c        0x8 zephyr/libzephyr.a(nrf_cc3xx_platform_abort_zephyr.c.obj)
 .text.console_write
                0x000000000000a574       0x1c zephyr/libzephyr.a(serial_adapter.c.obj)
                0x000000000000a574                console_write
 .text.u32toa   0x000000000000a590       0x44 zephyr/libzephyr.a(boot_serial.c.obj)
 .text.value_extract
                0x000000000000a5d4       0x76 zephyr/libzephyr.a(cbor_decode.c.obj)
 .text.strx_start_decode
                0x000000000000a64a       0x3e zephyr/libzephyr.a(cbor_decode.c.obj)
 .text.list_map_start_decode
                0x000000000000a688       0x3a zephyr/libzephyr.a(cbor_decode.c.obj)
 .text.intx32_decode
                0x000000000000a6c2       0x44 zephyr/libzephyr.a(cbor_decode.c.obj)
                0x000000000000a6c2                intx32_decode
 .text.strx_decode
                0x000000000000a706       0x16 zephyr/libzephyr.a(cbor_decode.c.obj)
                0x000000000000a706                strx_decode
 .text.strx_expect
                0x000000000000a71c       0x38 zephyr/libzephyr.a(cbor_decode.c.obj)
                0x000000000000a71c                strx_expect
 .text.bstrx_decode
                0x000000000000a754        0x6 zephyr/libzephyr.a(cbor_decode.c.obj)
                0x000000000000a754                bstrx_decode
 .text.tstrx_expect
                0x000000000000a75a        0x6 zephyr/libzephyr.a(cbor_decode.c.obj)
                0x000000000000a75a                tstrx_expect
 .text.map_start_decode
                0x000000000000a760       0x14 zephyr/libzephyr.a(cbor_decode.c.obj)
                0x000000000000a760                map_start_decode
 .text.list_map_end_decode
                0x000000000000a774        0x8 zephyr/libzephyr.a(cbor_decode.c.obj)
                0x000000000000a774                list_map_end_decode
 .text.map_end_decode
                0x000000000000a77c        0x4 zephyr/libzephyr.a(cbor_decode.c.obj)
                0x000000000000a77c                map_end_decode
 .text.multi_decode
                0x000000000000a780       0x4e zephyr/libzephyr.a(cbor_decode.c.obj)
                0x000000000000a780                multi_decode
 .text.get_result_len
                0x000000000000a7ce       0x3c zephyr/libzephyr.a(cbor_encode.c.obj)
 .text.get_additional
                0x000000000000a80a       0x2a zephyr/libzephyr.a(cbor_encode.c.obj)
                0x000000000000a80a                get_additional
 .text.value_encode
                0x000000000000a834       0x60 zephyr/libzephyr.a(cbor_encode.c.obj)
 .text.strx_encode
                0x000000000000a894       0x60 zephyr/libzephyr.a(cbor_encode.c.obj)
 .text.uintx32_put
                0x000000000000a8f4       0x16 zephyr/libzephyr.a(cbor_encode.c.obj)
                0x000000000000a8f4                uintx32_put
 .text.tstrx_encode
                0x000000000000a90a        0x6 zephyr/libzephyr.a(cbor_encode.c.obj)
                0x000000000000a90a                tstrx_encode
 .text.list_start_encode
                0x000000000000a910       0x18 zephyr/libzephyr.a(cbor_encode.c.obj)
                0x000000000000a910                list_start_encode
 .text.map_start_encode
                0x000000000000a928       0x18 zephyr/libzephyr.a(cbor_encode.c.obj)
                0x000000000000a928                map_start_encode
 .text.list_end_encode
                0x000000000000a940       0x18 zephyr/libzephyr.a(cbor_encode.c.obj)
                0x000000000000a940                list_end_encode
 .text.map_end_encode
                0x000000000000a958        0x4 zephyr/libzephyr.a(cbor_encode.c.obj)
                0x000000000000a958                map_end_encode
 .text.new_backup
                0x000000000000a95c       0x2c zephyr/libzephyr.a(cbor_common.c.obj)
                0x000000000000a95c                new_backup
 .text.restore_backup
                0x000000000000a988       0x4a zephyr/libzephyr.a(cbor_common.c.obj)
                0x000000000000a988                restore_backup
 .text.union_start_code
                0x000000000000a9d2        0x6 zephyr/libzephyr.a(cbor_common.c.obj)
                0x000000000000a9d2                union_start_code
 .text.union_elem_code
                0x000000000000a9d8        0x8 zephyr/libzephyr.a(cbor_common.c.obj)
                0x000000000000a9d8                union_elem_code
 .text.union_end_code
                0x000000000000a9e0        0x8 zephyr/libzephyr.a(cbor_common.c.obj)
                0x000000000000a9e0                union_end_code
 .text.entry_function
                0x000000000000a9e8       0x64 zephyr/libzephyr.a(cbor_common.c.obj)
                0x000000000000a9e8                entry_function
 .text.z_arm_fatal_error
                0x000000000000aa4c        0x4 zephyr/arch/arch/arm/core/aarch32/libarch__arm__core__aarch32.a(fatal.c.obj)
                0x000000000000aa4c                z_arm_fatal_error
 .text.z_do_kernel_oops
                0x000000000000aa50        0x8 zephyr/arch/arch/arm/core/aarch32/libarch__arm__core__aarch32.a(fatal.c.obj)
                0x000000000000aa50                z_do_kernel_oops
 .text.z_irq_spurious
                0x000000000000aa58        0x8 zephyr/arch/arch/arm/core/aarch32/libarch__arm__core__aarch32.a(irq_manage.c.obj)
                0x000000000000aa58                z_irq_spurious
 .text.z_arm_nmi
                0x000000000000aa60        0xe zephyr/arch/arch/arm/core/aarch32/libarch__arm__core__aarch32.a(nmi.c.obj)
                0x000000000000aa60                z_arm_nmi
 .text.strlen   0x000000000000aa6e        0xe zephyr/lib/libc/minimal/liblib__libc__minimal.a(string.c.obj)
                0x000000000000aa6e                strlen
 .text.strcmp   0x000000000000aa7c       0x18 zephyr/lib/libc/minimal/liblib__libc__minimal.a(string.c.obj)
                0x000000000000aa7c                strcmp
 .text.memcmp   0x000000000000aa94       0x20 zephyr/lib/libc/minimal/liblib__libc__minimal.a(string.c.obj)
                0x000000000000aa94                memcmp
 .text.memmove  0x000000000000aab4       0x2e zephyr/lib/libc/minimal/liblib__libc__minimal.a(string.c.obj)
                0x000000000000aab4                memmove
 .text.memcpy   0x000000000000aae2       0x16 zephyr/lib/libc/minimal/liblib__libc__minimal.a(string.c.obj)
                0x000000000000aae2                memcpy
 .text.memset   0x000000000000aaf8       0x12 zephyr/lib/libc/minimal/liblib__libc__minimal.a(string.c.obj)
                0x000000000000aaf8                memset
 .text.ep_ctx_reset
                0x000000000000ab0a       0x26 zephyr/drivers/usb/device/libdrivers__usb__device.a(usb_dc_nrfx.c.obj)
 .text.k_mutex_lock.constprop.0.isra.0
                0x000000000000ab30        0x4 zephyr/drivers/usb/device/libdrivers__usb__device.a(usb_dc_nrfx.c.obj)
 .text.k_mutex_unlock.isra.0
                0x000000000000ab34        0x4 zephyr/drivers/usb/device/libdrivers__usb__device.a(usb_dc_nrfx.c.obj)
 .text.usb_dc_ep_check_cap
                0x000000000000ab38       0x30 zephyr/drivers/usb/device/libdrivers__usb__device.a(usb_dc_nrfx.c.obj)
                0x000000000000ab38                usb_dc_ep_check_cap
 .text.usb_dc_ep_read
                0x000000000000ab68       0x1e zephyr/drivers/usb/device/libdrivers__usb__device.a(usb_dc_nrfx.c.obj)
                0x000000000000ab68                usb_dc_ep_read
 .text.get_status
                0x000000000000ab86       0x12 zephyr/drivers/clock_control/libdrivers__clock_control.a(clock_control_nrf.c.obj)
 .text.set_on_state
                0x000000000000ab98       0x26 zephyr/drivers/clock_control/libdrivers__clock_control.a(clock_control_nrf.c.obj)
 .text.stop     0x000000000000abbe       0x54 zephyr/drivers/clock_control/libdrivers__clock_control.a(clock_control_nrf.c.obj)
 .text.api_stop
                0x000000000000ac12        0x6 zephyr/drivers/clock_control/libdrivers__clock_control.a(clock_control_nrf.c.obj)
 .text.async_start
                0x000000000000ac18       0x5e zephyr/drivers/clock_control/libdrivers__clock_control.a(clock_control_nrf.c.obj)
 .text.api_start
                0x000000000000ac76        0xe zephyr/drivers/clock_control/libdrivers__clock_control.a(clock_control_nrf.c.obj)
 .text.onoff_started_callback
                0x000000000000ac84       0x12 zephyr/drivers/clock_control/libdrivers__clock_control.a(clock_control_nrf.c.obj)
 .text.lfclk_start
                0x000000000000ac96        0x6 zephyr/drivers/clock_control/libdrivers__clock_control.a(clock_control_nrf.c.obj)
 .text.lfclk_stop
                0x000000000000ac9c        0x6 zephyr/drivers/clock_control/libdrivers__clock_control.a(clock_control_nrf.c.obj)
 .text.blocking_start_callback
                0x000000000000aca2        0x6 zephyr/drivers/clock_control/libdrivers__clock_control.a(clock_control_nrf.c.obj)
 .text.gpio_nrfx_port_get_raw
                0x000000000000aca8        0xe zephyr/drivers/gpio/libdrivers__gpio.a(gpio_nrfx.c.obj)
 .text.gpio_nrfx_port_set_masked_raw
                0x000000000000acb6       0x16 zephyr/drivers/gpio/libdrivers__gpio.a(gpio_nrfx.c.obj)
 .text.gpio_nrfx_port_set_bits_raw
                0x000000000000accc        0xc zephyr/drivers/gpio/libdrivers__gpio.a(gpio_nrfx.c.obj)
 .text.gpio_nrfx_port_clear_bits_raw
                0x000000000000acd8        0xc zephyr/drivers/gpio/libdrivers__gpio.a(gpio_nrfx.c.obj)
 .text.gpio_nrfx_port_toggle_bits
                0x000000000000ace4       0x12 zephyr/drivers/gpio/libdrivers__gpio.a(gpio_nrfx.c.obj)
 .text.gpio_nrfx_manage_callback
                0x000000000000acf6       0x54 zephyr/drivers/gpio/libdrivers__gpio.a(gpio_nrfx.c.obj)
 .text.z_impl_hwinfo_get_device_id
                0x000000000000ad4a       0x6e zephyr/drivers/hwinfo/libdrivers__hwinfo.a(hwinfo_nrf.c.obj)
                0x000000000000ad4a                z_impl_hwinfo_get_device_id
 .text.is_regular_addr_valid
                0x000000000000adb8       0x26 zephyr/drivers/flash/libdrivers__flash.a(soc_flash_nrf.c.obj)
 .text.flash_nrf_read
                0x000000000000adde       0x28 zephyr/drivers/flash/libdrivers__flash.a(soc_flash_nrf.c.obj)
 .text.flash_get_page_info
                0x000000000000ae06       0x70 zephyr/drivers/flash/libdrivers__flash.a(flash_page_layout.c.obj)
 .text.z_impl_flash_get_page_info_by_offs
                0x000000000000ae76        0x8 zephyr/drivers/flash/libdrivers__flash.a(flash_page_layout.c.obj)
                0x000000000000ae76                z_impl_flash_get_page_info_by_offs
 .text.flash_page_foreach
                0x000000000000ae7e       0x58 zephyr/drivers/flash/libdrivers__flash.a(flash_page_layout.c.obj)
                0x000000000000ae7e                flash_page_foreach
 .text.uarte_nrfx_config_get
                0x000000000000aed6       0x10 zephyr/drivers/serial/libdrivers__serial.a(uart_nrfx_uarte.c.obj)
 .text.uarte_nrfx_err_check
                0x000000000000aee6        0xe zephyr/drivers/serial/libdrivers__serial.a(uart_nrfx_uarte.c.obj)
 .text.uarte_nrfx_poll_in
                0x000000000000aef4       0x26 zephyr/drivers/serial/libdrivers__serial.a(uart_nrfx_uarte.c.obj)
 .text.uarte_nrfx_fifo_read
                0x000000000000af1a       0x2c zephyr/drivers/serial/libdrivers__serial.a(uart_nrfx_uarte.c.obj)
 .text.uarte_nrfx_irq_tx_enable
                0x000000000000af46       0x2e zephyr/drivers/serial/libdrivers__serial.a(uart_nrfx_uarte.c.obj)
 .text.uarte_nrfx_irq_tx_disable
                0x000000000000af74        0xa zephyr/drivers/serial/libdrivers__serial.a(uart_nrfx_uarte.c.obj)
 .text.uarte_nrfx_irq_tx_ready_complete
                0x000000000000af7e       0x2a zephyr/drivers/serial/libdrivers__serial.a(uart_nrfx_uarte.c.obj)
 .text.uarte_nrfx_irq_rx_ready
                0x000000000000afa8       0x10 zephyr/drivers/serial/libdrivers__serial.a(uart_nrfx_uarte.c.obj)
 .text.uarte_nrfx_irq_rx_enable
                0x000000000000afb8        0xc zephyr/drivers/serial/libdrivers__serial.a(uart_nrfx_uarte.c.obj)
 .text.uarte_nrfx_irq_rx_disable
                0x000000000000afc4        0xc zephyr/drivers/serial/libdrivers__serial.a(uart_nrfx_uarte.c.obj)
 .text.uarte_nrfx_irq_err_enable
                0x000000000000afd0        0xe zephyr/drivers/serial/libdrivers__serial.a(uart_nrfx_uarte.c.obj)
 .text.uarte_nrfx_irq_err_disable
                0x000000000000afde        0xe zephyr/drivers/serial/libdrivers__serial.a(uart_nrfx_uarte.c.obj)
 .text.uarte_nrfx_irq_is_pending
                0x000000000000afec       0x36 zephyr/drivers/serial/libdrivers__serial.a(uart_nrfx_uarte.c.obj)
 .text.uarte_nrfx_irq_update
                0x000000000000b022        0x4 zephyr/drivers/serial/libdrivers__serial.a(uart_nrfx_uarte.c.obj)
 .text.uarte_nrfx_irq_callback_set
                0x000000000000b026        0xa zephyr/drivers/serial/libdrivers__serial.a(uart_nrfx_uarte.c.obj)
 .text.nrf_gpio_cfg_input
                0x000000000000b030       0x1c zephyr/drivers/serial/libdrivers__serial.a(uart_nrfx_uarte.c.obj)
 .text.tx_start.isra.0
                0x000000000000b04c       0x36 zephyr/drivers/serial/libdrivers__serial.a(uart_nrfx_uarte.c.obj)
 .text.is_tx_ready.isra.0
                0x000000000000b082       0x20 zephyr/drivers/serial/libdrivers__serial.a(uart_nrfx_uarte.c.obj)
 .text.uarte_nrfx_fifo_fill
                0x000000000000b0a2       0x80 zephyr/drivers/serial/libdrivers__serial.a(uart_nrfx_uarte.c.obj)
 .text.uarte_nrfx_isr_int
                0x000000000000b122       0xbc zephyr/drivers/serial/libdrivers__serial.a(uart_nrfx_uarte.c.obj)
 .text.uarte_1_init
                0x000000000000b1de       0x1e zephyr/drivers/serial/libdrivers__serial.a(uart_nrfx_uarte.c.obj)
 .text.uarte_0_init
                0x000000000000b1fc       0x1e zephyr/drivers/serial/libdrivers__serial.a(uart_nrfx_uarte.c.obj)
 .text.fprotect_set_permission
                0x000000000000b21a       0x7e modules/nrf/lib/fprotect/lib..__nrf__lib__fprotect.a(fprotect_acl.c.obj)
 .text.fprotect_area
                0x000000000000b298        0x6 modules/nrf/lib/fprotect/lib..__nrf__lib__fprotect.a(fprotect_acl.c.obj)
                0x000000000000b298                fprotect_area
 .text.k_sys_fatal_error_handler
                0x000000000000b29e        0x8 modules/nrf/lib/fatal_error/lib..__nrf__lib__fatal_error.a(fatal_error.c.obj)
                0x000000000000b29e                k_sys_fatal_error_handler
 .text.hw_cc3xx_init_internal
                0x000000000000b2a6        0x4 modules/nrf/drivers/hw_cc310/lib..__nrf__drivers__hw_cc310.a(hw_cc310.c.obj)
 .text.hw_cc3xx_init