Archive member included to satisfy reference by file (symbol)

app/libapp.a(main.c.obj)      (--whole-archive)
zephyr/libzephyr.a(cbprintf.c.obj)
                              (--whole-archive)
zephyr/libzephyr.a(cbprintf_packaged.c.obj)
                              (--whole-archive)
zephyr/libzephyr.a(crc32c_sw.c.obj)
                              (--whole-archive)
zephyr/libzephyr.a(crc32_sw.c.obj)
                              (--whole-archive)
zephyr/libzephyr.a(crc16_sw.c.obj)
                              (--whole-archive)
zephyr/libzephyr.a(crc8_sw.c.obj)
                              (--whole-archive)
zephyr/libzephyr.a(crc7_sw.c.obj)
                              (--whole-archive)
zephyr/libzephyr.a(dec.c.obj)
                              (--whole-archive)
zephyr/libzephyr.a(fdtable.c.obj)
                              (--whole-archive)
zephyr/libzephyr.a(hex.c.obj)
                              (--whole-archive)
zephyr/libzephyr.a(notify.c.obj)
                              (--whole-archive)
zephyr/libzephyr.a(printk.c.obj)
                              (--whole-archive)
zephyr/libzephyr.a(onoff.c.obj)
                              (--whole-archive)
zephyr/libzephyr.a(rb.c.obj)  (--whole-archive)
zephyr/libzephyr.a(sem.c.obj)
                              (--whole-archive)
zephyr/libzephyr.a(thread_entry.c.obj)
                              (--whole-archive)
zephyr/libzephyr.a(timeutil.c.obj)
                              (--whole-archive)
zephyr/libzephyr.a(heap.c.obj)
                              (--whole-archive)
zephyr/libzephyr.a(heap-validate.c.obj)
                              (--whole-archive)
zephyr/libzephyr.a(bitarray.c.obj)
                              (--whole-archive)
zephyr/libzephyr.a(multi_heap.c.obj)
                              (--whole-archive)
zephyr/libzephyr.a(cbprintf_complete.c.obj)
                              (--whole-archive)
zephyr/libzephyr.a(assert.c.obj)
                              (--whole-archive)
zephyr/libzephyr.a(reboot.c.obj)
                              (--whole-archive)
zephyr/libzephyr.a(configs.c.obj)
                              (--whole-archive)
zephyr/libzephyr.a(soc.c.obj)
                              (--whole-archive)
zephyr/libzephyr.a(power.c.obj)
                              (--whole-archive)
zephyr/libzephyr.a(soc_nrf_common.S.obj)
                              (--whole-archive)
zephyr/libzephyr.a(validate_base_addresses.c.obj)
                              (--whole-archive)
zephyr/libzephyr.a(validate_enabled_instances.c.obj)
                              (--whole-archive)
zephyr/libzephyr.a(log_minimal.c.obj)
                              (--whole-archive)
zephyr/libzephyr.a(pm.c.obj)  (--whole-archive)
zephyr/libzephyr.a(constraint.c.obj)
                              (--whole-archive)
zephyr/libzephyr.a(residency.c.obj)
                              (--whole-archive)
zephyr/libzephyr.a(tracing_none.c.obj)
                              (--whole-archive)
zephyr/libzephyr.a(adp536x.c.obj)
                              (--whole-archive)
zephyr/libzephyr.a(spm.c.obj)
                              (--whole-archive)
zephyr/libzephyr.a(secure_services.c.obj)
                              (--whole-archive)
zephyr/libzephyr.a(flash_map_partition_manager.c.obj)
                              (--whole-archive)
zephyr/libzephyr.a(nrf_cc3xx_platform_abort_zephyr.c.obj)
                              (--whole-archive)
zephyr/libzephyr.a(nrf_cc3xx_platform_mutex_zephyr.c.obj)
                              (--whole-archive)
zephyr/arch/common/libarch__common.a(sw_isr_common.c.obj)
                              (--whole-archive)
zephyr/arch/arch/arm/core/aarch32/libarch__arm__core__aarch32.a(cpu_idle.S.obj)
                              (--whole-archive)
zephyr/arch/arch/arm/core/aarch32/libarch__arm__core__aarch32.a(fatal.c.obj)
                              (--whole-archive)
zephyr/arch/arch/arm/core/aarch32/libarch__arm__core__aarch32.a(irq_manage.c.obj)
                              (--whole-archive)
zephyr/arch/arch/arm/core/aarch32/libarch__arm__core__aarch32.a(nmi.c.obj)
                              (--whole-archive)
zephyr/arch/arch/arm/core/aarch32/libarch__arm__core__aarch32.a(nmi_on_reset.S.obj)
                              (--whole-archive)
zephyr/arch/arch/arm/core/aarch32/libarch__arm__core__aarch32.a(prep_c.c.obj)
                              (--whole-archive)
zephyr/arch/arch/arm/core/aarch32/libarch__arm__core__aarch32.a(swap.c.obj)
                              (--whole-archive)
zephyr/arch/arch/arm/core/aarch32/libarch__arm__core__aarch32.a(swap_helper.S.obj)
                              (--whole-archive)
zephyr/arch/arch/arm/core/aarch32/libarch__arm__core__aarch32.a(thread.c.obj)
                              (--whole-archive)
zephyr/arch/arch/arm/core/aarch32/libarch__arm__core__aarch32.a(isr_wrapper.S.obj)
                              (--whole-archive)
[...]
Memory Configuration

Name             Origin             Length             Attributes
FLASH            0x000000000000c200 0x000000000000c000 xr
SRAM             0x0000000020000000 0x0000000000008000 xw
IDT_LIST         0x00000000fffff7ff 0x0000000000000800 xw
*default*        0x0000000000000000 0xffffffffffffffff

Linker script and memory map

LOAD zephyr/CMakeFiles/zephyr_pre1.dir/misc/empty_file.c.obj
LOAD zephyr/CMakeFiles/zephyr_pre1.dir/dev_handles.c.obj
LOAD zephyr/CMakeFiles/offsets.dir/./arch/arm/core/offsets/offsets.c.obj
                0x0000000000000020                _region_min_align = 0x20

.rel.plt        0x000000000000c200        0x0
 *(SORT_BY_ALIGNMENT(.rel.plt))
                [!provide]                        PROVIDE (__rel_iplt_start = .)
 *(SORT_BY_ALIGNMENT(.rel.iplt))
 .rel.iplt      0x000000000000c200        0x0 app/libapp.a(main.c.obj)
                [!provide]                        PROVIDE (__rel_iplt_end = .)

.rela.plt       0x0000000000000000        0x0
 *(SORT_BY_ALIGNMENT(.rela.plt))
                [!provide]                        PROVIDE (__rela_iplt_start = .)
 *(SORT_BY_ALIGNMENT(.rela.iplt))
                [!provide]                        PROVIDE (__rela_iplt_end = .)

.rel.dyn
 *(SORT_BY_ALIGNMENT(.rel.*))

.rela.dyn
 *(SORT_BY_ALIGNMENT(.rela.*))

/DISCARD/
 *(SORT_BY_ALIGNMENT(.plt))

/DISCARD/
 *(SORT_BY_ALIGNMENT(.iplt))
                0x000000000000c200                __rom_region_start = 0xc200

rom_start       0x000000000000c200      0x23c
                0x0000000000000000                . = 0x0
                0x0000000000000000                . = ALIGN (0x4)
                0x0000000000000000                . = ALIGN (0x80)
                0x0000000000000000                . = ALIGN (0x200)
                0x000000000000c200                _vector_start = .
 *(SORT_BY_ALIGNMENT(.exc_vector_table))
 *(SORT_BY_ALIGNMENT(.exc_vector_table.*))
 .exc_vector_table._vector_table_section
                0x000000000000c200       0x40 zephyr/arch/arch/arm/core/aarch32/cortex_m/libarch__arm__core__aarch32__cortex_m.a(vector_table.S.obj)
                0x000000000000c200                _vector_table
 *(SORT_BY_ALIGNMENT(.gnu.linkonce.irq_vector_table*))
 .gnu.linkonce.irq_vector_table
                0x000000000000c240      0x104 zephyr/arch/common/libisr_tables.a(isr_tables.c.obj)
                0x000000000000c240                _irq_vector_table
 *(SORT_BY_ALIGNMENT(.vectors))
                0x000000000000c344                _vector_end = .
                0x0000000000000200                . = 0x200
 *fill*         0x000000000000c344       0xbc 
                0x000000000000c400                _fw_info_start = .
 *(SORT_BY_NAME(SORT_BY_ALIGNMENT(.firmware_info*)))
 .firmware_info
                0x000000000000c400       0x3c modules/nrf/subsys/fw_info/lib..__nrf__subsys__fw_info.a(fw_info.c.obj)
                0x000000000000c400                m_firmware_info
                0x000000000000003c                _fw_info_size = ABSOLUTE ((. - _fw_info_start))

text            0x000000000000c43c     0x8de4
                0x000000000000c43c                __text_region_start = .
 *(SORT_BY_ALIGNMENT(.text))
 .text          0x000000000000c43c       0x30 c:/ncs/toolchains/cf2149caf2/opt/zephyr-sdk/arm-zephyr-eabi/bin/../lib/gcc/arm-zephyr-eabi/12.2.0/thumb/v8-m.main/nofp\libgcc.a(_aeabi_uldivmod.o)
                0x000000000000c43c                __aeabi_uldivmod
 .text          0x000000000000c46c        0x4 c:/ncs/toolchains/cf2149caf2/opt/zephyr-sdk/arm-zephyr-eabi/bin/../lib/gcc/arm-zephyr-eabi/12.2.0/thumb/v8-m.main/nofp\libgcc.a(_dvmd_tls.o)
                0x000000000000c46c                __aeabi_idiv0
                0x000000000000c46c                __aeabi_ldiv0
 .text          0x000000000000c470       0x38 c:/ncs/toolchains/cf2149caf2/opt/zephyr-sdk/arm-zephyr-eabi/bin/../lib/gcc/arm-zephyr-eabi/12.2.0/thumb/v8-m.main/nofp\libgcc.a(cmse_nonsecure_call.o)
                0x000000000000c470                __gnu_cmse_nonsecure_call
 .text          0x000000000000c4a8      0x29c c:/ncs/toolchains/cf2149caf2/opt/zephyr-sdk/arm-zephyr-eabi/bin/../lib/gcc/arm-zephyr-eabi/12.2.0/thumb/v8-m.main/nofp\libgcc.a(_udivmoddi4.o)
                0x000000000000c4a8                __udivmoddi4
 *(SORT_BY_ALIGNMENT(.text.*))
 .text.char_out
                0x000000000000c744       0x10 zephyr/libzephyr.a(printk.c.obj)
 .text.__printk_hook_install
                0x000000000000c754        0xc zephyr/libzephyr.a(printk.c.obj)
                0x000000000000c754                __printk_hook_install
 .text.vprintk  0x000000000000c760       0x1c zephyr/libzephyr.a(printk.c.obj)
                0x000000000000c760                vprintk
 .text.cbvprintf
                0x000000000000c77c      0x764 zephyr/libzephyr.a(cbprintf_complete.c.obj)
                0x000000000000c77c                cbvprintf
 .text.sys_reboot
                0x000000000000cee0       0x30 zephyr/libzephyr.a(reboot.c.obj)
                0x000000000000cee0                sys_reboot
 .text.nordicsemi_nrf91_init
                0x000000000000cf10       0x28 zephyr/libzephyr.a(soc.c.obj)
 .text.arch_busy_wait
                0x000000000000cf38       0x14 zephyr/libzephyr.a(soc.c.obj)
                0x000000000000cf38                arch_busy_wait
 .text.pm_power_state_set
                0x000000000000cf4c       0x28 zephyr/libzephyr.a(power.c.obj)
                0x000000000000cf4c                pm_power_state_set
 .text.pm_state_notify
                0x000000000000cf74       0xa0 zephyr/libzephyr.a(pm.c.obj)
 .text.atomic_test_and_set_bit.constprop.0
                0x000000000000d014       0x30 zephyr/libzephyr.a(pm.c.obj)
 .text.pm_system_resume
                0x000000000000d044       0x7c zephyr/libzephyr.a(pm.c.obj)
                0x000000000000d044                pm_system_resume
 .text.pm_system_suspend
                0x000000000000d0c0       0xec zephyr/libzephyr.a(pm.c.obj)
                0x000000000000d0c0                pm_system_suspend
 .text.adp536x_reg_read
                0x000000000000d1ac       0x3c zephyr/libzephyr.a(adp536x.c.obj)
 .text.adp536x_reg_write_mask
                0x000000000000d1e8       0x50 zephyr/libzephyr.a(adp536x.c.obj)
 .text.adp536x_init
                0x000000000000d238       0x1c zephyr/libzephyr.a(adp536x.c.obj)
                0x000000000000d238                adp536x_init
 .text.config_regions
                0x000000000000d254       0xc0 zephyr/libzephyr.a(spm.c.obj)
 .text.config_peripheral.constprop.0
                0x000000000000d314       0x64 zephyr/libzephyr.a(spm.c.obj)
 .text.spm_jump
                0x000000000000d378       0x9c zephyr/libzephyr.a(spm.c.obj)
                0x000000000000d378                spm_jump
 .text.spm_config
                0x000000000000d414      0x19c zephyr/libzephyr.a(spm.c.obj)
                0x000000000000d414                spm_config
 .text.fw_info_find
                0x000000000000d5b0       0x48 zephyr/libzephyr.a(secure_services.c.obj)
 .text.spm_secure_services_init
                0x000000000000d5f8       0x10 zephyr/libzephyr.a(secure_services.c.obj)
                0x000000000000d5f8                spm_secure_services_init
 .text.spm_request_read_nse
                0x000000000000d608       0x6c zephyr/libzephyr.a(secure_services.c.obj)
                0x000000000000d608                __acle_se_spm_request_read_nse
 .text.spm_request_random_number_nse
                0x000000000000d674       0x48 zephyr/libzephyr.a(secure_services.c.obj)
                0x000000000000d674                __acle_se_spm_request_random_number_nse
 .text.spm_s0_active
                0x000000000000d6bc       0x74 zephyr/libzephyr.a(secure_services.c.obj)
                0x000000000000d6bc                __acle_se_spm_s0_active
 .text.nrf_cc3xx_platform_abort_init
                0x000000000000d730        0xc zephyr/libzephyr.a(nrf_cc3xx_platform_abort_zephyr.c.obj)
                0x000000000000d730                nrf_cc3xx_platform_abort_init
 .text.mutex_free_platform
                0x000000000000d73c       0x48 zephyr/libzephyr.a(nrf_cc3xx_platform_mutex_zephyr.c.obj)
 .text.mutex_lock_platform
                0x000000000000d784       0x50 zephyr/libzephyr.a(nrf_cc3xx_platform_mutex_zephyr.c.obj)
 .text.mutex_unlock_platform
                0x000000000000d7d4       0x44 zephyr/libzephyr.a(nrf_cc3xx_platform_mutex_zephyr.c.obj)
 .text.mutex_init_platform
                0x000000000000d818       0x70 zephyr/libzephyr.a(nrf_cc3xx_platform_mutex_zephyr.c.obj)
 .text.nrf_cc3xx_platform_mutex_init
                0x000000000000d888       0x2c zephyr/libzephyr.a(nrf_cc3xx_platform_mutex_zephyr.c.obj)
                0x000000000000d888                nrf_cc3xx_platform_mutex_init
 .text.z_arm_cpu_idle_init
                0x000000000000d8b4        0xc zephyr/arch/arch/arm/core/aarch32/libarch__arm__core__aarch32.a(cpu_idle.S.obj)
                0x000000000000d8b4                z_arm_cpu_idle_init
 .text.arch_cpu_idle
                0x000000000000d8c0       0x1c zephyr/arch/arch/arm/core/aarch32/libarch__arm__core__aarch32.a(cpu_idle.S.obj)
                0x000000000000d8c0                arch_cpu_idle
 .text.z_arm_fatal_error
                0x000000000000d8dc       0x5c zephyr/arch/arch/arm/core/aarch32/libarch__arm__core__aarch32.a(fatal.c.obj)
                0x000000000000d8dc                z_arm_fatal_error
 .text.arch_irq_enable
                0x000000000000d938       0x1c zephyr/arch/arch/arm/core/aarch32/libarch__arm__core__aarch32.a(irq_manage.c.obj)
                0x000000000000d938                arch_irq_enable
 .text.arch_irq_is_enabled
                0x000000000000d954       0x1c zephyr/arch/arch/arm/core/aarch32/libarch__arm__core__aarch32.a(irq_manage.c.obj)
                0x000000000000d954                arch_irq_is_enabled
 .text.z_arm_irq_priority_set
                0x000000000000d970       0x4c zephyr/arch/arch/arm/core/aarch32/libarch__arm__core__aarch32.a(irq_manage.c.obj)
                0x000000000000d970                z_arm_irq_priority_set
 .text.z_SysNmiOnReset
                0x000000000000d9bc        0x8 zephyr/arch/arch/arm/core/aarch32/libarch__arm__core__aarch32.a(nmi_on_reset.S.obj)
                0x000000000000d9bc                z_SysNmiOnReset
 .text.z_arm_prep_c
                0x000000000000d9c4       0x38 zephyr/arch/arch/arm/core/aarch32/libarch__arm__core__aarch32.a(prep_c.c.obj)
                0x000000000000d9c4                z_arm_prep_c
 .text.arch_swap
                0x000000000000d9fc       0x34 zephyr/arch/arch/arm/core/aarch32/libarch__arm__core__aarch32.a(swap.c.obj)
                0x000000000000d9fc                arch_swap
 .text.z_arm_pendsv
                0x000000000000da30       0x58 zephyr/arch/arch/arm/core/aarch32/libarch__arm__core__aarch32.a(swap_helper.S.obj)
                0x000000000000da30                z_arm_pendsv
 .text.z_arm_svc
                0x000000000000da88       0x20 zephyr/arch/arch/arm/core/aarch32/libarch__arm__core__aarch32.a(swap_helper.S.obj)
                0x000000000000da88                z_arm_svc
 .text.arch_new_thread
                0x000000000000daa8       0x38 zephyr/arch/arch/arm/core/aarch32/libarch__arm__core__aarch32.a(thread.c.obj)
                0x000000000000daa8                arch_new_thread
 .text.arch_switch_to_main_thread
                0x000000000000dae0       0x28 zephyr/arch/arch/arm/core/aarch32/libarch__arm__core__aarch32.a(thread.c.obj)
                0x000000000000dae0                arch_switch_to_main_thread
 .text._isr_wrapper
                0x000000000000db08       0x40 zephyr/arch/arch/arm/core/aarch32/libarch__arm__core__aarch32.a(isr_wrapper.S.obj)
                0x000000000000db08                _isr_wrapper
 .text._HandlerModeExit
                0x000000000000db48       0x1c zephyr/arch/arch/arm/core/aarch32/cortex_m/libarch__arm__core__aarch32__cortex_m.a(exc_exit.S.obj)
                0x000000000000db48                z_arm_int_exit
                0x000000000000db48                z_arm_exc_exit
 .text.secure_fault.constprop.0
                0x000000000000db64       0xbc zephyr/arch/arch/arm/core/aarch32/cortex_m/libarch__arm__core__aarch32__cortex_m.a(fault.c.obj)
 .text.usage_fault.constprop.0
                0x000000000000dc20       0xac zephyr/arch/arch/arm/core/aarch32/cortex_m/libarch__arm__core__aarch32__cortex_m.a(fault.c.obj)
 .text.bus_fault.constprop.0
                0x000000000000dccc       0xb4 zephyr/arch/arch/arm/core/aarch32/cortex_m/libarch__arm__core__aarch32__cortex_m.a(fault.c.obj)
 .text.mem_manage_fault.constprop.0
                0x000000000000dd80       0xd8 zephyr/arch/arch/arm/core/aarch32/cortex_m/libarch__arm__core__aarch32__cortex_m.a(fault.c.obj)
 .text.z_arm_fault
                0x000000000000de58      0x210 zephyr/arch/arch/arm/core/aarch32/cortex_m/libarch__arm__core__aarch32__cortex_m.a(fault.c.obj)
                0x000000000000de58                z_arm_fault
 .text.z_arm_fault_init
                0x000000000000e068       0x18 zephyr/arch/arch/arm/core/aarch32/cortex_m/libarch__arm__core__aarch32__cortex_m.a(fault.c.obj)
                0x000000000000e068                z_arm_fault_init
 .text.__fault  0x000000000000e080       0x14 zephyr/arch/arch/arm/core/aarch32/cortex_m/libarch__arm__core__aarch32__cortex_m.a(fault_s.S.obj)
                0x000000000000e080                z_arm_bus_fault
                0x000000000000e080                z_arm_usage_fault
                0x000000000000e080                z_arm_mpu_fault
                0x000000000000e080                z_arm_exc_spurious
                0x000000000000e080                z_arm_debug_monitor
                0x000000000000e080                z_arm_hard_fault
                0x000000000000e080                z_arm_secure_fault
 .text.z_arm_interrupt_init
                0x000000000000e094       0x18 zephyr/arch/arch/arm/core/aarch32/cortex_m/libarch__arm__core__aarch32__cortex_m.a(irq_init.c.obj)
                0x000000000000e094                z_arm_interrupt_init
 .text._reset_section
                0x000000000000e0ac       0x60 zephyr/arch/arch/arm/core/aarch32/cortex_m/libarch__arm__core__aarch32__cortex_m.a(reset.S.obj)
                0x000000000000e0ac                __start
                0x000000000000e0ac                z_arm_reset
 .text.sys_arch_reboot
                0x000000000000e10c       0x24 zephyr/arch/arch/arm/core/aarch32/cortex_m/libarch__arm__core__aarch32__cortex_m.a(scb.c.obj)
                0x000000000000e10c                sys_arch_reboot
 .text.z_arm_clear_arm_mpu_config
                0x000000000000e130       0x24 zephyr/arch/arch/arm/core/aarch32/cortex_m/libarch__arm__core__aarch32__cortex_m.a(scb.c.obj)
                0x000000000000e130                z_arm_clear_arm_mpu_config
 .text.z_arm_init_arch_hw_at_boot
                0x000000000000e154       0x4c zephyr/arch/arch/arm/core/aarch32/cortex_m/libarch__arm__core__aarch32__cortex_m.a(scb.c.obj)
                0x000000000000e154                z_arm_init_arch_hw_at_boot
 .text.z_impl_k_thread_abort
                0x000000000000e1a0       0x24 zephyr/arch/arch/arm/core/aarch32/cortex_m/libarch__arm__core__aarch32__cortex_m.a(thread_abort.c.obj)
                0x000000000000e1a0                z_impl_k_thread_abort
 .text.tz_nonsecure_state_setup
                0x000000000000e1c4       0x3c zephyr/arch/arch/arm/core/aarch32/cortex_m/tz/libarch__arm__core__aarch32__cortex_m__tz.a(arm_core_tz.c.obj)
                0x000000000000e1c4                tz_nonsecure_state_setup
 .text.tz_nbanked_exception_target_state_set
                0x000000000000e200       0x28 zephyr/arch/arch/arm/core/aarch32/cortex_m/tz/libarch__arm__core__aarch32__cortex_m__tz.a(arm_core_tz.c.obj)
                0x000000000000e200                tz_nbanked_exception_target_state_set
 .text.tz_nonsecure_exception_prio_config
                0x000000000000e228       0x28 zephyr/arch/arch/arm/core/aarch32/cortex_m/tz/libarch__arm__core__aarch32__cortex_m__tz.a(arm_core_tz.c.obj)
                0x000000000000e228                tz_nonsecure_exception_prio_config
 .text.tz_nonsecure_system_reset_req_block
                0x000000000000e250       0x28 zephyr/arch/arch/arm/core/aarch32/cortex_m/tz/libarch__arm__core__aarch32__cortex_m__tz.a(arm_core_tz.c.obj)
                0x000000000000e250                tz_nonsecure_system_reset_req_block
 .text.tz_nonsecure_fpu_access_enable
                0x000000000000e278       0x14 zephyr/arch/arch/arm/core/aarch32/cortex_m/tz/libarch__arm__core__aarch32__cortex_m__tz.a(arm_core_tz.c.obj)
                0x000000000000e278                tz_nonsecure_fpu_access_enable
 .text.tz_sau_configure
                0x000000000000e28c       0x30 zephyr/arch/arch/arm/core/aarch32/cortex_m/tz/libarch__arm__core__aarch32__cortex_m__tz.a(arm_core_tz.c.obj)
                0x000000000000e28c                tz_sau_configure
 .text.z_arm_configure_static_mpu_regions
                0x000000000000e2bc       0x38 zephyr/arch/arch/arm/core/aarch32/mpu/libarch__arm__core__aarch32__mpu.a(arm_core_mpu.c.obj)
                0x000000000000e2bc                z_arm_configure_static_mpu_regions
 .text.region_init
                0x000000000000e2f4       0x34 zephyr/arch/arch/arm/core/aarch32/mpu/libarch__arm__core__aarch32__mpu.a(arm_mpu.c.obj)
 .text.mpu_configure_region
                0x000000000000e328       0x50 zephyr/arch/arch/arm/core/aarch32/mpu/libarch__arm__core__aarch32__mpu.a(arm_mpu.c.obj)
 .text.mpu_configure_regions_and_partition.constprop.0
                0x000000000000e378      0x170 zephyr/arch/arch/arm/core/aarch32/mpu/libarch__arm__core__aarch32__mpu.a(arm_mpu.c.obj)
 .text.arm_core_mpu_enable
                0x000000000000e4e8       0x18 zephyr/arch/arch/arm/core/aarch32/mpu/libarch__arm__core__aarch32__mpu.a(arm_mpu.c.obj)
                0x000000000000e4e8                arm_core_mpu_enable
 .text.arm_core_mpu_disable
                0x000000000000e500       0x14 zephyr/arch/arch/arm/core/aarch32/mpu/libarch__arm__core__aarch32__mpu.a(arm_mpu.c.obj)
                0x000000000000e500                arm_core_mpu_disable
 .text.arm_core_mpu_configure_static_mpu_regions
                0x000000000000e514       0x38 zephyr/arch/arch/arm/core/aarch32/mpu/libarch__arm__core__aarch32__mpu.a(arm_mpu.c.obj)
                0x000000000000e514                arm_core_mpu_configure_static_mpu_regions
 .text.arm_core_mpu_mark_areas_for_dynamic_regions
                0x000000000000e54c       0xdc zephyr/arch/arch/arm/core/aarch32/mpu/libarch__arm__core__aarch32__mpu.a(arm_mpu.c.obj)
                0x000000000000e54c                arm_core_mpu_mark_areas_for_dynamic_regions
 .text.z_arm_mpu_init
                0x000000000000e628       0x90 zephyr/arch/arch/arm/core/aarch32/mpu/libarch__arm__core__aarch32__mpu.a(arm_mpu.c.obj)
                0x000000000000e628                z_arm_mpu_init
 .text.__stdout_hook_install
                0x000000000000e6b8        0xc zephyr/lib/libc/minimal/liblib__libc__minimal.a(stdout_console.c.obj)
                0x000000000000e6b8                __stdout_hook_install
 .text.thingy91_board_init
                0x000000000000e6c4       0xd4 zephyr/boards/boards/arm/thingy91_nrf9160/lib..__nrf__boards__arm__thingy91_nrf9160.a(board_secure.c.obj)
 .text.onoff_start
                0x000000000000e798       0x3c zephyr/drivers/clock_control/libdrivers__clock_control.a(clock_control_nrf.c.obj)
 .text.get_status
                0x000000000000e7d4       0x34 zephyr/drivers/clock_control/libdrivers__clock_control.a(clock_control_nrf.c.obj)
 .text.stop     0x000000000000e808       0x78 zephyr/drivers/clock_control/libdrivers__clock_control.a(clock_control_nrf.c.obj)
 .text.onoff_stop
                0x000000000000e880       0x28 zephyr/drivers/clock_control/libdrivers__clock_control.a(clock_control_nrf.c.obj)
 .text.clk_init
                0x000000000000e8a8       0x60 zephyr/drivers/clock_control/libdrivers__clock_control.a(clock_control_nrf.c.obj)
 .text.clkstarted_handle.constprop.0
                0x000000000000e908       0x34 zephyr/drivers/clock_control/libdrivers__clock_control.a(clock_control_nrf.c.obj)
 .text.clock_event_handler
                0x000000000000e93c       0x58 zephyr/drivers/clock_control/libdrivers__clock_control.a(clock_control_nrf.c.obj)
 .text.generic_hfclk_start
                0x000000000000e994       0x64 zephyr/drivers/clock_control/libdrivers__clock_control.a(clock_control_nrf.c.obj)
 .text.api_blocking_start
                0x000000000000e9f8       0x34 zephyr/drivers/clock_control/libdrivers__clock_control.a(clock_control_nrf.c.obj)
 .text.generic_hfclk_stop
                0x000000000000ea2c       0x24 zephyr/drivers/clock_control/libdrivers__clock_control.a(clock_control_nrf.c.obj)
 .text.uart_console_init
                0x000000000000ea50       0x30 zephyr/drivers/console/libdrivers__console.a(uart_console.c.obj)
 .text.console_out
                0x000000000000ea80       0x28 zephyr/drivers/console/libdrivers__console.a(uart_console.c.obj)
 .text.i2c_nrfx_twim_recover_bus
                0x000000000000eaa8       0x20 zephyr/drivers/i2c/libdrivers__i2c.a(i2c_nrfx_twim.c.obj)
 .text.i2c_nrfx_twim_configure
                0x000000000000eac8       0x40 zephyr/drivers/i2c/libdrivers__i2c.a(i2c_nrfx_twim.c.obj)
 .text.twim_2_init
                0x000000000000eb08       0x44 zephyr/drivers/i2c/libdrivers__i2c.a(i2c_nrfx_twim.c.obj)
 .text.event_handler
                0x000000000000eb4c       0x34 zephyr/drivers/i2c/libdrivers__i2c.a(i2c_nrfx_twim.c.obj)
 .text.i2c_nrfx_twim_transfer
                0x000000000000eb80      0x1e8 zephyr/drivers/i2c/libdrivers__i2c.a(i2c_nrfx_twim.c.obj)
 .text.nrf_gpio_pin_port_decode
                0x000000000000ed68       0x5c zephyr/drivers/serial/libdrivers__serial.a(uart_nrfx_uarte.c.obj)
 .text.uarte_nrfx_configure
                0x000000000000edc4      0x164 zephyr/drivers/serial/libdrivers__serial.a(uart_nrfx_uarte.c.obj)
 .text.uarte_nrfx_poll_out
                0x000000000000ef28       0xc4 zephyr/drivers/serial/libdrivers__serial.a(uart_nrfx_uarte.c.obj)
 .text.entropy_cc3xx_rng_get_entropy
                0x000000000000efec       0x74 zephyr/drivers/entropy/libdrivers__entropy.a(entropy_cc310.c.obj)
 .text.elapsed  0x000000000000f060       0x3c zephyr/drivers/timer/libdrivers__timer.a(cortex_m_systick.c.obj)
 .text.sys_clock_driver_init
                0x000000000000f09c       0x30 zephyr/drivers/timer/libdrivers__timer.a(cortex_m_systick.c.obj)
 .text.sys_clock_isr
                0x000000000000f0cc       0x38 zephyr/drivers/timer/libdrivers__timer.a(cortex_m_systick.c.obj)
                0x000000000000f0cc                sys_clock_isr
 .text.sys_clock_set_timeout
                0x000000000000f104      0x104 zephyr/drivers/timer/libdrivers__timer.a(cortex_m_systick.c.obj)
                0x000000000000f104                sys_clock_set_timeout
 .text.sys_clock_elapsed
                0x000000000000f208       0x7c zephyr/drivers/timer/libdrivers__timer.a(cortex_m_systick.c.obj)
                0x000000000000f208                sys_clock_elapsed
 .text.sys_clock_idle_exit
                0x000000000000f284       0x1c zephyr/drivers/timer/libdrivers__timer.a(cortex_m_systick.c.obj)
                0x000000000000f284                sys_clock_idle_exit
 .text.k_sys_fatal_error_handler
                0x000000000000f2a0       0x14 modules/nrf/lib/fatal_error/lib..__nrf__lib__fatal_error.a(fatal_error.c.obj)
                0x000000000000f2a0                k_sys_fatal_error_handler
 .text.check_ext_api_requests
                0x000000000000f2b4       0x98 modules/nrf/subsys/fw_info/lib..__nrf__subsys__fw_info.a(fw_info.c.obj)
 .text.SystemInit
                0x000000000000f34c      0x190 modules/hal_nordic/nrfx/libmodules__hal_nordic__nrfx.a(system_nrf9160.c.obj)
                0x000000000000f34c                SystemInit
 .text.nrfx_clock_init
                0x000000000000f4dc       0x40 modules/hal_nordic/nrfx/libmodules__hal_nordic__nrfx.a(nrfx_clock.c.obj)
                0x000000000000f4dc                nrfx_clock_init
 .text.nrfx_clock_enable
                0x000000000000f51c       0x3c modules/hal_nordic/nrfx/libmodules__hal_nordic__nrfx.a(nrfx_clock.c.obj)
                0x000000000000f51c                nrfx_clock_enable
 .text.nrfx_clock_start
                0x000000000000f558       0xa4 modules/hal_nordic/nrfx/libmodules__hal_nordic__nrfx.a(nrfx_clock.c.obj)
                0x000000000000f558                nrfx_clock_start
 .text.nrfx_clock_stop
                0x000000000000f5fc       0xb0 modules/hal_nordic/nrfx/libmodules__hal_nordic__nrfx.a(nrfx_clock.c.obj)
                0x000000000000f5fc                nrfx_clock_stop
 .text.nrfx_power_clock_irq_handler
                0x000000000000f6ac       0x68 modules/hal_nordic/nrfx/libmodules__hal_nordic__nrfx.a(nrfx_clock.c.obj)
                0x000000000000f6ac                nrfx_power_clock_irq_handler
 .text.nrf_gpio_pin_port_decode
                0x000000000000f714       0x5c modules/hal_nordic/nrfx/libmodules__hal_nordic__nrfx.a(nrfx_twim.c.obj)
 .text.nrfx_twim_init
                0x000000000000f770       0xe0 modules/hal_nordic/nrfx/libmodules__hal_nordic__nrfx.a(nrfx_twim.c.obj)
                0x000000000000f770                nrfx_twim_init
 .text.nrfx_twim_enable
                0x000000000000f850       0x50 modules/hal_nordic/nrfx/libmodules__hal_nordic__nrfx.a(nrfx_twim.c.obj)
                0x000000000000f850                nrfx_twim_enable
 .text.nrfx_twim_disable
                0x000000000000f8a0       0x68 modules/hal_nordic/nrfx/libmodules__hal_nordic__nrfx.a(nrfx_twim.c.obj)
                0x000000000000f8a0                nrfx_twim_disable
 .text.nrfx_twim_xfer
                0x000000000000f908      0x3ec modules/hal_nordic/nrfx/libmodules__hal_nordic__nrfx.a(nrfx_twim.c.obj)
                0x000000000000f908                nrfx_twim_xfer
 .text.nrfx_twim_2_irq_handler
                0x000000000000fcf4      0x1a0 modules/hal_nordic/nrfx/libmodules__hal_nordic__nrfx.a(nrfx_twim.c.obj)
                0x000000000000fcf4                nrfx_twim_2_irq_handler
 .text.nrf_gpio_pin_port_decode
                0x000000000000fe94       0x5c modules/hal_nordic/nrfx/libmodules__hal_nordic__nrfx.a(nrfx_twi_twim.c.obj)
 .text.nrfx_twi_twim_bus_recover
                0x000000000000fef0       0xbc modules/hal_nordic/nrfx/libmodules__hal_nordic__nrfx.a(nrfx_twi_twim.c.obj)
                0x000000000000fef0                nrfx_twi_twim_bus_recover
 .text.z_sys_init_run_level
                0x000000000000ffac       0x40 zephyr/kernel/libkernel.a(device.c.obj)
                0x000000000000ffac                z_sys_init_run_level
 .text.z_impl_device_get_binding
                0x000000000000ffec       0x54 zephyr/kernel/libkernel.a(device.c.obj)
                0x000000000000ffec                z_impl_device_get_binding
 .text.z_fatal_error
                0x0000000000010040       0xb8 zephyr/kernel/libkernel.a(fatal.c.obj)
                0x0000000000010040                z_fatal_error
 .text.init_idle_thread
                0x00000000000100f8       0x54 zephyr/kernel/libkernel.a(init.c.obj)
 .text.bg_thread_main
                0x000000000001014c       0x34 zephyr/kernel/libkernel.a(init.c.obj)
 .text.z_bss_zero
                0x0000000000010180       0x14 zephyr/kernel/libkernel.a(init.c.obj)
                0x0000000000010180                z_bss_zero
 .text.z_cstart
                0x0000000000010194       0xf8 zephyr/kernel/libkernel.a(init.c.obj)
                0x0000000000010194                z_cstart
 .text.init_mem_slab_module
                0x000000000001028c       0x64 zephyr/kernel/libkernel.a(mem_slab.c.obj)
 .text.k_mem_slab_alloc
                0x00000000000102f0       0xb4 zephyr/kernel/libkernel.a(mem_slab.c.obj)
                0x00000000000102f0                k_mem_slab_alloc
 .text.k_mem_slab_free
                0x00000000000103a4       0xa4 zephyr/kernel/libkernel.a(mem_slab.c.obj)
                0x00000000000103a4                k_mem_slab_free
 .text.z_setup_new_thread
                0x0000000000010448       0xa8 zephyr/kernel/libkernel.a(thread.c.obj)
                0x0000000000010448                z_setup_new_thread
 .text.z_init_static_threads
                0x00000000000104f0       0xf8 zephyr/kernel/libkernel.a(thread.c.obj)
                0x00000000000104f0                z_init_static_threads
 .text.z_spin_lock_valid
                0x00000000000105e8       0x1c zephyr/kernel/libkernel.a(thread.c.obj)
                0x00000000000105e8                z_spin_lock_valid
 .text.z_spin_unlock_valid
                0x0000000000010604       0x1c zephyr/kernel/libkernel.a(thread.c.obj)
                0x0000000000010604                z_spin_unlock_valid
 .text.z_spin_lock_set_owner
                0x0000000000010620       0x10 zephyr/kernel/libkernel.a(thread.c.obj)
                0x0000000000010620                z_spin_lock_set_owner
 .text.idle     0x0000000000010630       0x50 zephyr/kernel/libkernel.a(idle.c.obj)
                0x0000000000010630                idle
 .text.z_impl_k_mutex_lock
                0x0000000000010680      0x1a4 zephyr/kernel/libkernel.a(mutex.c.obj)
                0x0000000000010680                z_impl_k_mutex_lock
 .text.z_impl_k_mutex_unlock
                0x0000000000010824      0x130 zephyr/kernel/libkernel.a(mutex.c.obj)
                0x0000000000010824                z_impl_k_mutex_unlock
 .text.z_impl_k_sem_give
                0x0000000000010954       0x6c zephyr/kernel/libkernel.a(sem.c.obj)
                0x0000000000010954                z_impl_k_sem_give
 .text.z_impl_k_sem_take
                0x00000000000109c0       0xd4 zephyr/kernel/libkernel.a(sem.c.obj)
                0x00000000000109c0                z_impl_k_sem_take
 .text.z_reset_time_slice
                0x0000000000010a94       0x2c zephyr/kernel/libkernel.a(sched.c.obj)
                0x0000000000010a94                z_reset_time_slice
 .text.update_cache
                0x0000000000010ac0       0x60 zephyr/kernel/libkernel.a(sched.c.obj)
 .text.ready_thread
                0x0000000000010b20       0x94 zephyr/kernel/libkernel.a(sched.c.obj)
 .text.k_sched_time_slice_set
                0x0000000000010bb4       0xac zephyr/kernel/libkernel.a(sched.c.obj)
                0x0000000000010bb4                k_sched_time_slice_set
 .text.z_ready_thread
                0x0000000000010c60       0x6c zephyr/kernel/libkernel.a(sched.c.obj)
                0x0000000000010c60                z_ready_thread
 .text.z_reschedule
                0x0000000000010ccc       0x6c zephyr/kernel/libkernel.a(sched.c.obj)
                0x0000000000010ccc                z_reschedule
 .text.z_sched_start
                0x0000000000010d38       0x84 zephyr/kernel/libkernel.a(sched.c.obj)
                0x0000000000010d38                z_sched_start
 .text.k_sched_lock
                0x0000000000010dbc       0xa8 zephyr/kernel/libkernel.a(sched.c.obj)
                0x0000000000010dbc                k_sched_lock
 .text.k_sched_unlock
                0x0000000000010e64       0xb8 zephyr/kernel/libkernel.a(sched.c.obj)
                0x0000000000010e64                k_sched_unlock
 .text.z_priq_dumb_remove
                0x0000000000010f1c       0x3c zephyr/kernel/libkernel.a(sched.c.obj)
                0x0000000000010f1c                z_priq_dumb_remove
 .text.move_thread_to_end_of_prio_q
                0x0000000000010f58       0xa0 zephyr/kernel/libkernel.a(sched.c.obj)
 .text.z_time_slice
                0x0000000000010ff8       0xc8 zephyr/kernel/libkernel.a(sched.c.obj)
                0x0000000000010ff8                z_time_slice
 .text.unready_thread
                0x00000000000110c0       0x38 zephyr/kernel/libkernel.a(sched.c.obj)
 .text.add_to_waitq_locked
                0x00000000000110f8       0x78 zephyr/kernel/libkernel.a(sched.c.obj)
 .text.pend     0x0000000000011170       0x98 zephyr/kernel/libkernel.a(sched.c.obj)
 .text.z_pend_curr
                0x0000000000011208       0x4c zephyr/kernel/libkernel.a(sched.c.obj)
                0x0000000000011208                z_pend_curr
 .text.z_set_prio
                0x0000000000011254      0x104 zephyr/kernel/libkernel.a(sched.c.obj)
                0x0000000000011254                z_set_prio
 .text.z_impl_k_thread_suspend
                0x0000000000011358       0xb0 zephyr/kernel/libkernel.a(sched.c.obj)
                0x0000000000011358                z_impl_k_thread_suspend
 .text.unpend_thread_no_timeout
                0x0000000000011408       0x3c zephyr/kernel/libkernel.a(sched.c.obj)
 .text.z_thread_timeout
                0x0000000000011444       0x90 zephyr/kernel/libkernel.a(sched.c.obj)
                0x0000000000011444                z_thread_timeout
 .text.z_unpend_first_thread
                0x00000000000114d4       0x80 zephyr/kernel/libkernel.a(sched.c.obj)
                0x00000000000114d4                z_unpend_first_thread
 .text.z_sched_init
                0x0000000000011554       0x18 zephyr/kernel/libkernel.a(sched.c.obj)
                0x0000000000011554                z_sched_init
 .text.z_impl_k_yield
                0x000000000001156c      0x108 zephyr/kernel/libkernel.a(sched.c.obj)
                0x000000000001156c                z_impl_k_yield
 .text.z_tick_sleep
                0x0000000000011674      0x114 zephyr/kernel/libkernel.a(sched.c.obj)
 .text.z_impl_k_sleep
                0x0000000000011788       0x60 zephyr/kernel/libkernel.a(sched.c.obj)
                0x0000000000011788                z_impl_k_sleep
 .text.z_impl_z_current_get
                0x00000000000117e8        0xc zephyr/kernel/libkernel.a(sched.c.obj)
                0x00000000000117e8                z_impl_z_current_get
 .text.z_thread_abort
                0x00000000000117f4      0x128 zephyr/kernel/libkernel.a(sched.c.obj)
                0x00000000000117f4                z_thread_abort
 .text.z_data_copy
                0x000000000001191c       0x34 zephyr/kernel/libkernel.a(xip.c.obj)
                0x000000000001191c                z_data_copy
 .text.elapsed  0x0000000000011950       0x14 zephyr/kernel/libkernel.a(timeout.c.obj)
 .text.next_timeout
                0x0000000000011964       0x54 zephyr/kernel/libkernel.a(timeout.c.obj)
 .text.remove_timeout
                0x00000000000119b8       0x34 zephyr/kernel/libkernel.a(timeout.c.obj)
 .text.z_add_timeout
                0x00000000000119ec      0x15c zephyr/kernel/libkernel.a(timeout.c.obj)
                0x00000000000119ec                z_add_timeout
 .text.z_abort_timeout
                0x0000000000011b48       0x78 zephyr/kernel/libkernel.a(timeout.c.obj)
                0x0000000000011b48                z_abort_timeout
 .text.z_get_next_timeout_expiry
                0x0000000000011bc0       0x6c zephyr/kernel/libkernel.a(timeout.c.obj)
                0x0000000000011bc0                z_get_next_timeout_expiry
 .text.z_set_timeout_expiry
                0x0000000000011c2c       0x80 zephyr/kernel/libkernel.a(timeout.c.obj)
                0x0000000000011c2c                z_set_timeout_expiry
 .text.sys_clock_announce
                0x0000000000011cac      0x13c zephyr/kernel/libkernel.a(timeout.c.obj)
                0x0000000000011cac                sys_clock_announce
 .text.sys_clock_tick_get
                0x0000000000011de8       0x7c zephyr/kernel/libkernel.a(timeout.c.obj)
                0x0000000000011de8                sys_clock_tick_get
 .text.boot_banner
                0x0000000000011e64       0x18 zephyr/kernel/libkernel.a(banner.c.obj)
                0x0000000000011e64                boot_banner
 .text.nrf_cc3xx_platform_init
                0x0000000000011e7c       0x44 C:/ncs/v1.9.0/nrfxlib/crypto/nrf_cc310_platform/lib/cortex-m33/soft-float/no-interrupts/libnrf_cc310_platform_0.9.13.a(nrf_cc3xx_platform.c.obj)
                0x0000000000011e7c                nrf_cc3xx_platform_init
 .text.nrf_cc3xx_platform_abort
                0x0000000000011ec0       0x24 C:/ncs/v1.9.0/nrfxlib/crypto/nrf_cc310_platform/lib/cortex-m33/soft-float/no-interrupts/libnrf_cc310_platform_0.9.13.a(nrf_cc3xx_platform_abort.c.obj)
 .text.CC_PalAbort
                0x0000000000011ee4       0x38 C:/ncs/v1.9.0/nrfxlib/crypto/nrf_cc310_platform/lib/cortex-m33/soft-float/no-interrupts/libnrf_cc310_platform_0.9.13.a(nrf_cc3xx_platform_abort.c.obj)
                0x0000000000011ee4                CC_PalAbort
 .text.nrf_cc3xx_platform_set_abort
                0x0000000000011f1c       0x10 C:/ncs/v1.9.0/nrfxlib/crypto/nrf_cc310_platform/lib/cortex-m33/soft-float/no-interrupts/libnrf_cc310_platform_0.9.13.a(nrf_cc3xx_platform_abort.c.obj)
                0x0000000000011f1c                nrf_cc3xx_platform_set_abort
 .text.nrf_cc3xx_platform_ctr_drbg_init
                0x0000000000011f2c       0x68 C:/ncs/v1.9.0/nrfxlib/crypto/nrf_cc310_platform/lib/cortex-m33/soft-float/no-interrupts/libnrf_cc310_platform_0.9.13.a(nrf_cc3xx_platform_ctr_drbg.c.obj)
                0x0000000000011f2c                nrf_cc3xx_platform_ctr_drbg_init
 .text.nrf_cc3xx_platform_ctr_drbg_get
                0x0000000000011f94       0x44 C:/ncs/v1.9.0/nrfxlib/crypto/nrf_cc310_platform/lib/cortex-m33/soft-float/no-interrupts/libnrf_cc310_platform_0.9.13.a(nrf_cc3xx_platform_ctr_drbg.c.obj)
                0x0000000000011f94                nrf_cc3xx_platform_ctr_drbg_get
 .text.mutex_free
                0x0000000000011fd8       0x28 C:/ncs/v1.9.0/nrfxlib/crypto/nrf_cc310_platform/lib/cortex-m33/soft-float/no-interrupts/libnrf_cc310_platform_0.9.13.a(nrf_cc3xx_platform_mutex.c.obj)
 .text.mutex_unlock
                0x0000000000012000       0x2c C:/ncs/v1.9.0/nrfxlib/crypto/nrf_cc310_platform/lib/cortex-m33/soft-float/no-interrupts/libnrf_cc310_platform_0.9.13.a(nrf_cc3xx_platform_mutex.c.obj)
 .text.mutex_init
                0x000000000001202c       0x1c C:/ncs/v1.9.0/nrfxlib/crypto/nrf_cc310_platform/lib/cortex-m33/soft-float/no-interrupts/libnrf_cc310_platform_0.9.13.a(nrf_cc3xx_platform_mutex.c.obj)
 .text.mutex_lock
                0x0000000000012048       0x3c C:/ncs/v1.9.0/nrfxlib/crypto/nrf_cc310_platform/lib/cortex-m33/soft-float/no-interrupts/libnrf_cc310_platform_0.9.13.a(nrf_cc3xx_platform_mutex.c.obj)
 .text.nrf_cc3xx_platform_set_mutexes
                0x0000000000012084       0x64 C:/ncs/v1.9.0/nrfxlib/crypto/nrf_cc310_platform/lib/cortex-m33/soft-float/no-interrupts/libnrf_cc310_platform_0.9.13.a(nrf_cc3xx_platform_mutex.c.obj)
                0x0000000000012084                nrf_cc3xx_platform_set_mutexes
 .text.mbedtls_zeroize_internal
                0x00000000000120e8       0x14 C:/ncs/v1.9.0/nrfxlib/crypto/nrf_cc310_platform/lib/cortex-m33/soft-float/no-interrupts/libnrf_cc310_platform_0.9.13.a(mbedtls_common.c.obj)
                0x00000000000120e8                mbedtls_zeroize_internal
 .text.mbedtls_platform_zeroize
                0x00000000000120fc       0x14 C:/ncs/v1.9.0/nrfxlib/crypto/nrf_cc310_platform/lib/cortex-m33/soft-float/no-interrupts/libnrf_cc310_platform_0.9.13.a(mbedtls_common.c.obj)
                0x00000000000120fc                mbedtls_platform_zeroize
 .text.block_cipher_df
                0x0000000000012110      0x280 C:/ncs/v1.9.0/nrfxlib/crypto/nrf_cc310_platform/lib/cortex-m33/soft-float/no-interrupts/libnrf_cc310_platform_0.9.13.a(ctr_drbg.c.obj)
 .text.ctr_drbg_update_internal
                0x0000000000012390      0x148 C:/ncs/v1.9.0/nrfxlib/crypto/nrf_cc310_platform/lib/cortex-m33/soft-float/no-interrupts/libnrf_cc310_platform_0.9.13.a(ctr_drbg.c.obj)
 .text.mbedtls_ctr_drbg_reseed_internal
                0x00000000000124d8       0xc8 C:/ncs/v1.9.0/nrfxlib/crypto/nrf_cc310_platform/lib/cortex-m33/soft-float/no-interrupts/libnrf_cc310_platform_0.9.13.a(ctr_drbg.c.obj)
 .text.cc_mbedtls_ctr_drbg_init
                0x00000000000125a0       0x2c C:/ncs/v1.9.0/nrfxlib/crypto/nrf_cc310_platform/lib/cortex-m33/soft-float/no-interrupts/libnrf_cc310_platform_0.9.13.a(ctr_drbg.c.obj)
                0x00000000000125a0                cc_mbedtls_ctr_drbg_init
 .text.cc_mbedtls_ctr_drbg_seed
                0x00000000000125cc       0x9c C:/ncs/v1.9.0/nrfxlib/crypto/nrf_cc310_platform/lib/cortex-m33/soft-float/no-interrupts/libnrf_cc310_platform_0.9.13.a(ctr_drbg.c.obj)
                0x00000000000125cc                cc_mbedtls_ctr_drbg_seed
 .text.cc_mbedtls_ctr_drbg_random_with_add
                0x0000000000012668      0x1e8 C:/ncs/v1.9.0/nrfxlib/crypto/nrf_cc310_platform/lib/cortex-m33/soft-float/no-interrupts/libnrf_cc310_platform_0.9.13.a(ctr_drbg.c.obj)
                0x0000000000012668                cc_mbedtls_ctr_drbg_random_with_add
 .text.entropy_update
                0x0000000000012850       0x7c C:/ncs/v1.9.0/nrfxlib/crypto/nrf_cc310_platform/lib/cortex-m33/soft-float/no-interrupts/libnrf_cc310_platform_0.9.13.a(entropy.c.obj)
 .text.entropy_gather_internal.part.0
                0x00000000000128cc       0x78 C:/ncs/v1.9.0/nrfxlib/crypto/nrf_cc310_platform/lib/cortex-m33/soft-float/no-interrupts/libnrf_cc310_platform_0.9.13.a(entropy.c.obj)
 .text.cc_mbedtls_entropy_init
                0x0000000000012944       0x80 C:/ncs/v1.9.0/nrfxlib/crypto/nrf_cc310_platform/lib/cortex-m33/soft-float/no-interrupts/libnrf_cc310_platform_0.9.13.a(entropy.c.obj)
                0x0000000000012944                cc_mbedtls_entropy_init
 .text.cc_mbedtls_entropy_func
                0x00000000000129c4      0x10c C:/ncs/v1.9.0/nrfxlib/crypto/nrf_cc310_platform/lib/cortex-m33/soft-float/no-interrupts/libnrf_cc310_platform_0.9.13.a(entropy.c.obj)
                0x00000000000129c4                cc_mbedtls_entropy_func
 .text.RndStartupTest.constprop.0
                0x0000000000012ad0       0xa4 C:/ncs/v1.9.0/nrfxlib/crypto/nrf_cc310_platform/lib/cortex-m33/soft-float/no-interrupts/libnrf_cc310_platform_0.9.13.a(cc_lib.c.obj)
 .text.CC_LibInit
                0x0000000000012b74       0xb0 C:/ncs/v1.9.0/nrfxlib/crypto/nrf_cc310_platform/lib/cortex-m33/soft-float/no-interrupts/libnrf_cc310_platform_0.9.13.a(cc_lib.c.obj)
                0x0000000000012b74                CC_LibInit
 .text.CC_HalInit
                0x0000000000012c24        0x4 C:/ncs/v1.9.0/nrfxlib/crypto/nrf_cc310_platform/lib/cortex-m33/soft-float/no-interrupts/libnrf_cc310_platform_0.9.13.a(cc_hal.c.obj)
                0x0000000000012c24                CC_HalInit
 .text.CC_HalTerminate
                0x0000000000012c28        0x4 C:/ncs/v1.9.0/nrfxlib/crypto/nrf_cc310_platform/lib/cortex-m33/soft-float/no-interrupts/libnrf_cc310_platform_0.9.13.a(cc_hal.c.obj)
                0x0000000000012c28                CC_HalTerminate
 .text.CC_HalClearInterruptBit
                0x0000000000012c2c       0x1c C:/ncs/v1.9.0/nrfxlib/crypto/nrf_cc310_platform/lib/cortex-m33/soft-float/no-interrupts/libnrf_cc310_platform_0.9.13.a(cc_hal.c.obj)
                0x0000000000012c2c                CC_HalClearInterruptBit
 .text.CC_HalMaskInterrupt
                0x0000000000012c48        0xc C:/ncs/v1.9.0/nrfxlib/crypto/nrf_cc310_platform/lib/cortex-m33/soft-float/no-interrupts/libnrf_cc310_platform_0.9.13.a(cc_hal.c.obj)
                0x0000000000012c48                CC_HalMaskInterrupt
 .text.CC_HalWaitInterrupt
                0x0000000000012c54        0xc C:/ncs/v1.9.0/nrfxlib/crypto/nrf_cc310_platform/lib/cortex-m33/soft-float/no-interrupts/libnrf_cc310_platform_0.9.13.a(cc_hal.c.obj)
                0x0000000000012c54                CC_HalWaitInterrupt
 .text.CC_HalWaitInterruptRND
                0x0000000000012c60        0xc C:/ncs/v1.9.0/nrfxlib/crypto/nrf_cc310_platform/lib/cortex-m33/soft-float/no-interrupts/libnrf_cc310_platform_0.9.13.a(cc_hal.c.obj)
                0x0000000000012c60                CC_HalWaitInterruptRND
 .text.CC_PalInit
                0x0000000000012c6c       0x5c C:/ncs/v1.9.0/nrfxlib/crypto/nrf_cc310_platform/lib/cortex-m33/soft-float/no-interrupts/libnrf_cc310_platform_0.9.13.a(cc_pal.c.obj)
                0x0000000000012c6c                CC_PalInit
 .text.CC_PalTerminate
                0x0000000000012cc8       0x34 C:/ncs/v1.9.0/nrfxlib/crypto/nrf_cc310_platform/lib/cortex-m33/soft-float/no-interrupts/libnrf_cc310_platform_0.9.13.a(cc_pal.c.obj)
                0x0000000000012cc8                CC_PalTerminate
 .text.CC_PalDmaInit
                0x0000000000012cfc        0x4 C:/ncs/v1.9.0/nrfxlib/crypto/nrf_cc310_platform/lib/cortex-m33/soft-float/no-interrupts/libnrf_cc310_platform_0.9.13.a(cc_pal_dma.c.obj)
                0x0000000000012cfc                CC_PalDmaInit
 .text.CC_PalDmaTerminate
                0x0000000000012d00        0x4 C:/ncs/v1.9.0/nrfxlib/crypto/nrf_cc310_platform/lib/cortex-m33/soft-float/no-interrupts/libnrf_cc310_platform_0.9.13.a(cc_pal_dma.c.obj)
                0x0000000000012d00                CC_PalDmaTerminate
 .text.CC_PalWaitInterruptRND
                0x0000000000012d04       0x30 C:/ncs/v1.9.0/nrfxlib/crypto/nrf_cc310_platform/lib/cortex-m33/soft-float/no-interrupts/libnrf_cc310_platform_0.9.13.a(cc_pal_interrupt_ctrl.c.obj)
                0x0000000000012d04                CC_PalWaitInterruptRND
 .text.CC_PalWaitInterrupt
                0x0000000000012d34       0x1c C:/ncs/v1.9.0/nrfxlib/crypto/nrf_cc310_platform/lib/cortex-m33/soft-float/no-interrupts/libnrf_cc310_platform_0.9.13.a(cc_pal_interrupt_ctrl.c.obj)
                0x0000000000012d34                CC_PalWaitInterrupt
 .text.CC_PalMutexCreate
                0x0000000000012d50       0x14 C:/ncs/v1.9.0/nrfxlib/crypto/nrf_cc310_platform/lib/cortex-m33/soft-float/no-interrupts/libnrf_cc310_platform_0.9.13.a(cc_pal_mutex.c.obj)
                0x0000000000012d50                CC_PalMutexCreate
 .text.CC_PalMutexDestroy
                0x0000000000012d64       0x14 C:/ncs/v1.9.0/nrfxlib/crypto/nrf_cc310_platform/lib/cortex-m33/soft-float/no-interrupts/libnrf_cc310_platform_0.9.13.a(cc_pal_mutex.c.obj)
                0x0000000000012d64                CC_PalMutexDestroy
 .text.CC_PalMutexLock
                0x0000000000012d78       0x10 C:/ncs/v1.9.0/nrfxlib/crypto/nrf_cc310_platform/lib/cortex-m33/soft-float/no-interrupts/libnrf_cc310_platform_0.9.13.a(cc_pal_mutex.c.obj)
                0x0000000000012d78                CC_PalMutexLock
 .text.CC_PalMutexUnlock
                0x0000000000012d88       0x14 C:/ncs/v1.9.0/nrfxlib/crypto/nrf_cc310_platform/lib/cortex-m33/soft-float/no-interrupts/libnrf_cc310_platform_0.9.13.a(cc_pal_mutex.c.obj)
                0x0000000000012d88                CC_PalMutexUnlock
 .text.CC_PalPowerSaveModeInit
                0x0000000000012d9c       0x3c C:/ncs/v1.9.0/nrfxlib/crypto/nrf_cc310_platform/lib/cortex-m33/soft-float/no-interrupts/libnrf_cc310_platform_0.9.13.a(cc_pal_pm.c.obj)
                0x0000000000012d9c                CC_PalPowerSaveModeInit
 .text.CC_PalPowerSaveModeSelect
                0x0000000000012dd8       0x84 C:/ncs/v1.9.0/nrfxlib/crypto/nrf_cc310_platform/lib/cortex-m33/soft-float/no-interrupts/libnrf_cc310_platform_0.9.13.a(cc_pal_pm.c.obj)
                0x0000000000012dd8                CC_PalPowerSaveModeSelect
 .text.mutex_init
                0x0000000000012e5c        0xc C:/ncs/v1.9.0/nrfxlib/crypto/nrf_cc310_platform/lib/cortex-m33/soft-float/no-interrupts/libnrf_cc310_platform_0.9.13.a(threading_alt.c.obj)
                0x0000000000012e5c                mutex_init
 .text.mutex_lock
                0x0000000000012e68        0xc C:/ncs/v1.9.0/nrfxlib/crypto/nrf_cc310_platform/lib/cortex-m33/soft-float/no-interrupts/libnrf_cc310_platform_0.9.13.a(threading_alt.c.obj)
                0x0000000000012e68                mutex_lock
 .text.mutex_unlock
                0x0000000000012e74        0xc C:/ncs/v1.9.0/nrfxlib/crypto/nrf_cc310_platform/lib/cortex-m33/soft-float/no-interrupts/libnrf_cc310_platform_0.9.13.a(threading_alt.c.obj)
                0x0000000000012e74                mutex_unlock
 .text.startTrngHW
                0x0000000000012e80      0x158 C:/ncs/v1.9.0/nrfxlib/crypto/nrf_cc310_platform/lib/cortex-m33/soft-float/no-interrupts/libnrf_cc310_platform_0.9.13.a(llf_rnd_trng90b.c.obj)
 .text.LLF_RND_RepetitionCounterTest.part.0
                0x0000000000012fd8       0x58 C:/ncs/v1.9.0/nrfxlib/crypto/nrf_cc310_platform/lib/cortex-m33/soft-float/no-interrupts/libnrf_cc310_platform_0.9.13.a(llf_rnd_trng90b.c.obj)
 .text.LLF_RND_AdaptiveProportionTest
                0x0000000000013030       0xcc C:/ncs/v1.9.0/nrfxlib/crypto/nrf_cc310_platform/lib/cortex-m33/soft-float/no-interrupts/libnrf_cc310_platform_0.9.13.a(llf_rnd_trng90b.c.obj)
                0x0000000000013030                LLF_RND_AdaptiveProportionTest
 .text.getTrngSource
                0x00000000000130fc      0x2d8 C:/ncs/v1.9.0/nrfxlib/crypto/nrf_cc310_platform/lib/cortex-m33/soft-float/no-interrupts/libnrf_cc310_platform_0.9.13.a(llf_rnd_trng90b.c.obj)
 .text.LLF_RND_GetTrngSource
                0x00000000000133d4       0x18 C:/ncs/v1.9.0/nrfxlib/crypto/nrf_cc310_platform/lib/cortex-m33/soft-float/no-interrupts/libnrf_cc310_platform_0.9.13.a(llf_rnd_trng90b.c.obj)
                0x00000000000133d4                LLF_RND_GetTrngSource
 .text.LLF_RND_RunTrngStartupTest
                0x00000000000133ec       0x1c C:/ncs/v1.9.0/nrfxlib/crypto/nrf_cc310_platform/lib/cortex-m33/soft-float/no-interrupts/libnrf_cc310_platform_0.9.13.a(llf_rnd_trng90b.c.obj)
                0x00000000000133ec                LLF_RND_RunTrngStartupTest
 .text.mbedtls_hardware_poll
                0x0000000000013408      0x104 C:/ncs/v1.9.0/nrfxlib/crypto/nrf_cc310_platform/lib/cortex-m33/soft-float/no-interrupts/libnrf_cc310_platform_0.9.13.a(trng_api.c.obj)
                0x0000000000013408                mbedtls_hardware_poll
 .text.cc_mbedtls_aes_init
                0x000000000001350c       0x20 C:/ncs/v1.9.0/nrfxlib/crypto/nrf_cc310_platform/lib/cortex-m33/soft-float/no-interrupts/libnrf_cc310_platform_0.9.13.a(aes_alt.c.obj)
                0x000000000001350c                cc_mbedtls_aes_init
 .text.cc_mbedtls_aes_free
                0x000000000001352c        0xc C:/ncs/v1.9.0/nrfxlib/crypto/nrf_cc310_platform/lib/cortex-m33/soft-float/no-interrupts/libnrf_cc310_platform_0.9.13.a(aes_alt.c.obj)
                0x000000000001352c                cc_mbedtls_aes_free
 .text.cc_mbedtls_aes_setkey_enc
                0x0000000000013538       0x34 C:/ncs/v1.9.0/nrfxlib/crypto/nrf_cc310_platform/lib/cortex-m33/soft-float/no-interrupts/libnrf_cc310_platform_0.9.13.a(aes_alt.c.obj)
                0x0000000000013538                cc_mbedtls_aes_setkey_enc
 .text.cc_mbedtls_aes_crypt_ecb
                0x000000000001356c       0x54 C:/ncs/v1.9.0/nrfxlib/crypto/nrf_cc310_platform/lib/cortex-m33/soft-float/no-interrupts/libnrf_cc310_platform_0.9.13.a(aes_alt.c.obj)
                0x000000000001356c                cc_mbedtls_aes_crypt_ecb
 .text.cc_mbedtls_sha256_init
                0x00000000000135c0       0x28 C:/ncs/v1.9.0/nrfxlib/crypto/nrf_cc310_platform/lib/cortex-m33/soft-float/no-interrupts/libnrf_cc310_platform_0.9.13.a(sha256_alt.c.obj)
                0x00000000000135c0                cc_mbedtls_sha256_init
 .text.cc_mbedtls_sha256_free
                0x00000000000135e8        0xc C:/ncs/v1.9.0/nrfxlib/crypto/nrf_cc310_platform/lib/cortex-m33/soft-float/no-interrupts/libnrf_cc310_platform_0.9.13.a(sha256_alt.c.obj)
                0x00000000000135e8                cc_mbedtls_sha256_free
 .text.cc_mbedtls_sha256_starts
                0x00000000000135f4       0x28 C:/ncs/v1.9.0/nrfxlib/crypto/nrf_cc310_platform/lib/cortex-m33/soft-float/no-interrupts/libnrf_cc310_platform_0.9.13.a(sha256_alt.c.obj)
                0x00000000000135f4                cc_mbedtls_sha256_starts
 .text.cc_mbedtls_sha256_update
                0x000000000001361c       0x54 C:/ncs/v1.9.0/nrfxlib/crypto/nrf_cc310_platform/lib/cortex-m33/soft-float/no-interrupts/libnrf_cc310_platform_0.9.13.a(sha256_alt.c.obj)
                0x000000000001361c                cc_mbedtls_sha256_update
 .text.cc_mbedtls_sha256_finish
                0x0000000000013670       0x48 C:/ncs/v1.9.0/nrfxlib/crypto/nrf_cc310_platform/lib/cortex-m33/soft-float/no-interrupts/libnrf_cc310_platform_0.9.13.a(sha256_alt.c.obj)
                0x0000000000013670                cc_mbedtls_sha256_finish
 .text.mbedtls_sha_starts_internal
                0x00000000000136b8       0x28 C:/ncs/v1.9.0/nrfxlib/crypto/nrf_cc310_platform/lib/cortex-m33/soft-float/no-interrupts/libnrf_cc310_platform_0.9.13.a(mbedtls_hash_common.c.obj)
                0x00000000000136b8                mbedtls_sha_starts_internal
 .text.mbedtls_sha_finish_internal
                0x00000000000136e0       0x5c C:/ncs/v1.9.0/nrfxlib/crypto/nrf_cc310_platform/lib/cortex-m33/soft-float/no-interrupts/libnrf_cc310_platform_0.9.13.a(mbedtls_hash_common.c.obj)
                0x00000000000136e0                mbedtls_sha_finish_internal
 .text.mbedtls_sha_update_internal
                0x000000000001373c       0xe4 C:/ncs/v1.9.0/nrfxlib/crypto/nrf_cc310_platform/lib/cortex-m33/soft-float/no-interrupts/libnrf_cc310_platform_0.9.13.a(mbedtls_hash_common.c.obj)
                0x000000000001373c                mbedtls_sha_update_internal
 .text.cc_mbedtls_sha256
                0x0000000000013820       0x50 C:/ncs/v1.9.0/nrfxlib/crypto/nrf_cc310_platform/lib/cortex-m33/soft-float/no-interrupts/libnrf_cc310_platform_0.9.13.a(sha256.c.obj)
                0x0000000000013820                cc_mbedtls_sha256
 .text.RNG_PLAT_SetUserRngParameters
                0x0000000000013870       0x7c C:/ncs/v1.9.0/nrfxlib/crypto/nrf_cc310_platform/lib/cortex-m33/soft-float/no-interrupts/libnrf_cc310_platform_0.9.13.a(cc_rng_plat.c.obj)
                0x0000000000013870                RNG_PLAT_SetUserRngParameters
 .text.CC_PalMemCopyPlat
                0x00000000000138ec        0x4 C:/ncs/v1.9.0/nrfxlib/crypto/nrf_cc310_platform/lib/cortex-m33/soft-float/no-interrupts/libnrf_cc310_platform_0.9.13.a(cc_pal_mem.c.obj)
                0x00000000000138ec                CC_PalMemCopyPlat
 .text.CC_PalMemSetPlat
                0x00000000000138f0        0x4 C:/ncs/v1.9.0/nrfxlib/crypto/nrf_cc310_platform/lib/cortex-m33/soft-float/no-interrupts/libnrf_cc310_platform_0.9.13.a(cc_pal_mem.c.obj)
                0x00000000000138f0                CC_PalMemSetPlat
 .text.CC_PalMemSetZeroPlat
                0x00000000000138f4        0x8 C:/ncs/v1.9.0/nrfxlib/crypto/nrf_cc310_platform/lib/cortex-m33/soft-float/no-interrupts/libnrf_cc310_platform_0.9.13.a(cc_pal_mem.c.obj)
                0x00000000000138f4                CC_PalMemSetZeroPlat
 .text.CC_PalTrngParamGet
                0x00000000000138fc      0x110 C:/ncs/v1.9.0/nrfxlib/crypto/nrf_cc310_platform/lib/cortex-m33/soft-float/no-interrupts/libnrf_cc310_platform_0.9.13.a(cc_pal_trng.c.obj)
                0x00000000000138fc                CC_PalTrngParamGet
 .text.LLF_RND_WaitRngInterrupt
                0x0000000000013a0c       0x20 C:/ncs/v1.9.0/nrfxlib/crypto/nrf_cc310_platform/lib/cortex-m33/soft-float/no-interrupts/libnrf_cc310_platform_0.9.13.a(llf_rnd.c.obj)
                0x0000000000013a0c                LLF_RND_WaitRngInterrupt
 .text.LLF_RND_GetRoscSampleCnt
                0x0000000000013a2c       0x3c C:/ncs/v1.9.0/nrfxlib/crypto/nrf_cc310_platform/lib/cortex-m33/soft-float/no-interrupts/libnrf_cc310_platform_0.9.13.a(llf_rnd.c.obj)
                0x0000000000013a2c                LLF_RND_GetRoscSampleCnt
 .text.LLF_RND_GetFastestRosc
                0x0000000000013a68       0x20 C:/ncs/v1.9.0/nrfxlib/crypto/nrf_cc310_platform/lib/cortex-m33/soft-float/no-interrupts/libnrf_cc310_platform_0.9.13.a(llf_rnd.c.obj)
                0x0000000000013a68                LLF_RND_GetFastestRosc
 .text.LLF_RND_TurnOffTrng
                0x0000000000013a88       0x1c C:/ncs/v1.9.0/nrfxlib/crypto/nrf_cc310_platform/lib/cortex-m33/soft-float/no-interrupts/libnrf_cc310_platform_0.9.13.a(llf_rnd.c.obj)
                0x0000000000013a88                LLF_RND_TurnOffTrng
 .text.SetDataBuffersInfo
                0x0000000000013aa4       0x70 C:/ncs/v1.9.0/nrfxlib/crypto/nrf_cc310_platform/lib/cortex-m33/soft-float/no-interrupts/libnrf_cc310_platform_0.9.13.a(driver_common.c.obj)
                0x0000000000013aa4                SetDataBuffersInfo
 .text.InitHashDrv
                0x0000000000013b14       0x54 C:/ncs/v1.9.0/nrfxlib/crypto/nrf_cc310_platform/lib/cortex-m33/soft-float/no-interrupts/libnrf_cc310_platform_0.9.13.a(hash_driver.c.obj)
                0x0000000000013b14                InitHashDrv
 .text.ProcessHashDrv
                0x0000000000013b68      0x254 C:/ncs/v1.9.0/nrfxlib/crypto/nrf_cc310_platform/lib/cortex-m33/soft-float/no-interrupts/libnrf_cc310_platform_0.9.13.a(hash_driver.c.obj)
                0x0000000000013b68                ProcessHashDrv
 .text.FinishHashDrv
                0x0000000000013dbc       0x80 C:/ncs/v1.9.0/nrfxlib/crypto/nrf_cc310_platform/lib/cortex-m33/soft-float/no-interrupts/libnrf_cc310_platform_0.9.13.a(hash_driver.c.obj)
                0x0000000000013dbc                FinishHashDrv
 .text.LoadAesKey
                0x0000000000013e3c       0xe4 C:/ncs/v1.9.0/nrfxlib/crypto/nrf_cc310_platform/lib/cortex-m33/soft-float/no-interrupts/libnrf_cc310_platform_0.9.13.a(aes_driver.c.obj)
 .text.InitAes.part.0
                0x0000000000013f20       0xf8 C:/ncs/v1.9.0/nrfxlib/crypto/nrf_cc310_platform/lib/cortex-m33/soft-float/no-interrupts/libnrf_cc310_platform_0.9.13.a(aes_driver.c.obj)
 .text.ProcessAesDrv
                0x0000000000014018      0x3ac C:/ncs/v1.9.0/nrfxlib/crypto/nrf_cc310_platform/lib/cortex-m33/soft-float/no-interrupts/libnrf_cc310_platform_0.9.13.a(aes_driver.c.obj)
                0x0000000000014018                ProcessAesDrv
 .text.FinishAesDrv
                0x00000000000143c4      0x24c C:/ncs/v1.9.0/nrfxlib/crypto/nrf_cc310_platform/lib/cortex-m33/soft-float/no-interrupts/libnrf_cc310_platform_0.9.13.a(aes_driver.c.obj)
                0x00000000000143c4                FinishAesDrv
 .text.kmu_validate_slot_and_size
                0x0000000000014610       0x2c C:/ncs/v1.9.0/nrfxlib/crypto/nrf_cc310_platform/lib/cortex-m33/soft-float/no-interrupts/libnrf_cc310_platform_0.9.13.a(kmu_shared.c.obj)
                0x0000000000014610                kmu_validate_slot_and_size
 .text.kmu_validate_slot_and_size_no_kdr
                0x000000000001463c       0x88 C:/ncs/v1.9.0/nrfxlib/crypto/nrf_cc310_platform/lib/cortex-m33/soft-float/no-interrupts/libnrf_cc310_platform_0.9.13.a(kmu_shared.c.obj)
                0x000000000001463c                kmu_validate_slot_and_size_no_kdr
 .text.kmu_validate_kdr_slot_and_size
                0x00000000000146c4       0x48 C:/ncs/v1.9.0/nrfxlib/crypto/nrf_cc310_platform/lib/cortex-m33/soft-float/no-interrupts/libnrf_cc310_platform_0.9.13.a(kmu_shared.c.obj)
                0x00000000000146c4                kmu_validate_kdr_slot_and_size
 .text.kmu_use_kdr_key
                0x000000000001470c       0x18 C:/ncs/v1.9.0/nrfxlib/crypto/nrf_cc310_platform/lib/cortex-m33/soft-float/no-interrupts/libnrf_cc310_platform_0.9.13.a(kmu_shared.c.obj)
                0x000000000001470c                kmu_use_kdr_key
 .text.kmu_load_key_aes
                0x0000000000014724       0xe8 C:/ncs/v1.9.0/nrfxlib/crypto/nrf_cc310_platform/lib/cortex-m33/soft-float/no-interrupts/libnrf_cc310_platform_0.9.13.a(kmu_shared.c.obj)
                0x0000000000014724                kmu_load_key_aes
 .text.kmu_derive_cmac
                0x000000000001480c      0x14c C:/ncs/v1.9.0/nrfxlib/crypto/nrf_cc310_platform/lib/cortex-m33/soft-float/no-interrupts/libnrf_cc310_platform_0.9.13.a(kmu_shared.c.obj)
                0x000000000001480c                kmu_derive_cmac
 .text.UtilCmacBuildDataForDerivation
                0x0000000000014958       0xb8 C:/ncs/v1.9.0/nrfxlib/crypto/nrf_cc310_platform/lib/cortex-m33/soft-float/no-interrupts/libnrf_cc310_platform_0.9.13.a(cc_util_cmac.c.obj)
                0x0000000000014958                UtilCmacBuildDataForDerivation
 .text.CC_PalDataBufferAttrGet
                0x0000000000014a10        0x8 C:/ncs/v1.9.0/nrfxlib/crypto/nrf_cc310_platform/lib/cortex-m33/soft-float/no-interrupts/libnrf_cc310_platform_0.9.13.a(cc_pal_buff_attr.c.obj)
                0x0000000000014a10                CC_PalDataBufferAttrGet
 .text._OffsetAbsSyms
                0x0000000000014a18        0x2 zephyr/CMakeFiles/offsets.dir/./arch/arm/core/offsets/offsets.c.obj
                0x0000000000014a18                _OffsetAbsSyms
 .text.main     0x0000000000014a1a        0xe app/libapp.a(main.c.obj)
                0x0000000000014a1a                main
 .text.arch_printk_char_out
                0x0000000000014a28        0x4 zephyr/libzephyr.a(printk.c.obj)
                0x0000000000014a28                arch_printk_char_out
 .text.printk   0x0000000000014a2c       0x1a zephyr/libzephyr.a(printk.c.obj)
                0x0000000000014a2c                printk
 .text.onoff_manager_init
                0x0000000000014a46       0x26 zephyr/libzephyr.a(onoff.c.obj)
                0x0000000000014a46                onoff_manager_init
 .text.z_thread_entry
                0x0000000000014a6c       0x14 zephyr/libzephyr.a(thread_entry.c.obj)
                0x0000000000014a6c                z_thread_entry
 .text.encode_uint
                0x0000000000014a80       0x8c zephyr/libzephyr.a(cbprintf_complete.c.obj)
 .text.outs     0x0000000000014b0c       0x2e zephyr/libzephyr.a(cbprintf_complete.c.obj)
 .text.assert_post_action
                0x0000000000014b3a        0xe zephyr/libzephyr.a(assert.c.obj)
                0x0000000000014b3a                assert_post_action
 .text._ConfigAbsSyms
                0x0000000000014b48        0x2 zephyr/libzephyr.a(configs.c.obj)
                0x0000000000014b48                _ConfigAbsSyms
 .text.pm_power_state_exit_post_ops
                0x0000000000014b4a       0x16 zephyr/libzephyr.a(power.c.obj)
                0x0000000000014b4a                pm_power_state_exit_post_ops
 .text.z_log_minimal_printk
                0x0000000000014b60       0x1a zephyr/libzephyr.a(log_minimal.c.obj)
                0x0000000000014b60                z_log_minimal_printk
 .text.pm_policy_next_state
                0x0000000000014b7a        0xa zephyr/libzephyr.a(residency.c.obj)
                0x0000000000014b7a                pm_policy_next_state
 .text.adp536x_charger_current_set
                0x0000000000014b84        0xc zephyr/libzephyr.a(adp536x.c.obj)
                0x0000000000014b84                adp536x_charger_current_set
 .text.adp536x_vbus_current_set
                0x0000000000014b90        0xc zephyr/libzephyr.a(adp536x.c.obj)
                0x0000000000014b90                adp536x_vbus_current_set
 .text.adp536x_charging_enable
                0x0000000000014b9c        0xa zephyr/libzephyr.a(adp536x.c.obj)
                0x0000000000014b9c                adp536x_charging_enable
 .text.adp536x_oc_chg_current_set
                0x0000000000014ba6        0xe zephyr/libzephyr.a(adp536x.c.obj)
                0x0000000000014ba6                adp536x_oc_chg_current_set
 .text.adp536x_buck_1v8_set
                0x0000000000014bb4        0xa zephyr/libzephyr.a(adp536x.c.obj)
                0x0000000000014bb4                adp536x_buck_1v8_set
 .text.adp536x_buck_discharge_set
                0x0000000000014bbe        0xe zephyr/libzephyr.a(adp536x.c.obj)
                0x0000000000014bbe                adp536x_buck_discharge_set
 .text.adp536x_buckbst_3v3_set
                0x0000000000014bcc        0xa zephyr/libzephyr.a(adp536x.c.obj)
                0x0000000000014bcc                adp536x_buckbst_3v3_set
 .text.adp536x_buckbst_enable
                0x0000000000014bd6        0xa zephyr/libzephyr.a(adp536x.c.obj)
                0x0000000000014bd6                adp536x_buckbst_enable
 .text.spm_firmware_info_nse
                0x0000000000014be0       0x4c zephyr/libzephyr.a(secure_services.c.obj)
                0x0000000000014be0                __acle_se_spm_firmware_info_nse
 .text.abort_function
                0x0000000000014c2c        0x8 zephyr/libzephyr.a(nrf_cc3xx_platform_abort_zephyr.c.obj)
 .text.z_do_kernel_oops
                0x0000000000014c34        0x8 zephyr/arch/arch/arm/core/aarch32/libarch__arm__core__aarch32.a(fatal.c.obj)
                0x0000000000014c34                z_do_kernel_oops
 .text.z_irq_spurious
                0x0000000000014c3c        0x8 zephyr/arch/arch/arm/core/aarch32/libarch__arm__core__aarch32.a(irq_manage.c.obj)
                0x0000000000014c3c                z_irq_spurious
 .text.irq_target_state_set
                0x0000000000014c44       0x5c zephyr/arch/arch/arm/core/aarch32/libarch__arm__core__aarch32.a(irq_manage.c.obj)
                0x0000000000014c44                irq_target_state_set
 .text.z_arm_nmi
                0x0000000000014ca0        0xe zephyr/arch/arch/arm/core/aarch32/libarch__arm__core__aarch32.a(nmi.c.obj)
                0x0000000000014ca0                z_arm_nmi
 .text.configure_builtin_stack_guard
                0x0000000000014cae        0x8 zephyr/arch/arch/arm/core/aarch32/libarch__arm__core__aarch32.a(thread.c.obj)
                0x0000000000014cae                configure_builtin_stack_guard
 .text.arm_cmse_mpu_region_get
                0x0000000000014cb6       0x12 zephyr/arch/arch/arm/core/aarch32/cortex_m/cmse/libarch__arm__core__aarch32__cortex_m__cmse.a(arm_core_cmse.c.obj)
                0x0000000000014cb6                arm_cmse_mpu_region_get
 .text.arm_cmse_addr_is_secure
                0x0000000000014cc8        0xa zephyr/arch/arch/arm/core/aarch32/cortex_m/cmse/libarch__arm__core__aarch32__cortex_m__cmse.a(arm_core_cmse.c.obj)
                0x0000000000014cc8                arm_cmse_addr_is_secure
 .text.strlen   0x0000000000014cd2        0xe zephyr/lib/libc/minimal/liblib__libc__minimal.a(string.c.obj)
                0x0000000000014cd2                strlen
 .text.strnlen  0x0000000000014ce0       0x12 zephyr/lib/libc/minimal/liblib__libc__minimal.a(string.c.obj)
                0x0000000000014ce0                strnlen
 .text.strcmp   0x0000000000014cf2       0x18 zephyr/lib/libc/minimal/liblib__libc__minimal.a(string.c.obj)
                0x0000000000014cf2                strcmp
 .text.memcmp   0x0000000000014d0a       0x20 zephyr/lib/libc/minimal/liblib__libc__minimal.a(string.c.obj)
                0x0000000000014d0a                memcmp
 .text.memmove  0x0000000000014d2a       0x2e zephyr/lib/libc/minimal/liblib__libc__minimal.a(string.c.obj)
                0x0000000000014d2a                memmove
 .text.memcpy   0x0000000000014d58       0x16 zephyr/lib/libc/minimal/liblib__libc__minimal.a(string.c.obj)
                0x0000000000014d58                memcpy
 .text.memset   0x0000000000014d6e       0x12 zephyr/lib/libc/minimal/liblib__libc__minimal.a(string.c.obj)
                0x0000000000014d6e                memset
 .text._stdout_hook_default
                0x0000000000014d80        0x6 zephyr/lib/libc/minimal/liblib__libc__minimal.a(stdout_console.c.obj)
 .text.set_on_state
                0x0000000000014d86       0x26 zephyr/drivers/clock_control/libdrivers__clock_control.a(clock_control_nrf.c.obj)
 .text.async_start
                0x0000000000014dac       0x5c zephyr/drivers/clock_control/libdrivers__clock_control.a(clock_control_nrf.c.obj)
 .text.api_start
                0x0000000000014e08        0xe zephyr/drivers/clock_control/libdrivers__clock_control.a(clock_control_nrf.c.obj)
 .text.onoff_started_callback
                0x0000000000014e16        0xc zephyr/drivers/clock_control/libdrivers__clock_control.a(clock_control_nrf.c.obj)
 .text.lfclk_start
                0x0000000000014e22        0x6 zephyr/drivers/clock_control/libdrivers__clock_control.a(clock_control_nrf.c.obj)
 .text.lfclk_stop
                0x0000000000014e28        0x6 zephyr/drivers/clock_control/libdrivers__clock_control.a(clock_control_nrf.c.obj)
 .text.api_stop
                0x0000000000014e2e        0x6 zephyr/drivers/clock_control/libdrivers__clock_control.a(clock_control_nrf.c.obj)
 .text.blocking_start_callback
                0x0000000000014e34        0x6 zephyr/drivers/clock_control/libdrivers__clock_control.a(clock_control_nrf.c.obj)
 .text.uarte_nrfx_config_get
                0x0000000000014e3a       0x10 zephyr/drivers/serial/libdrivers__serial.a(uart_nrfx_uarte.c.obj)
 .text.uarte_nrfx_err_check
                0x0000000000014e4a        0xe zephyr/drivers/serial/libdrivers__serial.a(uart_nrfx_uarte.c.obj)
 .text.uarte_nrfx_poll_in
                0x0000000000014e58       0x26 zephyr/drivers/serial/libdrivers__serial.a(uart_nrfx_uarte.c.obj)
 .text.nrf_gpio_cfg_input
                0x0000000000014e7e       0x1a zephyr/drivers/serial/libdrivers__serial.a(uart_nrfx_uarte.c.obj)
 .text.is_tx_ready.isra.0
                0x0000000000014e98       0x20 zephyr/drivers/serial/libdrivers__serial.a(uart_nrfx_uarte.c.obj)
 .text.uarte_nrfx_isr_int
                0x0000000000014eb8       0x74 zephyr/drivers/serial/libdrivers__serial.a(uart_nrfx_uarte.c.obj)
 .text.uarte_instance_init.constprop.0
                0x0000000000014f2c      0x114 zephyr/drivers/serial/libdrivers__serial.a(uart_nrfx_uarte.c.obj)
 .text.uarte_1_init
                0x0000000000015040       0x1e zephyr/drivers/serial/libdrivers__serial.a(uart_nrfx_uarte.c.obj)
 .text.uarte_0_init
                0x000000000001505e       0x1e zephyr/drivers/serial/libdrivers__serial.a(uart_nrfx_uarte.c.obj)
 .text.entropy_cc3xx_rng_init
                0x000000000001507c       0x16 zephyr/drivers/entropy/libdrivers__entropy.a(entropy_cc310.c.obj)
 .text.sys_clock_disable
                0x0000000000015092        0xe zephyr/drivers/timer/libdrivers__timer.a(cortex_m_systick.c.obj)
                0x0000000000015092                sys_clock_disable
 .text.hw_cc3xx_init_internal
                0x00000000000150a0        0x4 modules/nrf/drivers/hw_cc310/lib..__nrf__drivers__hw_cc310.a(hw_cc310.c.obj)
 .text.hw_cc3xx_init
                0x00000000000150a4       0x12 modules/nrf/drivers/hw_cc310/lib..__nrf__drivers__hw_cc310.a(hw_cc310.c.obj)
 .text.nrf91_errata_14
                0x00000000000150b6       0x20 modules/hal_nordic/nrfx/libmodules__hal_nordic__nrfx.a(system_nrf9160.c.obj)
 .text.nrfx_isr
                0x00000000000150d6        0x2 modules/hal_nordic/nrfx/libmodules__hal_nordic__nrfx.a(nrfx_glue.c.obj)
                0x00000000000150d6                nrfx_isr
 .text.nrfx_busy_wait
                0x00000000000150d8        0x4 modules/hal_nordic/nrfx/libmodules__hal_nordic__nrfx.a(nrfx_glue.c.obj)
                0x00000000000150d8                nrfx_busy_wait
 .text.xfer_completeness_check
                0x00000000000150dc       0x60 modules/hal_nordic/nrfx/libmodules__hal_nordic__nrfx.a(nrfx_twim.c.obj)
 .text.nrf_gpio_pin_set
                0x000000000001513c       0x18 modules/hal_nordic/nrfx/libmodules__hal_nordic__nrfx.a(nrfx_twi_twim.c.obj)
 .text.z_device_state_init
                0x0000000000015154        0x2 zephyr/kernel/libkernel.a(device.c.obj)
                0x0000000000015154                z_device_state_init
 .text.z_device_ready
                0x0000000000015156       0x14 zephyr/kernel/libkernel.a(device.c.obj)
                0x0000000000015156                z_device_ready
 .text.k_mem_slab_init
                0x000000000001516a       0x38 zephyr/kernel/libkernel.a(mem_slab.c.obj)
                0x000000000001516a                k_mem_slab_init
 .text.k_is_in_isr
                0x00000000000151a2        0xc zephyr/kernel/libkernel.a(thread.c.obj)
                0x00000000000151a2                k_is_in_isr
 .text.k_thread_name_get
                0x00000000000151ae        0x4 zephyr/kernel/libkernel.a(thread.c.obj)
                0x00000000000151ae                k_thread_name_get
 .text.z_pm_save_idle_exit
                0x00000000000151b2        0xe zephyr/kernel/libkernel.a(idle.c.obj)
                0x00000000000151b2                z_pm_save_idle_exit
 .text.adjust_owner_prio.isra.0
                0x00000000000151c0       0x10 zephyr/kernel/libkernel.a(mutex.c.obj)
 .text.z_impl_k_mutex_init
                0x00000000000151d0        0xe zephyr/kernel/libkernel.a(mutex.c.obj)
                0x00000000000151d0                z_impl_k_mutex_init
 .text.z_reschedule_irqlock
                0x00000000000151de       0x18 zephyr/kernel/libkernel.a(sched.c.obj)
                0x00000000000151de                z_reschedule_irqlock
 .text.z_reschedule_unlocked
                0x00000000000151f6       0x14 zephyr/kernel/libkernel.a(sched.c.obj)
 .text.sys_clock_tick_get_32
                0x000000000001520a        0x8 zephyr/kernel/libkernel.a(timeout.c.obj)
                0x000000000001520a                sys_clock_tick_get_32
 .text.z_impl_k_busy_wait
                0x0000000000015212        0x8 zephyr/kernel/libkernel.a(timeout.c.obj)
                0x0000000000015212                z_impl_k_busy_wait
 *(SORT_BY_ALIGNMENT(.TEXT.*))
 *fill*         0x000000000001521a        0x2 
 .TEXT.z_arm_platform_init
                0x000000000001521c        0x4 zephyr/libzephyr.a(soc_nrf_common.S.obj)
                0x000000000001521c                z_arm_platform_init
 *(SORT_BY_ALIGNMENT(.gnu.linkonce.t.*))
 *(SORT_BY_ALIGNMENT(.glue_7t))
 .glue_7t       0x0000000000015220        0x0 linker stubs
 *(SORT_BY_ALIGNMENT(.glue_7))
 .glue_7        0x0000000000015220        0x0 linker stubs
 *(SORT_BY_ALIGNMENT(.vfp11_veneer))
 .vfp11_veneer  0x0000000000015220        0x0 linker stubs
 *(SORT_BY_ALIGNMENT(.v4_bx))
 .v4_bx         0x0000000000015220        0x0 linker stubs
                0x0000000000015220                __text_region_end = .

.ARM.exidx      0x0000000000015220        0x8
                0x0000000000015220                __exidx_start = .
 *(SORT_BY_ALIGNMENT(.ARM.exidx*) SORT_BY_ALIGNMENT(gnu.linkonce.armexidx.*))
 .ARM.exidx     0x0000000000015220        0x8 c:/ncs/toolchains/cf2149caf2/opt/zephyr-sdk/arm-zephyr-eabi/bin/../lib/gcc/arm-zephyr-eabi/12.2.0/thumb/v8-m.main/nofp\libgcc.a(_udivmoddi4.o)
                0x0000000000015228                __exidx_end = .
                0x0000000000015228                __rodata_region_start = .

initlevel       0x0000000000015228       0x68
                0x0000000000015228                __init_start = .
                0x0000000000015228                __init_PRE_KERNEL_1_start = .
 *(SORT_BY_NAME(SORT_BY_ALIGNMENT(.z_init_PRE_KERNEL_1[0-9]_*)))
 .z_init_PRE_KERNEL_10_
                0x0000000000015228        0x8 zephyr/libzephyr.a(soc.c.obj)
 *(SORT_BY_NAME(SORT_BY_ALIGNMENT(.z_init_PRE_KERNEL_1[1-9][0-9]_*)))
 .z_init_PRE_KERNEL_130_
                0x0000000000015230        0x8 zephyr/drivers/clock_control/libdrivers__clock_control.a(clock_control_nrf.c.obj)
 .z_init_PRE_KERNEL_130_
                0x0000000000015238        0x8 zephyr/kernel/libkernel.a(mem_slab.c.obj)
 .z_init_PRE_KERNEL_140_
                0x0000000000015240        0x8 modules/nrf/drivers/hw_cc310/lib..__nrf__drivers__hw_cc310.a(hw_cc310.c.obj)
 .z_init_PRE_KERNEL_150_
                0x0000000000015248        0x8 zephyr/drivers/entropy/libdrivers__entropy.a(entropy_cc310.c.obj)
 .z_init_PRE_KERNEL_155_
                0x0000000000015250       0x10 zephyr/drivers/serial/libdrivers__serial.a(uart_nrfx_uarte.c.obj)
 .z_init_PRE_KERNEL_160_
                0x0000000000015260        0x8 zephyr/drivers/console/libdrivers__console.a(uart_console.c.obj)
                0x0000000000015268                __init_PRE_KERNEL_2_start = .
 *(SORT_BY_NAME(SORT_BY_ALIGNMENT(.z_init_PRE_KERNEL_2[0-9]_*)))
 .z_init_PRE_KERNEL_20_
                0x0000000000015268        0x8 zephyr/drivers/timer/libdrivers__timer.a(cortex_m_systick.c.obj)
 *(SORT_BY_NAME(SORT_BY_ALIGNMENT(.z_init_PRE_KERNEL_2[1-9][0-9]_*)))
                0x0000000000015270                __init_POST_KERNEL_start = .
 *(SORT_BY_NAME(SORT_BY_ALIGNMENT(.z_init_POST_KERNEL[0-9]_*)))
 *(SORT_BY_NAME(SORT_BY_ALIGNMENT(.z_init_POST_KERNEL[1-9][0-9]_*)))
 .z_init_POST_KERNEL40_
                0x0000000000015270        0x8 modules/nrf/drivers/hw_cc310/lib..__nrf__drivers__hw_cc310.a(hw_cc310.c.obj)
 .z_init_POST_KERNEL60_
                0x0000000000015278        0x8 zephyr/drivers/i2c/libdrivers__i2c.a(i2c_nrfx_twim.c.obj)
 .z_init_POST_KERNEL90_
                0x0000000000015280        0x8 modules/nrf/subsys/fw_info/lib..__nrf__subsys__fw_info.a(fw_info.c.obj)
                0x0000000000015288                __init_APPLICATION_start = .
 *(SORT_BY_NAME(SORT_BY_ALIGNMENT(.z_init_APPLICATION[0-9]_*)))
 *(SORT_BY_NAME(SORT_BY_ALIGNMENT(.z_init_APPLICATION[1-9][0-9]_*)))
 .z_init_APPLICATION90_
                0x0000000000015288        0x8 zephyr/boards/boards/arm/thingy91_nrf9160/lib..__nrf__boards__arm__thingy91_nrf9160.a(board_secure.c.obj)
                0x0000000000015290                __init_SMP_start = .
 *(SORT_BY_NAME(SORT_BY_ALIGNMENT(.z_init_SMP[0-9]_*)))
 *(SORT_BY_NAME(SORT_BY_ALIGNMENT(.z_init_SMP[1-9][0-9]_*)))
                0x0000000000015290                __init_end = .

devices         0x0000000000015290       0x78
                0x0000000000015290                __device_start = .
                0x0000000000015290                __device_PRE_KERNEL_1_start = .
 *(SORT_BY_NAME(SORT_BY_ALIGNMENT(.z_device_PRE_KERNEL_1[0-9]_*)))
 *(SORT_BY_NAME(SORT_BY_ALIGNMENT(.z_device_PRE_KERNEL_1[1-9][0-9]_*)))
 .z_device_PRE_KERNEL_130_
                0x0000000000015290       0x18 zephyr/drivers/clock_control/libdrivers__clock_control.a(clock_control_nrf.c.obj)
                0x0000000000015290                __device_dts_ord_34
 .z_device_PRE_KERNEL_150_
                0x00000000000152a8       0x18 zephyr/drivers/entropy/libdrivers__entropy.a(entropy_cc310.c.obj)
                0x00000000000152a8                __device_dts_ord_31
 .z_device_PRE_KERNEL_155_
                0x00000000000152c0       0x30 zephyr/drivers/serial/libdrivers__serial.a(uart_nrfx_uarte.c.obj)
                0x00000000000152c0                __device_dts_ord_63
                0x00000000000152d8                __device_dts_ord_62
                0x00000000000152f0                __device_PRE_KERNEL_2_start = .
 *(SORT_BY_NAME(SORT_BY_ALIGNMENT(.z_device_PRE_KERNEL_2[0-9]_*)))
 *(SORT_BY_NAME(SORT_BY_ALIGNMENT(.z_device_PRE_KERNEL_2[1-9][0-9]_*)))
                0x00000000000152f0                __device_POST_KERNEL_start = .
 *(SORT_BY_NAME(SORT_BY_ALIGNMENT(.z_device_POST_KERNEL[0-9]_*)))
 *(SORT_BY_NAME(SORT_BY_ALIGNMENT(.z_device_POST_KERNEL[1-9][0-9]_*)))
 .z_device_POST_KERNEL60_
                0x00000000000152f0       0x18 zephyr/drivers/i2c/libdrivers__i2c.a(i2c_nrfx_twim.c.obj)
                0x00000000000152f0                __device_dts_ord_78
                0x0000000000015308                __device_APPLICATION_start = .
 *(SORT_BY_NAME(SORT_BY_ALIGNMENT(.z_device_APPLICATION[0-9]_*)))
 *(SORT_BY_NAME(SORT_BY_ALIGNMENT(.z_device_APPLICATION[1-9][0-9]_*)))
                0x0000000000015308                __device_SMP_start = .
 *(SORT_BY_NAME(SORT_BY_ALIGNMENT(.z_device_SMP[0-9]_*)))
 *(SORT_BY_NAME(SORT_BY_ALIGNMENT(.z_device_SMP[1-9][0-9]_*)))
                0x0000000000015308                __device_end = .

sw_isr_table    0x0000000000015308      0x208
                0x0000000000015308                . = ALIGN (0x0)
 *(SORT_BY_ALIGNMENT(.gnu.linkonce.sw_isr_table*))
 .gnu.linkonce.sw_isr_table
                0x0000000000015308      0x208 zephyr/arch/common/libisr_tables.a(isr_tables.c.obj)
                0x0000000000015308                _sw_isr_table

initlevel_error
                0x0000000000015228        0x0
 *(SORT_BY_NAME(SORT_BY_ALIGNMENT(.z_init_[_A-Z0-9]*)))
                0x0000000000000001                ASSERT ((SIZEOF (initlevel_error) == 0x0), Undefined initialization levels used.)

app_shmem_regions
                0x0000000000015510        0x0
                0x0000000000015510                __app_shmem_regions_start = .
 *(SORT_BY_NAME(SORT_BY_ALIGNMENT(.app_regions.*)))
                0x0000000000015510                __app_shmem_regions_end = .

bt_l2cap_fixed_chan_area
                0x0000000000015510        0x0
                0x0000000000015510                _bt_l2cap_fixed_chan_list_start = .
 *(SORT_BY_NAME(SORT_BY_ALIGNMENT(._bt_l2cap_fixed_chan.static.*)))
                0x0000000000015510                _bt_l2cap_fixed_chan_list_end = .

bt_gatt_service_static_area
                0x0000000000015510        0x0
                0x0000000000015510                _bt_gatt_service_static_list_start = .
 *(SORT_BY_NAME(SORT_BY_ALIGNMENT(._bt_gatt_service_static.static.*)))
                0x0000000000015510                _bt_gatt_service_static_list_end = .

k_p4wq_initparam_area
                0x0000000000015510        0x0
                0x0000000000015510                _k_p4wq_initparam_list_start = .
 *(SORT_BY_NAME(SORT_BY_ALIGNMENT(._k_p4wq_initparam.static.*)))
                0x0000000000015510                _k_p4wq_initparam_list_end = .

log_strings_sections
                0x0000000000015510        0x0
                0x0000000000015510                __log_strings_start = .
 *(SORT_BY_NAME(SORT_BY_ALIGNMENT(.log_strings*)))
                0x0000000000015510                __log_strings_end = .

log_const_sections
                0x0000000000015510       0x50
                0x0000000000015510                __log_const_start = .
 *(SORT_BY_NAME(SORT_BY_ALIGNMENT(.log_const_*)))
 .log_const_board_secure
                0x0000000000015510        0x8 zephyr/boards/boards/arm/thingy91_nrf9160/lib..__nrf__boards__arm__thingy91_nrf9160.a(board_secure.c.obj)
                0x0000000000015510                log_const_board_secure
 .log_const_clock_control
                0x0000000000015518        0x8 zephyr/drivers/clock_control/libdrivers__clock_control.a(clock_control_nrf.c.obj)
                0x0000000000015518                log_const_clock_control
 .log_const_fatal_error
                0x0000000000015520        0x8 modules/nrf/lib/fatal_error/lib..__nrf__lib__fatal_error.a(fatal_error.c.obj)
                0x0000000000015520                log_const_fatal_error
 .log_const_i2c
                0x0000000000015528        0x8 zephyr/drivers/i2c/libdrivers__i2c.a(i2c_common.c.obj)
                0x0000000000015528                log_const_i2c
 .log_const_i2c_nrfx_twim
                0x0000000000015530        0x8 zephyr/drivers/i2c/libdrivers__i2c.a(i2c_nrfx_twim.c.obj)
                0x0000000000015530                log_const_i2c_nrfx_twim
 .log_const_mpu
                0x0000000000015538        0x8 zephyr/arch/arch/arm/core/aarch32/mpu/libarch__arm__core__aarch32__mpu.a(arm_core_mpu.c.obj)
                0x0000000000015538                log_const_mpu
 .log_const_os  0x0000000000015540        0x8 zephyr/kernel/libkernel.a(init.c.obj)
                0x0000000000015540                log_const_os
 .log_const_pm  0x0000000000015548        0x8 zephyr/libzephyr.a(pm.c.obj)
                0x0000000000015548                log_const_pm
 .log_const_soc
                0x0000000000015550        0x8 zephyr/libzephyr.a(soc.c.obj)
                0x0000000000015550                log_const_soc
 .log_const_uart_nrfx_uarte
                0x0000000000015558        0x8 zephyr/drivers/serial/libdrivers__serial.a(uart_nrfx_uarte.c.obj)
                0x0000000000015558                log_const_uart_nrfx_uarte
                0x0000000000015560                __log_const_end = .

log_backends_sections
                0x0000000000015560        0x0
                0x0000000000015560                __log_backends_start = .
 *(SORT_BY_ALIGNMENT(._log_backend.*))
                0x0000000000015560                __log_backends_end = .

shell_area      0x0000000000015560        0x0
                0x0000000000015560                _shell_list_start = .
 *(SORT_BY_NAME(SORT_BY_ALIGNMENT(._shell.static.*)))
                0x0000000000015560                _shell_list_end = .

shell_root_cmds_sections
                0x0000000000015560        0x0
                0x0000000000015560                __shell_root_cmds_start = .
 *(SORT_BY_NAME(SORT_BY_ALIGNMENT(.shell_root_cmd_*)))
                0x0000000000015560                __shell_root_cmds_end = .

font_entry_sections
                0x0000000000015560        0x0
                0x0000000000015560                __font_entry_start = .
 *(SORT_BY_NAME(SORT_BY_ALIGNMENT(._cfb_font.*)))
                0x0000000000015560                __font_entry_end = .

tracing_backend_area
                0x0000000000015560        0x0
                0x0000000000015560                _tracing_backend_list_start = .
 *(SORT_BY_NAME(SORT_BY_ALIGNMENT(._tracing_backend.static.*)))
                0x0000000000015560                _tracing_backend_list_end = .

zephyr_dbg_info
 *(SORT_BY_ALIGNMENT(.dbg_thread_info))

device_handles  0x0000000000015560       0x1e
                0x0000000000015560                __device_handles_start = .
 *(SORT_BY_NAME(SORT_BY_ALIGNMENT(.__device_handles_pass2*)))
 .__device_handles_pass2
                0x0000000000015560       0x1e zephyr/CMakeFiles/zephyr_pre1.dir/dev_handles.c.obj
                0x0000000000015560                __devicehdl_DT_N_S_soc_S_peripheral_50000000_S_i2c_a000
                0x0000000000015566                __devicehdl_DT_N_S_soc_S_peripheral_50000000_S_uart_8000
                0x000000000001556c                __devicehdl_DT_N_S_soc_S_peripheral_50000000_S_uart_9000
                0x0000000000015572                __devicehdl_DT_N_S_soc_S_crypto_50840000
                0x0000000000015578                __devicehdl_DT_N_S_soc_S_peripheral_50000000_S_clock_5000
                0x000000000001557e                __device_handles_end = .

rodata          0x0000000000015580     0x1684
 *(SORT_BY_ALIGNMENT(.rodata))
 .rodata        0x0000000000015580        0xc zephyr/libzephyr.a(secure_services.c.obj)
 .rodata        0x000000000001558c       0x18 modules/nrf/subsys/fw_info/lib..__nrf__subsys__fw_info.a(fw_info.c.obj)
 *(SORT_BY_ALIGNMENT(.rodata.*))
 *fill*         0x00000000000155a4        0xc 
 .rodata.delay_machine_code.0
                0x00000000000155b0        0x6 zephyr/libzephyr.a(soc.c.obj)
 *fill*         0x00000000000155b6        0x2 
 .rodata.periph.0
                0x00000000000155b8      0x100 zephyr/libzephyr.a(spm.c.obj)
 .rodata.fw_info_allowed_offsets
                0x00000000000156b8       0x14 zephyr/libzephyr.a(secure_services.c.obj)
 .rodata.apis   0x00000000000156cc        0x8 zephyr/libzephyr.a(nrf_cc3xx_platform_abort_zephyr.c.obj)
 .rodata.mutexes
                0x00000000000156d4       0x14 zephyr/libzephyr.a(nrf_cc3xx_platform_mutex_zephyr.c.obj)
 .rodata.mutex_apis
                0x00000000000156e8       0x10 zephyr/libzephyr.a(nrf_cc3xx_platform_mutex_zephyr.c.obj)
 .rodata.static_regions
                0x00000000000156f8        0xc zephyr/arch/arch/arm/core/aarch32/mpu/libarch__arm__core__aarch32__mpu.a(arm_core_mpu.c.obj)
 .rodata.mpu_config
                0x0000000000015704        0x8 zephyr/soc/arm/common/cortex_m/libsoc__arm__common__cortex_m.a(arm_mpu_regions.c.obj)
                0x0000000000015704                mpu_config
 .rodata.mpu_regions
                0x000000000001570c       0x20 zephyr/soc/arm/common/cortex_m/libsoc__arm__common__cortex_m.a(arm_mpu_regions.c.obj)
 .rodata.transitions.0
                0x000000000001572c        0xc zephyr/drivers/clock_control/libdrivers__clock_control.a(clock_control_nrf.c.obj)
 .rodata.config
                0x0000000000015738       0x18 zephyr/drivers/clock_control/libdrivers__clock_control.a(clock_control_nrf.c.obj)
 .rodata.clock_control_api
                0x0000000000015750       0x18 zephyr/drivers/clock_control/libdrivers__clock_control.a(clock_control_nrf.c.obj)
 .rodata.twim_2z_config
                0x0000000000015768       0x1c zephyr/drivers/i2c/libdrivers__i2c.a(i2c_nrfx_twim.c.obj)
 .rodata.i2c_nrfx_twim_driver_api
                0x0000000000015784       0x18 zephyr/drivers/i2c/libdrivers__i2c.a(i2c_nrfx_twim.c.obj)
 .rodata.uarte_1z_config
                0x000000000001579c       0x20 zephyr/drivers/serial/libdrivers__serial.a(uart_nrfx_uarte.c.obj)
 .rodata.uarte_0z_config
                0x00000000000157bc       0x20 zephyr/drivers/serial/libdrivers__serial.a(uart_nrfx_uarte.c.obj)
 .rodata.uart_nrfx_uarte_driver_api
                0x00000000000157dc       0x14 zephyr/drivers/serial/libdrivers__serial.a(uart_nrfx_uarte.c.obj)
 .rodata.entropy_cc3xx_rng_api
                0x00000000000157f0        0x8 zephyr/drivers/entropy/libdrivers__entropy.a(entropy_cc310.c.obj)
 .rodata.levels.0
                0x00000000000157f8       0x14 zephyr/kernel/libkernel.a(device.c.obj)
 .rodata._k_neg_eagain
                0x000000000001580c        0x4 zephyr/kernel/libkernel.a(errno.c.obj)
                0x000000000001580c                _k_neg_eagain
 .rodata.CSWTCH.273
                0x0000000000015810       0x14 zephyr/kernel/libkernel.a(fatal.c.obj)
 .rodata.CSWTCH.8
                0x0000000000015824       0x1c C:/ncs/v1.9.0/nrfxlib/crypto/nrf_cc310_platform/lib/cortex-m33/soft-float/no-interrupts/libnrf_cc310_platform_0.9.13.a(nrf_cc3xx_platform.c.obj)
 .rodata.mutex_free.str1.4
                0x0000000000015840       0x26 C:/ncs/v1.9.0/nrfxlib/crypto/nrf_cc310_platform/lib/cortex-m33/soft-float/no-interrupts/libnrf_cc310_platform_0.9.13.a(nrf_cc3xx_platform_mutex.c.obj)
 *fill*         0x0000000000015866        0x2 
 .rodata.mutex_init.str1.4
                0x0000000000015868       0x23 C:/ncs/v1.9.0/nrfxlib/crypto/nrf_cc310_platform/lib/cortex-m33/soft-float/no-interrupts/libnrf_cc310_platform_0.9.13.a(nrf_cc3xx_platform_mutex.c.obj)
 *fill*         0x000000000001588b        0x1 
 .rodata.RndStartupTest.constprop.0.str1.4
                0x000000000001588c       0x6f C:/ncs/v1.9.0/nrfxlib/crypto/nrf_cc310_platform/lib/cortex-m33/soft-float/no-interrupts/libnrf_cc310_platform_0.9.13.a(cc_lib.c.obj)
 *fill*         0x00000000000158fb        0x1 
 .rodata.CC_PalPowerSaveModeInit.str1.4
                0x00000000000158fc       0x20 C:/ncs/v1.9.0/nrfxlib/crypto/nrf_cc310_platform/lib/cortex-m33/soft-float/no-interrupts/libnrf_cc310_platform_0.9.13.a(cc_pal_pm.c.obj)
 .rodata.mbedtls_hardware_poll.str1.4
                0x000000000001591c       0x16 C:/ncs/v1.9.0/nrfxlib/crypto/nrf_cc310_platform/lib/cortex-m33/soft-float/no-interrupts/libnrf_cc310_platform_0.9.13.a(trng_api.c.obj)
                                         0x6e (size before relaxing)
 *fill*         0x0000000000015932        0x2 
 .rodata.cc_mbedtls_aes_init.str1.4
                0x0000000000015934       0x13 C:/ncs/v1.9.0/nrfxlib/crypto/nrf_cc310_platform/lib/cortex-m33/soft-float/no-interrupts/libnrf_cc310_platform_0.9.13.a(aes_alt.c.obj)
 *fill*         0x0000000000015947        0x1 
 .rodata.cc_mbedtls_sha256_init.str1.4
                0x0000000000015948        0xe C:/ncs/v1.9.0/nrfxlib/crypto/nrf_cc310_platform/lib/cortex-m33/soft-float/no-interrupts/libnrf_cc310_platform_0.9.13.a(sha256_alt.c.obj)
 .rodata.ProcessHashDrv.str1.4
                0x0000000000015956       0x6f C:/ncs/v1.9.0/nrfxlib/crypto/nrf_cc310_platform/lib/cortex-m33/soft-float/no-interrupts/libnrf_cc310_platform_0.9.13.a(hash_driver.c.obj)
 *fill*         0x0000000000015956        0x2 
 .rodata.HASH_LARVAL_SHA1
                0x0000000000015958       0x14 C:/ncs/v1.9.0/nrfxlib/crypto/nrf_cc310_platform/lib/cortex-m33/soft-float/no-interrupts/libnrf_cc310_platform_0.9.13.a(hash_driver.c.obj)
 .rodata.HASH_LARVAL_SHA224
                0x000000000001596c       0x20 C:/ncs/v1.9.0/nrfxlib/crypto/nrf_cc310_platform/lib/cortex-m33/soft-float/no-interrupts/libnrf_cc310_platform_0.9.13.a(hash_driver.c.obj)
 .rodata.HASH_LARVAL_SHA256
                0x000000000001598c       0x20 C:/ncs/v1.9.0/nrfxlib/crypto/nrf_cc310_platform/lib/cortex-m33/soft-float/no-interrupts/libnrf_cc310_platform_0.9.13.a(hash_driver.c.obj)
 .rodata.ProcessAesDrv.str1.4
                0x00000000000159ac       0x6f C:/ncs/v1.9.0/nrfxlib/crypto/nrf_cc310_platform/lib/cortex-m33/soft-float/no-interrupts/libnrf_cc310_platform_0.9.13.a(aes_driver.c.obj)
 .rodata.cbvprintf.str1.1
                0x00000000000159ac        0x6 zephyr/libzephyr.a(cbprintf_complete.c.obj)
 .rodata.sys_reboot.str1.1
                0x00000000000159b2       0x29 zephyr/libzephyr.a(reboot.c.obj)
 .rodata.str1.1
                0x00000000000159db        0x4 zephyr/libzephyr.a(soc.c.obj)
 .rodata.pm_state_notify.str1.1
                0x00000000000159df       0x3e zephyr/libzephyr.a(pm.c.obj)
 .rodata.str1.1
                0x0000000000015a1d        0x3 zephyr/libzephyr.a(pm.c.obj)
 .rodata.config_regions.str1.1
                0x0000000000015a20       0x53 zephyr/libzephyr.a(spm.c.obj)
                                         0x70 (size before relaxing)
 .rodata.spm_jump.str1.1
                0x0000000000015a73       0x75 zephyr/libzephyr.a(spm.c.obj)
 .rodata.spm_config.str1.1
                0x0000000000015ae8      0x136 zephyr/libzephyr.a(spm.c.obj)
                                        0x13e (size before relaxing)
 .rodata.str1.1
                0x0000000000015c1e      0x130 zephyr/libzephyr.a(spm.c.obj)
 .rodata.mutex_free_platform.str1.1
                0x0000000000015d4e       0x26 zephyr/libzephyr.a(nrf_cc3xx_platform_mutex_zephyr.c.obj)
 .rodata.mutex_init_platform.str1.1
                0x0000000000015d74       0x2d zephyr/libzephyr.a(nrf_cc3xx_platform_mutex_zephyr.c.obj)
 .rodata.z_arm_fatal_error.str1.1
                0x0000000000015da1       0xaf zephyr/arch/arch/arm/core/aarch32/libarch__arm__core__aarch32.a(fatal.c.obj)
 .rodata.z_arm_irq_priority_set.str1.1
                0x0000000000015e50       0x36 zephyr/arch/arch/arm/core/aarch32/libarch__arm__core__aarch32.a(irq_manage.c.obj)
                                         0x4e (size before relaxing)
 .rodata.secure_fault.constprop.0.str1.1
                0x0000000000015e86      0x104 zephyr/arch/arch/arm/core/aarch32/cortex_m/libarch__arm__core__aarch32__cortex_m.a(fault.c.obj)
 .rodata.usage_fault.constprop.0.str1.1
                0x0000000000015f8a      0x11f zephyr/arch/arch/arm/core/aarch32/cortex_m/libarch__arm__core__aarch32__cortex_m.a(fault.c.obj)